stm32l5xx_ll_rcc.h:2183:22:LL_RCC_SetAHBPrescaler	0	static
stm32l5xx_ll_utils.c:672:17:UTILS_GetPLLOutputFrequency	0	static
stm32l5xx_ll_utils.c:703:20:UTILS_PLL_IsBusy	0	static
stm32l5xx_ll_utils.c:149:6:LL_Init1msTick	0	static
stm32l5xx_ll_utils.c:165:6:LL_mDelay	8	static
stm32l5xx_ll_utils.c:239:6:LL_SetSystemCoreClock	0	static
stm32l5xx_ll_utils.c:253:13:LL_SetFlashLatency	88	static
stm32l5xx_ll_utils.c:740:20:UTILS_EnablePLLAndSwitchSystem	24	static
stm32l5xx_ll_utils.c:370:13:LL_PLL_ConfigSystemClock_MSI	24	static
stm32l5xx_ll_utils.c:496:13:LL_PLL_ConfigSystemClock_HSI	24	static
stm32l5xx_ll_utils.c:577:13:LL_PLL_ConfigSystemClock_HSE	24	static
