lr1110_radio.c:137:17:lr1110_radio_reset_stats	24	static
lr1110_radio.c:147:17:lr1110_radio_get_gfsk_stats	32	static
lr1110_radio.c:169:17:lr1110_radio_get_lora_stats	32	static
lr1110_radio.c:192:17:lr1110_radio_get_pkt_type	24	static
lr1110_radio.c:203:17:lr1110_radio_get_rx_buffer_status	24	static
lr1110_radio.c:225:17:lr1110_radio_get_gfsk_pkt_status	24	static
lr1110_radio.c:253:17:lr1110_radio_get_lora_pkt_status	24	static
lr1110_radio.c:275:17:lr1110_radio_get_rssi_inst	24	static
lr1110_radio.c:295:17:lr1110_radio_set_gfsk_sync_word	32	static
lr1110_radio.c:310:17:lr1110_radio_set_lora_sync_word	24	static
lr1110_radio.c:323:17:lr1110_radio_set_rx	24	static
lr1110_radio.c:337:17:lr1110_radio_set_tx	24	static
lr1110_radio.c:351:17:lr1110_radio_set_rf_freq	24	static
lr1110_radio.c:366:17:lr1110_radio_auto_tx_rx	32	static
lr1110_radio.c:388:17:lr1110_radio_set_cad_params	32	static
lr1110_radio.c:407:17:lr1110_radio_set_pkt_type	24	static
lr1110_radio.c:419:17:lr1110_radio_set_gfsk_mod_params	32	static
lr1110_radio.c:444:17:lr1110_radio_set_lora_mod_params	24	static
lr1110_radio.c:461:17:lr1110_radio_set_gfsk_pkt_params	32	static
lr1110_radio.c:490:17:lr1110_radio_set_lora_pkt_params	24	static
lr1110_radio.c:513:17:lr1110_radio_set_tx_params	24	static
lr1110_radio.c:527:17:lr1110_radio_set_packet_address	24	static
lr1110_radio.c:541:17:lr1110_radio_set_rx_tx_fallback_mode	24	static
lr1110_radio.c:555:17:lr1110_radio_set_rx_duty_cycle	32	static
lr1110_radio.c:578:17:lr1110_radio_set_pa_cfg	24	static
lr1110_radio.c:594:17:lr1110_radio_stop_timeout_on_preamble	24	static
lr1110_radio.c:607:17:lr1110_radio_set_cad	24	static
lr1110_radio.c:617:17:lr1110_radio_set_tx_cw	24	static
lr1110_radio.c:627:17:lr1110_radio_set_tx_infinite_preamble	24	static
lr1110_radio.c:638:17:lr1110_radio_set_lora_sync_timeout	24	static
lr1110_radio.c:651:17:lr1110_radio_set_gfsk_crc_params	32	static
lr1110_radio.c:671:17:lr1110_radio_set_gfsk_whitening_seed	24	static
lr1110_radio.c:684:17:lr1110_radio_cfg_rx_boosted	24	static
lr1110_radio.c:696:17:lr1110_radio_get_gfsk_rx_bandwidth	0	static
lr1110_radio.c:790:10:lr1110_radio_get_lora_time_on_air_numerator	16	static
lr1110_radio.c:838:10:lr1110_radio_get_lora_bw_in_hz	0	static
lr1110_radio.c:876:10:lr1110_radio_get_lora_time_on_air_in_ms	16	static
lr1110_radio.c:885:10:lr1110_radio_get_gfsk_time_on_air_numerator	0	static
lr1110_radio.c:895:10:lr1110_radio_get_gfsk_time_on_air_in_ms	8	static
