lr1110_wifi.c:474:17:uint16_from_array	0	static
lr1110_wifi.c:479:17:uint64_from_array	16	static
lr1110_wifi.c:487:13:lr1110_wifi_read_mac_address_from_buffer	4	static
lr1110_wifi.c:496:16:lr1110_wifi_get_format_code	0	static
lr1110_wifi.c:515:16:lr1110_wifi_get_result_size_from_format	0	static
lr1110_wifi.c:585:13:interpret_basic_complete_result_from_buffer	32	static
lr1110_wifi.c:603:13:interpret_basic_mac_type_channel_result_from_buffer	24	static
lr1110_wifi.c:564:13:generic_results_interpreter	8	static
lr1110_wifi.c:461:28:lr1110_wifi_read_results_helper	48	static
lr1110_wifi.c:534:24:fetch_and_aggregate_all_results	48	static
lr1110_wifi.c:170:17:lr1110_wifi_scan	40	static
lr1110_wifi.c:191:17:lr1110_wifi_search_country_code	40	static
lr1110_wifi.c:209:17:lr1110_wifi_cfg_hardware_debarker	24	static
lr1110_wifi.c:220:17:lr1110_wifi_get_nb_results	24	static
lr1110_wifi.c:231:17:lr1110_wifi_read_basic_complete_results	752	static
lr1110_wifi.c:246:17:lr1110_wifi_read_basic_mac_type_channel_results	328	static
lr1110_wifi.c:262:17:lr1110_wifi_reset_cumulative_timing	24	static
lr1110_wifi.c:270:17:lr1110_wifi_read_cumulative_timing	40	static
lr1110_wifi.c:295:17:lr1110_wifi_get_nb_country_code_results	24	static
lr1110_wifi.c:313:17:lr1110_wifi_read_country_code_results	360	static
lr1110_wifi.c:350:17:lr1110_wifi_cfg_timestamp_ap_phone	24	static
lr1110_wifi.c:366:17:lr1110_wifi_read_version	24	static
lr1110_wifi.c:383:9:lr1110_wifi_n_results_max_per_chunk	0	static
lr1110_wifi.c:391:28:lr1110_wifi_channel_to_mask	0	static
lr1110_wifi.c:427:23:lr1110_extract_channel_from_info_byte	0	static
lr1110_wifi.c:419:6:lr1110_extract_channel_info	24	static
lr1110_wifi.c:432:6:lr1110_extract_frame_type_info	4	static
lr1110_wifi.c:450:34:lr1110_extract_signal_type_from_data_rate_info	0	static
lr1110_wifi.c:442:6:lr1110_extract_data_rate_info	16	static
