lr1110_gnss.c:628:10:lr1110_gnss_uint8_to_uint32	0	static
lr1110_gnss.c:324:17:lr1110_gnss_get_almanac_address_size	40	static
lr1110_gnss.c:159:17:lr1110_gnss_get_result_size	24	static
lr1110_gnss.c:177:17:lr1110_gnss_read_results	24	static
lr1110_gnss.c:186:17:lr1110_gnss_get_timings	40	static
lr1110_gnss.c:199:17:lr1110_gnss_one_satellite_almanac_update	24	static
lr1110_gnss.c:210:17:lr1110_gnss_almanac_full_update	40	static
lr1110_gnss.c:240:17:lr1110_gnss_read_almanac	224	static
lr1110_gnss.c:281:17:lr1110_gnss_get_almanac_age_for_satellite	32	static
lr1110_gnss.c:306:17:lr1110_gnss_get_almanac_crc	24	static
lr1110_gnss.c:343:17:lr1110_gnss_push_solver_msg	24	static
lr1110_gnss.c:352:17:lr1110_gnss_set_constellations_to_use	24	static
lr1110_gnss.c:365:17:lr1110_gnss_read_used_constellations	24	static
lr1110_gnss.c:377:17:lr1110_gnss_set_almanac_update	24	static
lr1110_gnss.c:390:17:lr1110_gnss_read_almanac_update	24	static
lr1110_gnss.c:402:17:lr1110_gnss_read_firmware_version	24	static
lr1110_gnss.c:419:17:lr1110_gnss_read_supported_constellations	24	static
lr1110_gnss.c:431:17:lr1110_gnss_set_scan_mode	24	static
lr1110_gnss.c:445:17:lr1110_gnss_scan_autonomous	40	static
lr1110_gnss.c:464:17:lr1110_gnss_scan_assisted	32	static
lr1110_gnss.c:484:17:lr1110_gnss_scan_continuous	24	static
lr1110_gnss.c:494:17:lr1110_gnss_set_assistance_position	24	static
lr1110_gnss.c:516:17:lr1110_gnss_read_assistance_position	24	static
lr1110_gnss.c:538:17:lr1110_gnss_set_xtal_error	24	static
lr1110_gnss.c:554:17:lr1110_gnss_read_xtal_error	24	static
lr1110_gnss.c:572:17:lr1110_gnss_push_dmc_msg	24	static
lr1110_gnss.c:583:17:lr1110_gnss_get_nb_detected_satellites	24	static
lr1110_gnss.c:594:17:lr1110_gnss_get_detected_satellites	104	static
