lr1110_system.c:127:17:lr1110_system_reset	8	static
lr1110_system.c:132:17:lr1110_system_get_status	24	static
lr1110_system.c:160:17:lr1110_system_get_irq_status	32	static
lr1110_system.c:181:17:lr1110_system_get_version	24	static
lr1110_system.c:203:17:lr1110_system_get_errors	24	static
lr1110_system.c:223:17:lr1110_system_clear_errors	24	static
lr1110_system.c:233:17:lr1110_system_calibrate	24	static
lr1110_system.c:245:17:lr1110_system_set_reg_mode	24	static
lr1110_system.c:257:17:lr1110_system_calibrate_image	24	static
lr1110_system.c:270:17:lr1110_system_set_dio_as_rf_switch	32	static
lr1110_system.c:291:17:lr1110_system_set_dio_irq_params	32	static
lr1110_system.c:312:17:lr1110_system_clear_irq_status	24	static
lr1110_system.c:327:17:lr1110_system_get_and_clear_irq_status	24	static
lr1110_system.c:344:17:lr1110_system_cfg_lfclk	24	static
lr1110_system.c:358:17:lr1110_system_set_tcxo_mode	24	static
lr1110_system.c:375:17:lr1110_system_reboot	24	static
lr1110_system.c:387:17:lr1110_system_get_vbat	24	static
lr1110_system.c:398:17:lr1110_system_get_temp	24	static
lr1110_system.c:418:17:lr1110_system_set_sleep	32	static
lr1110_system.c:436:17:lr1110_system_set_standby	24	static
lr1110_system.c:448:17:lr1110_system_set_fs	24	static
lr1110_system.c:458:17:lr1110_system_erase_infopage	24	static
lr1110_system.c:470:17:lr1110_system_write_infopage	296	static
lr1110_system.c:498:17:lr1110_system_read_infopage	32	static
lr1110_system.c:531:17:lr1110_system_read_uid	24	static
lr1110_system.c:541:17:lr1110_system_read_join_eui	24	static
lr1110_system.c:552:17:lr1110_system_read_pin	24	static
lr1110_system.c:563:17:lr1110_system_get_random_number	24	static
