stm32l5xx_hal_rcc_ex.c:2710:17:RCCEx_PLLSAI1_GetVCOFreq	0	static
stm32l5xx_hal_rcc_ex.c:2759:17:RCCEx_PLLSAI2_GetVCOFreq	0	static
stm32l5xx_hal_rcc_ex.c:2813:17:RCCEx_GetSAIxPeriphCLKFreq	8	static
stm32l5xx_hal_rcc_ex.c:2607:26:RCCEx_PLLSAI2_Config	16	static
stm32l5xx_hal_rcc_ex.c:2475:26:RCCEx_PLLSAI1_Config	16	static
stm32l5xx_hal_rcc_ex.c:2380:26:RCCEx_PLLSource_Enable	8	static
stm32l5xx_hal_rcc_ex.c:148:19:HAL_RCCEx_PeriphCLKConfig	32	static
stm32l5xx_hal_rcc_ex.c:683:6:HAL_RCCEx_GetPeriphCLKConfig	0	static
stm32l5xx_hal_rcc_ex.c:810:10:HAL_RCCEx_GetPeriphCLKFreq	8	static
stm32l5xx_hal_rcc_ex.c:1620:19:HAL_RCCEx_EnablePLLSAI1	16	static
stm32l5xx_hal_rcc_ex.c:1689:19:HAL_RCCEx_DisablePLLSAI1	8	static
stm32l5xx_hal_rcc_ex.c:1723:19:HAL_RCCEx_EnablePLLSAI2	16	static
stm32l5xx_hal_rcc_ex.c:1790:19:HAL_RCCEx_DisablePLLSAI2	8	static
stm32l5xx_hal_rcc_ex.c:1828:6:HAL_RCCEx_WakeUpStopCLKConfig	0	static
stm32l5xx_hal_rcc_ex.c:1846:6:HAL_RCCEx_StandbyMSIRangeConfig	0	static
stm32l5xx_hal_rcc_ex.c:1860:6:HAL_RCCEx_EnableLSECSS	0	static
stm32l5xx_hal_rcc_ex.c:1870:6:HAL_RCCEx_DisableLSECSS	0	static
stm32l5xx_hal_rcc_ex.c:1893:13:HAL_RCCEx_LSECSS_Callback	0	static
stm32l5xx_hal_rcc_ex.c:1879:6:HAL_RCCEx_LSECSS_IRQHandler	8	static
stm32l5xx_hal_rcc_ex.c:1908:6:HAL_RCCEx_EnableLSCO	48	static
stm32l5xx_hal_rcc_ex.c:1955:6:HAL_RCCEx_DisableLSCO	16	static
stm32l5xx_hal_rcc_ex.c:1993:6:HAL_RCCEx_EnableMSIPLLMode	0	static
stm32l5xx_hal_rcc_ex.c:2004:6:HAL_RCCEx_DisableMSIPLLMode	0	static
stm32l5xx_hal_rcc_ex.c:2084:6:HAL_RCCEx_CRSConfig	0	static
stm32l5xx_hal_rcc_ex.c:2126:6:HAL_RCCEx_CRSSoftwareSynchronizationGenerate	0	static
stm32l5xx_hal_rcc_ex.c:2136:6:HAL_RCCEx_CRSGetSynchronizationInfo	0	static
stm32l5xx_hal_rcc_ex.c:2169:10:HAL_RCCEx_CRSWaitSynchronization	16	static
stm32l5xx_hal_rcc_ex.c:2318:13:HAL_RCCEx_CRS_SyncOkCallback	0	static
stm32l5xx_hal_rcc_ex.c:2329:13:HAL_RCCEx_CRS_SyncWarnCallback	0	static
stm32l5xx_hal_rcc_ex.c:2340:13:HAL_RCCEx_CRS_ExpectedSyncCallback	0	static
stm32l5xx_hal_rcc_ex.c:2356:13:HAL_RCCEx_CRS_ErrorCallback	0	static
stm32l5xx_hal_rcc_ex.c:2253:6:HAL_RCCEx_CRS_IRQHandler	8	static
