stm32l5xx_hal_adc_ex.c:128:19:HAL_ADCEx_Calibration_Start	24	static
stm32l5xx_hal_adc_ex.c:202:10:HAL_ADCEx_Calibration_GetValue	0	static
stm32l5xx_hal_adc_ex.c:222:19:HAL_ADCEx_Calibration_SetValue	12	static
stm32l5xx_hal_adc_ex.c:279:19:HAL_ADCEx_InjectedStart	16	static
stm32l5xx_hal_adc_ex.c:428:19:HAL_ADCEx_InjectedStop	8	static
stm32l5xx_hal_adc_ex.c:483:19:HAL_ADCEx_InjectedPollForConversion	24	static
stm32l5xx_hal_adc_ex.c:620:19:HAL_ADCEx_InjectedStart_IT	16	static
stm32l5xx_hal_adc_ex.c:793:19:HAL_ADCEx_InjectedStop_IT	8	static
stm32l5xx_hal_adc_ex.c:860:19:HAL_ADCEx_MultiModeStart_DMA	168	static
stm32l5xx_hal_adc_ex.c:975:19:HAL_ADCEx_MultiModeStop_DMA	168	static
stm32l5xx_hal_adc_ex.c:1088:10:HAL_ADCEx_MultiModeGetValue	0	static
stm32l5xx_hal_adc_ex.c:1135:10:HAL_ADCEx_InjectedGetValue	0	static
stm32l5xx_hal_adc_ex.c:1170:13:HAL_ADCEx_InjectedConvCpltCallback	0	static
stm32l5xx_hal_adc_ex.c:1189:13:HAL_ADCEx_InjectedQueueOverflowCallback	0	static
stm32l5xx_hal_adc_ex.c:1204:13:HAL_ADCEx_LevelOutOfWindow2Callback	0	static
stm32l5xx_hal_adc_ex.c:1219:13:HAL_ADCEx_LevelOutOfWindow3Callback	0	static
stm32l5xx_hal_adc_ex.c:1235:13:HAL_ADCEx_EndOfSamplingCallback	0	static
stm32l5xx_hal_adc_ex.c:1252:19:HAL_ADCEx_RegularStop	8	static
stm32l5xx_hal_adc_ex.c:1310:19:HAL_ADCEx_RegularStop_IT	8	static
stm32l5xx_hal_adc_ex.c:1370:19:HAL_ADCEx_RegularStop_DMA	16	static
stm32l5xx_hal_adc_ex.c:1457:19:HAL_ADCEx_RegularMultiModeStop_DMA	168	static
stm32l5xx_hal_adc_ex.c:1631:19:HAL_ADCEx_InjectedConfigChannel	24	static,ignoring_inline_asm
stm32l5xx_hal_adc_ex.c:2082:19:HAL_ADCEx_MultiModeConfigChannel	160	static
stm32l5xx_hal_adc_ex.c:2195:19:HAL_ADCEx_EnableInjectedQueue	0	static
stm32l5xx_hal_adc_ex.c:2236:19:HAL_ADCEx_DisableInjectedQueue	0	static
stm32l5xx_hal_adc_ex.c:2273:19:HAL_ADCEx_DisableVoltageRegulator	0	static
stm32l5xx_hal_adc_ex.c:2310:19:HAL_ADCEx_EnterADCDeepPowerDownMode	0	static
