Archive member included to satisfy reference by file (symbol)

app/libapp.a(main.c.obj)      (--whole-archive)
zephyr/libzephyr.a(crc32_sw.c.obj)
                              (--whole-archive)
zephyr/libzephyr.a(crc16_sw.c.obj)
                              (--whole-archive)
zephyr/libzephyr.a(crc8_sw.c.obj)
                              (--whole-archive)
zephyr/libzephyr.a(crc7_sw.c.obj)
                              (--whole-archive)
zephyr/libzephyr.a(dec.c.obj)
                              (--whole-archive)
zephyr/libzephyr.a(fdtable.c.obj)
                              (--whole-archive)
zephyr/libzephyr.a(hex.c.obj)
                              (--whole-archive)
zephyr/libzephyr.a(mempool.c.obj)
                              (--whole-archive)
zephyr/libzephyr.a(notify.c.obj)
                              (--whole-archive)
zephyr/libzephyr.a(printk.c.obj)
                              (--whole-archive)
zephyr/libzephyr.a(onoff.c.obj)
                              (--whole-archive)
zephyr/libzephyr.a(rb.c.obj)  (--whole-archive)
zephyr/libzephyr.a(sem.c.obj)
                              (--whole-archive)
zephyr/libzephyr.a(thread_entry.c.obj)
                              (--whole-archive)
zephyr/libzephyr.a(timeutil.c.obj)
                              (--whole-archive)
zephyr/libzephyr.a(work_q.c.obj)
                              (--whole-archive)
zephyr/libzephyr.a(heap.c.obj)
                              (--whole-archive)
zephyr/libzephyr.a(heap-validate.c.obj)
                              (--whole-archive)
zephyr/libzephyr.a(configs.c.obj)
                              (--whole-archive)
zephyr/libzephyr.a(soc.c.obj)
                              (--whole-archive)
zephyr/libzephyr.a(stm32cube_hal.c.obj)
                              (--whole-archive)
zephyr/libzephyr.a(uart_console.c.obj)
                              (--whole-archive)
zephyr/libzephyr.a(intc_exti_stm32.c.obj)
                              (--whole-archive)
zephyr/libzephyr.a(clock_stm32_ll_common.c.obj)
                              (--whole-archive)
zephyr/libzephyr.a(clock_stm32f2_f4_f7.c.obj)
                              (--whole-archive)
zephyr/libzephyr.a(pinmux_stm32.c.obj)
                              (--whole-archive)
zephyr/libzephyr.a(sys_clock_init.c.obj)
                              (--whole-archive)
zephyr/libzephyr.a(cortex_m_systick.c.obj)
                              (--whole-archive)
zephyr/arch/common/libarch__common.a(isr_tables.c.obj)
                              (--whole-archive)
zephyr/arch/common/libarch__common.a(sw_isr_common.c.obj)
                              (--whole-archive)
zephyr/arch/arch/arm/core/aarch32/libarch__arm__core__aarch32.a(swap.c.obj)
                              (--whole-archive)
zephyr/arch/arch/arm/core/aarch32/libarch__arm__core__aarch32.a(swap_helper.S.obj)
                              (--whole-archive)
zephyr/arch/arch/arm/core/aarch32/libarch__arm__core__aarch32.a(irq_manage.c.obj)
                              (--whole-archive)
zephyr/arch/arch/arm/core/aarch32/libarch__arm__core__aarch32.a(thread.c.obj)
                              (--whole-archive)
zephyr/arch/arch/arm/core/aarch32/libarch__arm__core__aarch32.a(cpu_idle.S.obj)
                              (--whole-archive)
zephyr/arch/arch/arm/core/aarch32/libarch__arm__core__aarch32.a(fatal.c.obj)
                              (--whole-archive)
zephyr/arch/arch/arm/core/aarch32/libarch__arm__core__aarch32.a(nmi.c.obj)
                              (--whole-archive)
zephyr/arch/arch/arm/core/aarch32/libarch__arm__core__aarch32.a(nmi_on_reset.S.obj)
                              (--whole-archive)
zephyr/arch/arch/arm/core/aarch32/libarch__arm__core__aarch32.a(prep_c.c.obj)
                              (--whole-archive)
zephyr/arch/arch/arm/core/aarch32/libarch__arm__core__aarch32.a(isr_wrapper.S.obj)
                              (--whole-archive)
zephyr/arch/arch/arm/core/aarch32/cortex_m/libarch__arm__core__aarch32__cortex_m.a(vector_table.S.obj)
                              (--whole-archive)
zephyr/arch/arch/arm/core/aarch32/cortex_m/libarch__arm__core__aarch32__cortex_m.a(reset.S.obj)
                              (--whole-archive)
zephyr/arch/arch/arm/core/aarch32/cortex_m/libarch__arm__core__aarch32__cortex_m.a(fault_s.S.obj)
                              (--whole-archive)
zephyr/arch/arch/arm/core/aarch32/cortex_m/libarch__arm__core__aarch32__cortex_m.a(fault.c.obj)
                              (--whole-archive)
zephyr/arch/arch/arm/core/aarch32/cortex_m/libarch__arm__core__aarch32__cortex_m.a(exc_exit.S.obj)
                              (--whole-archive)
zephyr/arch/arch/arm/core/aarch32/cortex_m/libarch__arm__core__aarch32__cortex_m.a(scb.c.obj)
                              (--whole-archive)
zephyr/arch/arch/arm/core/aarch32/cortex_m/libarch__arm__core__aarch32__cortex_m.a(irq_init.c.obj)
                              (--whole-archive)
[...]
Memory Configuration

Name             Origin             Length             Attributes
FLASH            0x0000000008000000 0x0000000000100000 xr
CCM              0x0000000010000000 0x0000000000010000 rw
SRAM             0x0000000020000000 0x0000000000020000 xw
IDT_LIST         0x0000000020020000 0x0000000000000800 xw
*default*        0x0000000000000000 0xffffffffffffffff

Linker script and memory map

LOAD zephyr/CMakeFiles/zephyr_final.dir/misc/empty_file.c.obj
LOAD zephyr/CMakeFiles/zephyr_final.dir/isr_tables.c.obj
                0x0000000000000020                _region_min_align = 0x20

.rel.plt        0x0000000008000000        0x0
 *(SORT_BY_ALIGNMENT(.rel.plt))
                [!provide]                        PROVIDE (__rel_iplt_start = .)
 *(SORT_BY_ALIGNMENT(.rel.iplt))
 .rel.iplt      0x0000000008000000        0x0 zephyr/CMakeFiles/zephyr_final.dir/isr_tables.c.obj
                [!provide]                        PROVIDE (__rel_iplt_end = .)

.rela.plt       0x0000000000000000        0x0
 *(SORT_BY_ALIGNMENT(.rela.plt))
                [!provide]                        PROVIDE (__rela_iplt_start = .)
 *(SORT_BY_ALIGNMENT(.rela.iplt))
                [!provide]                        PROVIDE (__rela_iplt_end = .)

.rel.dyn
 *(SORT_BY_ALIGNMENT(.rel.*))

.rela.dyn
 *(SORT_BY_ALIGNMENT(.rela.*))

/DISCARD/
 *(SORT_BY_ALIGNMENT(.plt))
 *(SORT_BY_ALIGNMENT(.iplt))
 *(SORT_BY_ALIGNMENT(.got.plt))
 *(SORT_BY_ALIGNMENT(.igot.plt))
 *(SORT_BY_ALIGNMENT(.got))
 *(SORT_BY_ALIGNMENT(.igot))
 *(SORT_BY_ALIGNMENT(.irq_info))
 *(SORT_BY_ALIGNMENT(.intList))
 *(SORT_BY_ALIGNMENT(.note.GNU-stack))
                0x0000000008000000                _image_rom_start = 0x8000000

rom_start       0x0000000008000000      0x188
                0x0000000000000000                . = 0x0
                0x0000000000000000                . = ALIGN (0x4)
                0x0000000008000000                _vector_start = .
 *(SORT_BY_ALIGNMENT(.exc_vector_table))
 *(SORT_BY_ALIGNMENT(.exc_vector_table.*))
 .exc_vector_table._vector_table_section
                0x0000000008000000       0x40 zephyr/arch/arch/arm/core/aarch32/cortex_m/libarch__arm__core__aarch32__cortex_m.a(vector_table.S.obj)
                0x0000000008000000                _vector_table
 *(SORT_BY_ALIGNMENT(.gnu.linkonce.irq_vector_table))
 .gnu.linkonce.irq_vector_table
                0x0000000008000040      0x148 zephyr/CMakeFiles/zephyr_final.dir/isr_tables.c.obj
                0x0000000008000040                _irq_vector_table
 *(SORT_BY_ALIGNMENT(.vectors))
                0x0000000008000188                _vector_end = .
 *(SORT_BY_ALIGNMENT(.openocd_dbg))
 *(SORT_BY_ALIGNMENT(.openocd_dbg.*))

text            0x0000000008000188     0x30c4
                0x0000000008000188                _image_text_start = .
 *(SORT_BY_ALIGNMENT(.text))
 .text          0x0000000008000188       0x30 /home/jedsada-emertxe/zephyr-sdk-0.11.2/arm-zephyr-eabi/bin/../lib/gcc/arm-zephyr-eabi/9.2.0/thumb/v7e-m/nofp/libgcc.a(_aeabi_uldivmod.o)
                0x0000000008000188                __aeabi_uldivmod
 .text          0x00000000080001b8      0x2c4 /home/jedsada-emertxe/zephyr-sdk-0.11.2/arm-zephyr-eabi/bin/../lib/gcc/arm-zephyr-eabi/9.2.0/thumb/v7e-m/nofp/libgcc.a(_udivmoddi4.o)
                0x00000000080001b8                __udivmoddi4
 .text          0x000000000800047c        0x4 /home/jedsada-emertxe/zephyr-sdk-0.11.2/arm-zephyr-eabi/bin/../lib/gcc/arm-zephyr-eabi/9.2.0/thumb/v7e-m/nofp/libgcc.a(_dvmd_tls.o)
                0x000000000800047c                __aeabi_ldiv0
                0x000000000800047c                __aeabi_idiv0
 *(SORT_BY_ALIGNMENT(.text.*))
 .text.main     0x0000000008000480       0x64 app/libapp.a(main.c.obj)
                0x0000000008000480                main
 .text.char_out
                0x00000000080004e4       0x10 zephyr/libzephyr.a(printk.c.obj)
 .text._printk_dec_ulong
                0x00000000080004f4       0xa0 zephyr/libzephyr.a(printk.c.obj)
 .text.__printk_hook_install
                0x0000000008000594        0xc zephyr/libzephyr.a(printk.c.obj)
                0x0000000008000594                __printk_hook_install
 .text.z_vprintk
                0x00000000080005a0      0x328 zephyr/libzephyr.a(printk.c.obj)
                0x00000000080005a0                z_vprintk
 .text.vprintk  0x00000000080008c8       0x1c zephyr/libzephyr.a(printk.c.obj)
                0x00000000080008c8                vprintk
 .text.st_stm32f4_init
                0x00000000080008e4       0x2c zephyr/libzephyr.a(soc.c.obj)
 .text.uart_console_init
                0x0000000008000910       0x2c zephyr/libzephyr.a(uart_console.c.obj)
 .text.console_out
                0x000000000800093c       0x28 zephyr/libzephyr.a(uart_console.c.obj)
 .text.__stm32_exti_isr
                0x0000000008000964       0x40 zephyr/libzephyr.a(intc_exti_stm32.c.obj)
 .text.stm32_exti_enable
                0x00000000080009a4       0x1c zephyr/libzephyr.a(intc_exti_stm32.c.obj)
                0x00000000080009a4                stm32_exti_enable
 .text.stm32_exti_disable
                0x00000000080009c0       0x1c zephyr/libzephyr.a(intc_exti_stm32.c.obj)
                0x00000000080009c0                stm32_exti_disable
 .text.stm32_exti_trigger
                0x00000000080009dc       0x68 zephyr/libzephyr.a(intc_exti_stm32.c.obj)
                0x00000000080009dc                stm32_exti_trigger
 .text.stm32_exti_set_callback
                0x0000000008000a44       0x24 zephyr/libzephyr.a(intc_exti_stm32.c.obj)
                0x0000000008000a44                stm32_exti_set_callback
 .text.stm32_exti_unset_callback
                0x0000000008000a68       0x18 zephyr/libzephyr.a(intc_exti_stm32.c.obj)
                0x0000000008000a68                stm32_exti_unset_callback
 .text.stm32_clock_control_on
                0x0000000008000a80       0x70 zephyr/libzephyr.a(clock_stm32_ll_common.c.obj)
 .text.stm32_clock_control_off
                0x0000000008000af0       0x54 zephyr/libzephyr.a(clock_stm32_ll_common.c.obj)
 .text.stm32_clock_control_get_subsys_rate
                0x0000000008000b44       0x28 zephyr/libzephyr.a(clock_stm32_ll_common.c.obj)
 .text.stm32_clock_control_init
                0x0000000008000b6c       0x88 zephyr/libzephyr.a(clock_stm32_ll_common.c.obj)
 .text.config_enable_default_clocks
                0x0000000008000bf4       0x20 zephyr/libzephyr.a(clock_stm32f2_f4_f7.c.obj)
                0x0000000008000bf4                config_enable_default_clocks
 .text.z_pinmux_stm32_set
                0x0000000008000c14       0x5c zephyr/libzephyr.a(pinmux_stm32.c.obj)
                0x0000000008000c14                z_pinmux_stm32_set
 .text.stm32_setup_pins
                0x0000000008000c70       0x30 zephyr/libzephyr.a(pinmux_stm32.c.obj)
                0x0000000008000c70                stm32_setup_pins
 .text.elapsed  0x0000000008000ca0       0x3c zephyr/libzephyr.a(cortex_m_systick.c.obj)
 .text.z_clock_isr
                0x0000000008000cdc       0x44 zephyr/libzephyr.a(cortex_m_systick.c.obj)
                0x0000000008000cdc                z_clock_isr
 .text.z_clock_driver_init
                0x0000000008000d20       0x38 zephyr/libzephyr.a(cortex_m_systick.c.obj)
                0x0000000008000d20                z_clock_driver_init
 .text.z_clock_set_timeout
                0x0000000008000d58       0xc8 zephyr/libzephyr.a(cortex_m_systick.c.obj)
                0x0000000008000d58                z_clock_set_timeout
 .text.z_clock_elapsed
                0x0000000008000e20       0x3c zephyr/libzephyr.a(cortex_m_systick.c.obj)
                0x0000000008000e20                z_clock_elapsed
 .text.arch_swap
                0x0000000008000e5c       0x34 zephyr/arch/arch/arm/core/aarch32/libarch__arm__core__aarch32.a(swap.c.obj)
                0x0000000008000e5c                arch_swap
 .text.z_arm_pendsv
                0x0000000008000e90       0x48 zephyr/arch/arch/arm/core/aarch32/libarch__arm__core__aarch32.a(swap_helper.S.obj)
                0x0000000008000e90                z_arm_pendsv
 .text.z_arm_svc
                0x0000000008000ed8       0x20 zephyr/arch/arch/arm/core/aarch32/libarch__arm__core__aarch32.a(swap_helper.S.obj)
                0x0000000008000ed8                z_arm_svc
 .text.arch_irq_enable
                0x0000000008000ef8       0x20 zephyr/arch/arch/arm/core/aarch32/libarch__arm__core__aarch32.a(irq_manage.c.obj)
                0x0000000008000ef8                arch_irq_enable
 .text.z_arm_irq_priority_set
                0x0000000008000f18       0x30 zephyr/arch/arch/arm/core/aarch32/libarch__arm__core__aarch32.a(irq_manage.c.obj)
                0x0000000008000f18                z_arm_irq_priority_set
 .text.arch_new_thread
                0x0000000008000f48       0x34 zephyr/arch/arch/arm/core/aarch32/libarch__arm__core__aarch32.a(thread.c.obj)
                0x0000000008000f48                arch_new_thread
 .text.arch_switch_to_main_thread
                0x0000000008000f7c       0x38 zephyr/arch/arch/arm/core/aarch32/libarch__arm__core__aarch32.a(thread.c.obj)
                0x0000000008000f7c                arch_switch_to_main_thread
 .text.z_arm_cpu_idle_init
                0x0000000008000fb4        0xc zephyr/arch/arch/arm/core/aarch32/libarch__arm__core__aarch32.a(cpu_idle.S.obj)
                0x0000000008000fb4                z_arm_cpu_idle_init
 .text.arch_cpu_idle
                0x0000000008000fc0       0x1c zephyr/arch/arch/arm/core/aarch32/libarch__arm__core__aarch32.a(cpu_idle.S.obj)
                0x0000000008000fc0                arch_cpu_idle
 .text.z_SysNmiOnReset
                0x0000000008000fdc        0x8 zephyr/arch/arch/arm/core/aarch32/libarch__arm__core__aarch32.a(nmi_on_reset.S.obj)
                0x0000000008000fdc                z_SysNmiOnReset
 .text.z_arm_prep_c
                0x0000000008000fe4       0x44 zephyr/arch/arch/arm/core/aarch32/libarch__arm__core__aarch32.a(prep_c.c.obj)
                0x0000000008000fe4                z_arm_prep_c
 .text._isr_wrapper
                0x0000000008001028       0x28 zephyr/arch/arch/arm/core/aarch32/libarch__arm__core__aarch32.a(isr_wrapper.S.obj)
                0x0000000008001028                _isr_wrapper
 .text._reset_section
                0x0000000008001050       0x2c zephyr/arch/arch/arm/core/aarch32/cortex_m/libarch__arm__core__aarch32__cortex_m.a(reset.S.obj)
                0x0000000008001050                z_arm_reset
                0x0000000008001050                __start
 .text.__fault  0x000000000800107c       0x14 zephyr/arch/arch/arm/core/aarch32/cortex_m/libarch__arm__core__aarch32__cortex_m.a(fault_s.S.obj)
                0x000000000800107c                z_arm_bus_fault
                0x000000000800107c                z_arm_usage_fault
                0x000000000800107c                z_arm_mpu_fault
                0x000000000800107c                z_arm_exc_spurious
                0x000000000800107c                z_arm_debug_monitor
                0x000000000800107c                z_arm_hard_fault
 .text.mem_manage_fault.isra.0
                0x0000000008001090       0x38 zephyr/arch/arch/arm/core/aarch32/cortex_m/libarch__arm__core__aarch32__cortex_m.a(fault.c.obj)
 .text.bus_fault.isra.0
                0x00000000080010c8       0x3c zephyr/arch/arch/arm/core/aarch32/cortex_m/libarch__arm__core__aarch32__cortex_m.a(fault.c.obj)
 .text.usage_fault.isra.0
                0x0000000008001104       0x24 zephyr/arch/arch/arm/core/aarch32/cortex_m/libarch__arm__core__aarch32__cortex_m.a(fault.c.obj)
 .text.z_arm_fault
                0x0000000008001128       0xe8 zephyr/arch/arch/arm/core/aarch32/cortex_m/libarch__arm__core__aarch32__cortex_m.a(fault.c.obj)
                0x0000000008001128                z_arm_fault
 .text.z_arm_fault_init
                0x0000000008001210       0x10 zephyr/arch/arch/arm/core/aarch32/cortex_m/libarch__arm__core__aarch32__cortex_m.a(fault.c.obj)
                0x0000000008001210                z_arm_fault_init
 .text._HandlerModeExit
                0x0000000008001220       0x1c zephyr/arch/arch/arm/core/aarch32/cortex_m/libarch__arm__core__aarch32__cortex_m.a(exc_exit.S.obj)
                0x0000000008001220                z_arm_exc_exit
                0x0000000008001220                z_arm_int_exit
 .text.z_arm_interrupt_init
                0x000000000800123c       0x18 zephyr/arch/arch/arm/core/aarch32/cortex_m/libarch__arm__core__aarch32__cortex_m.a(irq_init.c.obj)
                0x000000000800123c                z_arm_interrupt_init
 .text.z_impl_k_thread_abort
                0x0000000008001254       0x4c zephyr/arch/arch/arm/core/aarch32/cortex_m/libarch__arm__core__aarch32__cortex_m.a(thread_abort.c.obj)
                0x0000000008001254                z_impl_k_thread_abort
 .text.z_arm_configure_static_mpu_regions
                0x00000000080012a0       0x38 zephyr/arch/arch/arm/core/aarch32/cortex_m/mpu/libarch__arm__core__aarch32__cortex_m__mpu.a(arm_core_mpu.c.obj)
                0x00000000080012a0                z_arm_configure_static_mpu_regions
 .text.mpu_configure_regions
                0x00000000080012d8       0x8c zephyr/arch/arch/arm/core/aarch32/cortex_m/mpu/libarch__arm__core__aarch32__cortex_m__mpu.a(arm_mpu.c.obj)
 .text.arm_core_mpu_enable
                0x0000000008001364       0x14 zephyr/arch/arch/arm/core/aarch32/cortex_m/mpu/libarch__arm__core__aarch32__cortex_m__mpu.a(arm_mpu.c.obj)
                0x0000000008001364                arm_core_mpu_enable
 .text.arm_core_mpu_disable
                0x0000000008001378       0x10 zephyr/arch/arch/arm/core/aarch32/cortex_m/mpu/libarch__arm__core__aarch32__cortex_m__mpu.a(arm_mpu.c.obj)
                0x0000000008001378                arm_core_mpu_disable
 .text.arm_mpu_init
                0x0000000008001388       0x5c zephyr/arch/arch/arm/core/aarch32/cortex_m/mpu/libarch__arm__core__aarch32__cortex_m__mpu.a(arm_mpu.c.obj)
 .text.arm_core_mpu_configure_static_mpu_regions
                0x00000000080013e4       0x14 zephyr/arch/arch/arm/core/aarch32/cortex_m/mpu/libarch__arm__core__aarch32__cortex_m__mpu.a(arm_mpu.c.obj)
                0x00000000080013e4                arm_core_mpu_configure_static_mpu_regions
 .text.__stdout_hook_install
                0x00000000080013f8        0xc zephyr/lib/libc/minimal/liblib__libc__minimal.a(stdout_console.c.obj)
                0x00000000080013f8                __stdout_hook_install
 .text.pinmux_stm32_init
                0x0000000008001404       0x14 zephyr/boards/arm/stm32f4_disco/libboards__arm__stm32f4_disco.a(pinmux.c.obj)
 .text.gpio_stm32_pin_interrupt_configure
                0x0000000008001418      0x134 zephyr/drivers/gpio/libdrivers__gpio.a(gpio_stm32.c.obj)
 .text.gpio_stm32_init
                0x000000000800154c       0x24 zephyr/drivers/gpio/libdrivers__gpio.a(gpio_stm32.c.obj)
 .text.pwm_stm32_pin_set
                0x0000000008001570       0xf8 zephyr/drivers/pwm/libdrivers__pwm.a(pwm_stm32.c.obj)
 .text.pwm_stm32_init
                0x0000000008001668       0x28 zephyr/drivers/pwm/libdrivers__pwm.a(pwm_stm32.c.obj)
 .text.uart_stm32_configure
                0x0000000008001690      0x114 zephyr/drivers/serial/libdrivers__serial.a(uart_stm32.c.obj)
 .text.uart_stm32_init
                0x00000000080017a4       0x7c zephyr/drivers/serial/libdrivers__serial.a(uart_stm32.c.obj)
 .text.TIM_OC1_SetConfig
                0x0000000008001820       0x64 modules/stm32/stm32cube/lib..__modules__hal__stm32__stm32cube.a(stm32f4xx_hal_tim.c.obj)
 .text.TIM_OC3_SetConfig
                0x0000000008001884       0x6c modules/stm32/stm32cube/lib..__modules__hal__stm32__stm32cube.a(stm32f4xx_hal_tim.c.obj)
 .text.TIM_OC4_SetConfig
                0x00000000080018f0       0x4c modules/stm32/stm32cube/lib..__modules__hal__stm32__stm32cube.a(stm32f4xx_hal_tim.c.obj)
 .text.TIM_Base_SetConfig
                0x000000000800193c       0xcc modules/stm32/stm32cube/lib..__modules__hal__stm32__stm32cube.a(stm32f4xx_hal_tim.c.obj)
                0x000000000800193c                TIM_Base_SetConfig
 .text.TIM_OC2_SetConfig
                0x0000000008001a08       0x6c modules/stm32/stm32cube/lib..__modules__hal__stm32__stm32cube.a(stm32f4xx_hal_tim.c.obj)
                0x0000000008001a08                TIM_OC2_SetConfig
 .text.HAL_TIM_OC_Start
                0x0000000008001a74       0x40 modules/stm32/stm32cube/lib..__modules__hal__stm32__stm32cube.a(stm32f4xx_hal_tim.c.obj)
                0x0000000008001a74                HAL_TIM_OC_Start
 .text.UTILS_PLL_IsBusy
                0x0000000008001ab4       0x1c modules/stm32/stm32cube/lib..__modules__hal__stm32__stm32cube.a(stm32f4xx_ll_utils.c.obj)
 .text.UTILS_SetFlashLatency.part.0
                0x0000000008001ad0       0xa8 modules/stm32/stm32cube/lib..__modules__hal__stm32__stm32cube.a(stm32f4xx_ll_utils.c.obj)
 .text.UTILS_EnablePLLAndSwitchSystem
                0x0000000008001b78       0xa0 modules/stm32/stm32cube/lib..__modules__hal__stm32__stm32cube.a(stm32f4xx_ll_utils.c.obj)
 .text.LL_PLL_ConfigSystemClock_HSE
                0x0000000008001c18       0x94 modules/stm32/stm32cube/lib..__modules__hal__stm32__stm32cube.a(stm32f4xx_ll_utils.c.obj)
                0x0000000008001c18                LL_PLL_ConfigSystemClock_HSE
 .text.z_sys_device_do_config_level
                0x0000000008001cac       0x2c zephyr/kernel/libkernel.a(device.c.obj)
                0x0000000008001cac                z_sys_device_do_config_level
 .text.z_impl_device_get_binding
                0x0000000008001cd8       0x4c zephyr/kernel/libkernel.a(device.c.obj)
                0x0000000008001cd8                z_impl_device_get_binding
 .text.z_bss_zero
                0x0000000008001d24       0x30 zephyr/kernel/libkernel.a(init.c.obj)
                0x0000000008001d24                z_bss_zero
 .text.z_data_copy
                0x0000000008001d54       0x4c zephyr/kernel/libkernel.a(init.c.obj)
                0x0000000008001d54                z_data_copy
 .text.bg_thread_main
                0x0000000008001da0       0x48 zephyr/kernel/libkernel.a(init.c.obj)
 .text.z_cstart
                0x0000000008001de8      0x110 zephyr/kernel/libkernel.a(init.c.obj)
                0x0000000008001de8                z_cstart
 .text.z_reset_time_slice
                0x0000000008001ef8       0x2c zephyr/kernel/libkernel.a(sched.c.obj)
                0x0000000008001ef8                z_reset_time_slice
 .text.k_sched_time_slice_set
                0x0000000008001f24       0x40 zephyr/kernel/libkernel.a(sched.c.obj)
                0x0000000008001f24                k_sched_time_slice_set
 .text.k_sched_lock
                0x0000000008001f64       0x28 zephyr/kernel/libkernel.a(sched.c.obj)
                0x0000000008001f64                k_sched_lock
 .text.z_priq_dumb_remove
                0x0000000008001f8c       0x2c zephyr/kernel/libkernel.a(sched.c.obj)
                0x0000000008001f8c                z_priq_dumb_remove
 .text.update_cache
                0x0000000008001fb8       0x48 zephyr/kernel/libkernel.a(sched.c.obj)
 .text.k_sched_unlock
                0x0000000008002000       0x38 zephyr/kernel/libkernel.a(sched.c.obj)
                0x0000000008002000                k_sched_unlock
 .text.ready_thread
                0x0000000008002038       0x68 zephyr/kernel/libkernel.a(sched.c.obj)
 .text.z_sched_start
                0x00000000080020a0       0x3c zephyr/kernel/libkernel.a(sched.c.obj)
                0x00000000080020a0                z_sched_start
 .text.z_move_thread_to_end_of_prio_q
                0x00000000080020dc       0x8c zephyr/kernel/libkernel.a(sched.c.obj)
                0x00000000080020dc                z_move_thread_to_end_of_prio_q
 .text.z_time_slice
                0x0000000008002168       0x6c zephyr/kernel/libkernel.a(sched.c.obj)
                0x0000000008002168                z_time_slice
 .text.z_impl_k_thread_suspend
                0x00000000080021d4       0x68 zephyr/kernel/libkernel.a(sched.c.obj)
                0x00000000080021d4                z_impl_k_thread_suspend
 .text.z_thread_single_abort
                0x000000000800223c       0xac zephyr/kernel/libkernel.a(sched.c.obj)
                0x000000000800223c                z_thread_single_abort
 .text.unready_thread
                0x00000000080022e8       0x34 zephyr/kernel/libkernel.a(sched.c.obj)
 .text.z_tick_sleep.part.0
                0x000000000800231c       0x5c zephyr/kernel/libkernel.a(sched.c.obj)
 .text.z_sched_init
                0x0000000008002378       0x18 zephyr/kernel/libkernel.a(sched.c.obj)
                0x0000000008002378                z_sched_init
 .text.z_impl_k_yield
                0x0000000008002390       0x9c zephyr/kernel/libkernel.a(sched.c.obj)
                0x0000000008002390                z_impl_k_yield
 .text.z_impl_k_sleep
                0x000000000800242c       0x40 zephyr/kernel/libkernel.a(sched.c.obj)
                0x000000000800242c                z_impl_k_sleep
 .text.z_impl_k_current_get
                0x000000000800246c        0xc zephyr/kernel/libkernel.a(sched.c.obj)
                0x000000000800246c                z_impl_k_current_get
 .text.z_setup_new_thread
                0x0000000008002478       0x4c zephyr/kernel/libkernel.a(thread.c.obj)
                0x0000000008002478                z_setup_new_thread
 .text.z_init_static_threads
                0x00000000080024c4       0x94 zephyr/kernel/libkernel.a(thread.c.obj)
                0x00000000080024c4                z_init_static_threads
 .text.elapsed  0x0000000008002558       0x14 zephyr/kernel/libkernel.a(timeout.c.obj)
 .text.remove_timeout
                0x000000000800256c       0x28 zephyr/kernel/libkernel.a(timeout.c.obj)
 .text.next_timeout
                0x0000000008002594       0x38 zephyr/kernel/libkernel.a(timeout.c.obj)
 .text.z_add_timeout
                0x00000000080025cc       0xf4 zephyr/kernel/libkernel.a(timeout.c.obj)
                0x00000000080025cc                z_add_timeout
 .text.z_clock_announce
                0x00000000080026c0       0xa8 zephyr/kernel/libkernel.a(timeout.c.obj)
                0x00000000080026c0                z_clock_announce
 .text.z_tick_get
                0x0000000008002768       0x34 zephyr/kernel/libkernel.a(timeout.c.obj)
                0x0000000008002768                z_tick_get
 .text.statics_init
                0x000000000800279c       0x24 zephyr/kernel/libkernel.a(kheap.c.obj)
 .text.arch_printk_char_out
                0x00000000080027c0        0x4 zephyr/libzephyr.a(printk.c.obj)
                0x00000000080027c0                arch_printk_char_out
 .text.print_err
                0x00000000080027c4       0x1c zephyr/libzephyr.a(printk.c.obj)
 .text.printk   0x00000000080027e0       0x1a zephyr/libzephyr.a(printk.c.obj)
                0x00000000080027e0                printk
 .text.z_thread_entry
                0x00000000080027fa       0x14 zephyr/libzephyr.a(thread_entry.c.obj)
                0x00000000080027fa                z_thread_entry
 .text.chunk_field
                0x000000000800280e       0x18 zephyr/libzephyr.a(heap.c.obj)
 .text.chunk_set
                0x0000000008002826       0x1a zephyr/libzephyr.a(heap.c.obj)
 .text.free_list_add
                0x0000000008002840       0x9a zephyr/libzephyr.a(heap.c.obj)
 .text.sys_heap_init
                0x00000000080028da       0x88 zephyr/libzephyr.a(heap.c.obj)
                0x00000000080028da                sys_heap_init
 .text._ConfigAbsSyms
                0x0000000008002962        0x2 zephyr/libzephyr.a(configs.c.obj)
                0x0000000008002962                _ConfigAbsSyms
 .text.__stm32_exti_isr_0
                0x0000000008002964        0xa zephyr/libzephyr.a(intc_exti_stm32.c.obj)
 .text.__stm32_exti_isr_1
                0x000000000800296e        0xa zephyr/libzephyr.a(intc_exti_stm32.c.obj)
 .text.__stm32_exti_isr_2
                0x0000000008002978        0xa zephyr/libzephyr.a(intc_exti_stm32.c.obj)
 .text.__stm32_exti_isr_3
                0x0000000008002982        0xa zephyr/libzephyr.a(intc_exti_stm32.c.obj)
 .text.__stm32_exti_isr_4
                0x000000000800298c        0xa zephyr/libzephyr.a(intc_exti_stm32.c.obj)
 .text.__stm32_exti_isr_9_5
                0x0000000008002996        0xa zephyr/libzephyr.a(intc_exti_stm32.c.obj)
 .text.__stm32_exti_isr_15_10
                0x00000000080029a0        0xa zephyr/libzephyr.a(intc_exti_stm32.c.obj)
 .text.__stm32_exti_isr_16
                0x00000000080029aa        0xa zephyr/libzephyr.a(intc_exti_stm32.c.obj)
 .text.__stm32_exti_isr_18
                0x00000000080029b4        0xa zephyr/libzephyr.a(intc_exti_stm32.c.obj)
 .text.__stm32_exti_isr_21
                0x00000000080029be        0xa zephyr/libzephyr.a(intc_exti_stm32.c.obj)
 .text.__stm32_exti_isr_22
                0x00000000080029c8        0xa zephyr/libzephyr.a(intc_exti_stm32.c.obj)
 .text.stm32_exti_init
                0x00000000080029d2       0x74 zephyr/libzephyr.a(intc_exti_stm32.c.obj)
 .text.config_pll_init
                0x0000000008002a46       0x10 zephyr/libzephyr.a(clock_stm32f2_f4_f7.c.obj)
                0x0000000008002a46                config_pll_init
 .text.LL_RCC_MSI_Disable
                0x0000000008002a56        0x2 zephyr/libzephyr.a(clock_stm32f2_f4_f7.c.obj)
                0x0000000008002a56                LL_RCC_MSI_Disable
 .text.z_irq_spurious
                0x0000000008002a58        0x8 zephyr/arch/arch/arm/core/aarch32/libarch__arm__core__aarch32.a(irq_manage.c.obj)
                0x0000000008002a58                z_irq_spurious
 .text.z_arm_fatal_error
                0x0000000008002a60        0x4 zephyr/arch/arch/arm/core/aarch32/libarch__arm__core__aarch32.a(fatal.c.obj)
                0x0000000008002a60                z_arm_fatal_error
 .text.z_do_kernel_oops
                0x0000000008002a64        0x8 zephyr/arch/arch/arm/core/aarch32/libarch__arm__core__aarch32.a(fatal.c.obj)
                0x0000000008002a64                z_do_kernel_oops
 .text.z_arm_nmi
                0x0000000008002a6c        0xe zephyr/arch/arch/arm/core/aarch32/libarch__arm__core__aarch32.a(nmi.c.obj)
                0x0000000008002a6c                z_arm_nmi
 .text.strcmp   0x0000000008002a7a       0x18 zephyr/lib/libc/minimal/liblib__libc__minimal.a(string.c.obj)
                0x0000000008002a7a                strcmp
 .text.memcpy   0x0000000008002a92       0x56 zephyr/lib/libc/minimal/liblib__libc__minimal.a(string.c.obj)
                0x0000000008002a92                memcpy
 .text.memset   0x0000000008002ae8       0x46 zephyr/lib/libc/minimal/liblib__libc__minimal.a(string.c.obj)
                0x0000000008002ae8                memset
 .text._stdout_hook_default
                0x0000000008002b2e        0x6 zephyr/lib/libc/minimal/liblib__libc__minimal.a(stdout_console.c.obj)
 .text.gpio_stm32_isr
                0x0000000008002b34       0x3c zephyr/drivers/gpio/libdrivers__gpio.a(gpio_stm32.c.obj)
 .text.gpio_stm32_port_get_raw
                0x0000000008002b70        0xe zephyr/drivers/gpio/libdrivers__gpio.a(gpio_stm32.c.obj)
 .text.gpio_stm32_port_set_masked_raw
                0x0000000008002b7e       0x14 zephyr/drivers/gpio/libdrivers__gpio.a(gpio_stm32.c.obj)
 .text.gpio_stm32_port_set_bits_raw
                0x0000000008002b92        0xc zephyr/drivers/gpio/libdrivers__gpio.a(gpio_stm32.c.obj)
 .text.gpio_stm32_port_clear_bits_raw
                0x0000000008002b9e        0xe zephyr/drivers/gpio/libdrivers__gpio.a(gpio_stm32.c.obj)
 .text.gpio_stm32_port_toggle_bits
                0x0000000008002bac       0x10 zephyr/drivers/gpio/libdrivers__gpio.a(gpio_stm32.c.obj)
 .text.gpio_stm32_manage_callback
                0x0000000008002bbc       0x56 zephyr/drivers/gpio/libdrivers__gpio.a(gpio_stm32.c.obj)
 .text.gpio_stm32_enable_callback
                0x0000000008002c12       0x12 zephyr/drivers/gpio/libdrivers__gpio.a(gpio_stm32.c.obj)
 .text.gpio_stm32_disable_callback
                0x0000000008002c24       0x14 zephyr/drivers/gpio/libdrivers__gpio.a(gpio_stm32.c.obj)
 .text.gpio_stm32_configure
                0x0000000008002c38      0x106 zephyr/drivers/gpio/libdrivers__gpio.a(gpio_stm32.c.obj)
                0x0000000008002c38                gpio_stm32_configure
 .text.gpio_stm32_config
                0x0000000008002d3e       0x7a zephyr/drivers/gpio/libdrivers__gpio.a(gpio_stm32.c.obj)
 .text.pwm_stm32_get_cycles_per_sec
                0x0000000008002db8       0x3e zephyr/drivers/pwm/libdrivers__pwm.a(pwm_stm32.c.obj)
 .text.LL_USART_ClearFlag_PE
                0x0000000008002df6       0x12 zephyr/drivers/serial/libdrivers__serial.a(uart_stm32.c.obj)
 .text.uart_stm32_poll_in
                0x0000000008002e08       0x24 zephyr/drivers/serial/libdrivers__serial.a(uart_stm32.c.obj)
 .text.uart_stm32_poll_out
                0x0000000008002e2c       0x16 zephyr/drivers/serial/libdrivers__serial.a(uart_stm32.c.obj)
 .text.uart_stm32_err_check
                0x0000000008002e42       0x42 zephyr/drivers/serial/libdrivers__serial.a(uart_stm32.c.obj)
 .text.uart_stm32_set_baudrate
                0x0000000008002e84       0x4a zephyr/drivers/serial/libdrivers__serial.a(uart_stm32.c.obj)
 .text.uart_stm32_config_get
                0x0000000008002ece       0x6c zephyr/drivers/serial/libdrivers__serial.a(uart_stm32.c.obj)
 .text.HAL_TIM_PWM_MspInit
                0x0000000008002f3a        0x2 modules/stm32/stm32cube/lib..__modules__hal__stm32__stm32cube.a(stm32f4xx_hal_tim.c.obj)
                0x0000000008002f3a                HAL_TIM_PWM_MspInit
 .text.HAL_TIM_PWM_Init
                0x0000000008002f3c       0x34 modules/stm32/stm32cube/lib..__modules__hal__stm32__stm32cube.a(stm32f4xx_hal_tim.c.obj)
                0x0000000008002f3c                HAL_TIM_PWM_Init
 .text.HAL_TIM_PWM_ConfigChannel
                0x0000000008002f70       0xc0 modules/stm32/stm32cube/lib..__modules__hal__stm32__stm32cube.a(stm32f4xx_hal_tim.c.obj)
                0x0000000008002f70                HAL_TIM_PWM_ConfigChannel
 .text.TIM_CCxChannelCmd
                0x0000000008003030       0x1c modules/stm32/stm32cube/lib..__modules__hal__stm32__stm32cube.a(stm32f4xx_hal_tim.c.obj)
                0x0000000008003030                TIM_CCxChannelCmd
 .text.HAL_TIM_PWM_Start
                0x000000000800304c        0x4 modules/stm32/stm32cube/lib..__modules__hal__stm32__stm32cube.a(stm32f4xx_hal_tim.c.obj)
                0x000000000800304c                HAL_TIM_PWM_Start
 .text.arch_system_halt
                0x0000000008003050       0x12 zephyr/kernel/libkernel.a(fatal.c.obj)
                0x0000000008003050                arch_system_halt
 .text.k_sys_fatal_error_handler
                0x0000000008003062        0x6 zephyr/kernel/libkernel.a(fatal.c.obj)
                0x0000000008003062                k_sys_fatal_error_handler
 .text.z_fatal_error
                0x0000000008003068       0x36 zephyr/kernel/libkernel.a(fatal.c.obj)
                0x0000000008003068                z_fatal_error
 .text.z_reschedule
                0x000000000800309e       0x16 zephyr/kernel/libkernel.a(sched.c.obj)
                0x000000000800309e                z_reschedule
 .text.z_reschedule_irqlock
                0x00000000080030b4       0x18 zephyr/kernel/libkernel.a(sched.c.obj)
                0x00000000080030b4                z_reschedule_irqlock
 .text.z_reschedule_unlocked
                0x00000000080030cc       0x14 zephyr/kernel/libkernel.a(sched.c.obj)
 .text.z_priq_dumb_best
                0x00000000080030e0       0x14 zephyr/kernel/libkernel.a(sched.c.obj)
                0x00000000080030e0                z_priq_dumb_best
 .text.z_ready_thread
                0x00000000080030f4       0x20 zephyr/kernel/libkernel.a(sched.c.obj)
                0x00000000080030f4                z_ready_thread
 .text.z_thread_timeout
                0x0000000008003114       0x56 zephyr/kernel/libkernel.a(sched.c.obj)
                0x0000000008003114                z_thread_timeout
 .text.z_remove_thread_from_ready_q
                0x000000000800316a       0x20 zephyr/kernel/libkernel.a(sched.c.obj)
                0x000000000800316a                z_remove_thread_from_ready_q
 .text.z_abort_timeout
                0x000000000800318a       0x2c zephyr/kernel/libkernel.a(timeout.c.obj)
                0x000000000800318a                z_abort_timeout
 .text.z_get_next_timeout_expiry
                0x00000000080031b6       0x20 zephyr/kernel/libkernel.a(timeout.c.obj)
                0x00000000080031b6                z_get_next_timeout_expiry
 .text.z_set_timeout_expiry
                0x00000000080031d6       0x34 zephyr/kernel/libkernel.a(timeout.c.obj)
                0x00000000080031d6                z_set_timeout_expiry
 .text.z_tick_get_32
                0x000000000800320a        0x8 zephyr/kernel/libkernel.a(timeout.c.obj)
                0x000000000800320a                z_tick_get_32
 .text.idle     0x0000000008003212       0x28 zephyr/kernel/libkernel.a(idle.c.obj)
                0x0000000008003212                idle
 .text.k_heap_init
                0x000000000800323a       0x10 zephyr/kernel/libkernel.a(kheap.c.obj)
                0x000000000800323a                k_heap_init
 .text._OffsetAbsSyms
                0x000000000800324a        0x2 zephyr/CMakeFiles/offsets.dir/./arch/arm/core/offsets/offsets.c.obj
                0x000000000800324a                _OffsetAbsSyms
 *(SORT_BY_ALIGNMENT(.gnu.linkonce.t.*))
 *(SORT_BY_ALIGNMENT(.glue_7t))
 .glue_7t       0x000000000800324c        0x0 linker stubs
 *(SORT_BY_ALIGNMENT(.glue_7))
 .glue_7        0x000000000800324c        0x0 linker stubs
 *(SORT_BY_ALIGNMENT(.vfp11_veneer))
 .vfp11_veneer  0x000000000800324c        0x0 linker stubs
 *(SORT_BY_ALIGNMENT(.v4_bx))
 .v4_bx         0x000000000800324c        0x0 linker stubs
                0x000000000800324c                _image_text_end = .

.ARM.exidx      0x000000000800324c        0x8
                0x000000000800324c                __exidx_start = .
 *(SORT_BY_ALIGNMENT(.ARM.exidx*) SORT_BY_ALIGNMENT(gnu.linkonce.armexidx.*))
 .ARM.exidx     0x000000000800324c        0x8 /home/jedsada-emertxe/zephyr-sdk-0.11.2/arm-zephyr-eabi/bin/../lib/gcc/arm-zephyr-eabi/9.2.0/thumb/v7e-m/nofp/libgcc.a(_udivmoddi4.o)
                0x0000000008003254                __exidx_end = .
                0x0000000008003254                _image_rodata_start = .

sw_isr_table    0x0000000008003254      0x290
                0x0000000008003254                . = ALIGN (0x0)
 *(SORT_BY_ALIGNMENT(.gnu.linkonce.sw_isr_table))
 .gnu.linkonce.sw_isr_table
                0x0000000008003254      0x290 zephyr/CMakeFiles/zephyr_final.dir/isr_tables.c.obj
                0x0000000008003254                _sw_isr_table

app_shmem_regions
                0x00000000080034e4        0x0
                0x00000000080034e4                __app_shmem_regions_start = .
 *(SORT_BY_NAME(SORT_BY_ALIGNMENT(.app_regions.*)))
                0x00000000080034e4                __app_shmem_regions_end = .

devconfig       0x00000000080034e4       0xf0
                0x00000000080034e4                __devconfig_start = .
 *(SORT_BY_ALIGNMENT(.devconfig.*))
 .devconfig.init
                0x00000000080034e4        0xc zephyr/libzephyr.a(soc.c.obj)
 .devconfig.init
                0x00000000080034f0        0xc zephyr/libzephyr.a(uart_console.c.obj)
 .devconfig.init
                0x00000000080034fc        0xc zephyr/libzephyr.a(intc_exti_stm32.c.obj)
 .devconfig.init
                0x0000000008003508        0xc zephyr/libzephyr.a(clock_stm32_ll_common.c.obj)
 .devconfig.init
                0x0000000008003514        0xc zephyr/libzephyr.a(sys_clock_init.c.obj)
 .devconfig.init
                0x0000000008003520        0xc zephyr/arch/arch/arm/core/aarch32/cortex_m/mpu/libarch__arm__core__aarch32__cortex_m__mpu.a(arm_mpu.c.obj)
 .devconfig.init
                0x000000000800352c        0xc zephyr/boards/arm/stm32f4_disco/libboards__arm__stm32f4_disco.a(pinmux.c.obj)
 .devconfig.init
                0x0000000008003538       0x6c zephyr/drivers/gpio/libdrivers__gpio.a(gpio_stm32.c.obj)
 .devconfig.init
                0x00000000080035a4        0xc zephyr/drivers/pwm/libdrivers__pwm.a(pwm_stm32.c.obj)
 .devconfig.init
                0x00000000080035b0       0x18 zephyr/drivers/serial/libdrivers__serial.a(uart_stm32.c.obj)
 .devconfig.init
                0x00000000080035c8        0xc zephyr/kernel/libkernel.a(kheap.c.obj)
 *(SORT_BY_NAME(SORT_BY_ALIGNMENT(.devconfig*)))
                0x00000000080035d4                __devconfig_end = .

net_l2          0x00000000080035d4        0x0
                0x00000000080035d4                __net_l2_start = .
 *(SORT_BY_ALIGNMENT(.net_l2.init))
 *(SORT_BY_NAME(SORT_BY_ALIGNMENT(.net_l2.init*)))
                0x00000000080035d4                __net_l2_end = .

_bt_channels_area
                0x00000000080035d4        0x0
                0x00000000080035d4                _bt_l2cap_fixed_chan_list_start = .
 *(SORT_BY_NAME(SORT_BY_ALIGNMENT(._bt_l2cap_fixed_chan.static.*)))
                0x00000000080035d4                _bt_l2cap_fixed_chan_list_end = .

_bt_services_area
                0x00000000080035d4        0x0
                0x00000000080035d4                _bt_gatt_service_static_list_start = .
 *(SORT_BY_NAME(SORT_BY_ALIGNMENT(._bt_gatt_service_static.static.*)))
                0x00000000080035d4                _bt_gatt_service_static_list_end = .

log_const_sections
                0x00000000080035d4        0x0
                0x00000000080035d4                __log_const_start = .
 *(SORT_BY_NAME(SORT_BY_ALIGNMENT(.log_const_*)))
                0x00000000080035d4                __log_const_end = .

log_backends_sections
                0x00000000080035d4        0x0
                0x00000000080035d4                __log_backends_start = .
 *(SORT_BY_ALIGNMENT(._log_backend.*))
                0x00000000080035d4                __log_backends_end = .

shell_sections  0x00000000080035d4        0x0
                0x00000000080035d4                _shell_list_start = .
 *(SORT_BY_NAME(SORT_BY_ALIGNMENT(._shell.static.*)))
                0x00000000080035d4                _shell_list_end = .

shell_root_cmds_sections
                0x00000000080035d4        0x0
                0x00000000080035d4                __shell_root_cmds_start = .
 *(SORT_BY_NAME(SORT_BY_ALIGNMENT(.shell_root_cmd_*)))
                0x00000000080035d4                __shell_root_cmds_end = .

font_entry_sections
                0x00000000080035d4        0x0
                0x00000000080035d4                __font_entry_start = .
 *(SORT_BY_NAME(SORT_BY_ALIGNMENT(._cfb_font.*)))
                0x00000000080035d4                __font_entry_end = .

tracing_backends_sections
                0x00000000080035d4        0x0
                0x00000000080035d4                _tracing_backend_list_start = .
 *(SORT_BY_ALIGNMENT(._tracing_backend.*))
                0x00000000080035d4                _tracing_backend_list_end = .

rodata          0x00000000080035d4      0x2cc
 *(SORT_BY_ALIGNMENT(.rodata))
 .rodata        0x00000000080035d4        0x8 zephyr/drivers/gpio/libdrivers__gpio.a(gpio_stm32.c.obj)
 *(SORT_BY_ALIGNMENT(.rodata.*))
 .rodata.ports_enable
                0x00000000080035dc       0x2c zephyr/libzephyr.a(pinmux_stm32.c.obj)
 .rodata.mpu_config
                0x0000000008003608        0x8 zephyr/soc/arm/common/cortex_m/libsoc__arm__common__cortex_m.a(arm_mpu_regions.c.obj)
                0x0000000008003608                mpu_config
 .rodata.mpu_regions
                0x0000000008003610       0x18 zephyr/soc/arm/common/cortex_m/libsoc__arm__common__cortex_m.a(arm_mpu_regions.c.obj)
 .rodata.pinconf
                0x0000000008003628       0x38 zephyr/boards/arm/stm32f4_disco/libboards__arm__stm32f4_disco.a(pinmux.c.obj)
 .rodata.gpio_stm32_cfg_a
                0x0000000008003660       0x14 zephyr/drivers/gpio/libdrivers__gpio.a(gpio_stm32.c.obj)
 .rodata.gpio_stm32_cfg_b
                0x0000000008003674       0x14 zephyr/drivers/gpio/libdrivers__gpio.a(gpio_stm32.c.obj)
 .rodata.gpio_stm32_cfg_c
                0x0000000008003688       0x14 zephyr/drivers/gpio/libdrivers__gpio.a(gpio_stm32.c.obj)
 .rodata.gpio_stm32_cfg_d
                0x000000000800369c       0x14 zephyr/drivers/gpio/libdrivers__gpio.a(gpio_stm32.c.obj)
 .rodata.gpio_stm32_cfg_e
                0x00000000080036b0       0x14 zephyr/drivers/gpio/libdrivers__gpio.a(gpio_stm32.c.obj)
 .rodata.gpio_stm32_cfg_f
                0x00000000080036c4       0x14 zephyr/drivers/gpio/libdrivers__gpio.a(gpio_stm32.c.obj)
 .rodata.gpio_stm32_cfg_g
                0x00000000080036d8       0x14 zephyr/drivers/gpio/libdrivers__gpio.a(gpio_stm32.c.obj)
 .rodata.gpio_stm32_cfg_h
                0x00000000080036ec       0x14 zephyr/drivers/gpio/libdrivers__gpio.a(gpio_stm32.c.obj)
 .rodata.gpio_stm32_cfg_i
                0x0000000008003700       0x14 zephyr/drivers/gpio/libdrivers__gpio.a(gpio_stm32.c.obj)
 .rodata.gpio_stm32_driver
                0x0000000008003714       0x2c zephyr/drivers/gpio/libdrivers__gpio.a(gpio_stm32.c.obj)
 .rodata.pwm_stm32_dev_cfg_0
                0x0000000008003740        0xc zephyr/drivers/pwm/libdrivers__pwm.a(pwm_stm32.c.obj)
 .rodata.pwm_stm32_drv_api_funcs
                0x000000000800374c        0x8 zephyr/drivers/pwm/libdrivers__pwm.a(pwm_stm32.c.obj)
 .rodata.uart_stm32_cfg_0
                0x0000000008003754       0x14 zephyr/drivers/serial/libdrivers__serial.a(uart_stm32.c.obj)
 .rodata.uart_stm32_cfg_1
                0x0000000008003768       0x14 zephyr/drivers/serial/libdrivers__serial.a(uart_stm32.c.obj)
 .rodata.uart_stm32_driver_api
                0x000000000800377c       0x14 zephyr/drivers/serial/libdrivers__serial.a(uart_stm32.c.obj)
 .rodata.config_levels.13201
                0x0000000008003790       0x14 zephyr/kernel/libkernel.a(device.c.obj)
 .rodata._k_neg_eagain
                0x00000000080037a4        0x4 zephyr/kernel/libkernel.a(errno.c.obj)
                0x00000000080037a4                _k_neg_eagain
 .rodata.CSWTCH.58
                0x00000000080037a8        0x6 zephyr/drivers/serial/libdrivers__serial.a(uart_stm32.c.obj)
 .rodata.main.str1.1
                0x00000000080037ae        0x6 app/libapp.a(main.c.obj)
 .rodata.str1.1
                0x00000000080037b4        0x6 zephyr/libzephyr.a(soc.c.obj)
                                          0x1 (size before relaxing)
 .rodata.uart_console_init.str1.1
                0x00000000080037b4        0x7 zephyr/libzephyr.a(uart_console.c.obj)
 .rodata.str1.1
                0x00000000080037bb        0x1 zephyr/libzephyr.a(uart_console.c.obj)
 .rodata.str1.1
                0x00000000080037bb        0xb zephyr/libzephyr.a(intc_exti_stm32.c.obj)
 .rodata.exti_irq_table
                0x00000000080037c6       0x17 zephyr/libzephyr.a(intc_exti_stm32.c.obj)
                0x00000000080037c6                exti_irq_table
 .rodata.str1.1
                0x00000000080037dd        0x9 zephyr/libzephyr.a(clock_stm32_ll_common.c.obj)
 .rodata.z_pinmux_stm32_set.str1.1
                0x00000000080037e6        0x9 zephyr/libzephyr.a(pinmux_stm32.c.obj)
 .rodata.str1.1
                0x00000000080037e6        0xa zephyr/libzephyr.a(sys_clock_init.c.obj)
 .rodata.str1.1
                0x00000000080037f0        0x1 zephyr/arch/arch/arm/core/aarch32/cortex_m/mpu/libarch__arm__core__aarch32__cortex_m__mpu.a(arm_mpu.c.obj)
 .rodata.str1.1
                0x00000000080037f0        0xf zephyr/soc/arm/common/cortex_m/libsoc__arm__common__cortex_m.a(arm_mpu_regions.c.obj)
 .rodata.str1.1
                0x00000000080037ff        0x1 zephyr/boards/arm/stm32f4_disco/libboards__arm__stm32f4_disco.a(pinmux.c.obj)
 .rodata.gpio_stm32_pin_interrupt_configure.str1.1
                0x00000000080037ff        0x9 zephyr/drivers/gpio/libdrivers__gpio.a(gpio_stm32.c.obj)
 .rodata.str1.1
                0x00000000080037ff       0x30 zephyr/drivers/gpio/libdrivers__gpio.a(gpio_stm32.c.obj)
                                         0x36 (size before relaxing)
 .rodata.pwm_stm32_init.str1.1
                0x000000000800382f        0x9 zephyr/drivers/pwm/libdrivers__pwm.a(pwm_stm32.c.obj)
 .rodata.str1.1
                0x000000000800382f        0x6 zephyr/drivers/pwm/libdrivers__pwm.a(pwm_stm32.c.obj)
 .rodata.uart_stm32_init.str1.1
                0x0000000008003835        0x9 zephyr/drivers/serial/libdrivers__serial.a(uart_stm32.c.obj)
 .rodata.str1.1
                0x0000000008003835        0x7 zephyr/drivers/serial/libdrivers__serial.a(uart_stm32.c.obj)
                                          0xe (size before relaxing)
 .rodata.AHBPrescTable
                0x000000000800383c       0x10 modules/stm32/stm32cube/lib..__modules__hal__stm32__stm32cube.a(system_stm32f4xx.c.obj)
                0x000000000800383c                AHBPrescTable
 .rodata.bg_thread_main.str1.1
                0x000000000800384c       0x48 zephyr/kernel/libkernel.a(init.c.obj)
                                         0x49 (size before relaxing)
 .rodata.z_cstart.str1.1
                0x0000000008003894        0xa zephyr/kernel/libkernel.a(init.c.obj)
 .rodata.str1.1
                0x000000000800389e        0x1 zephyr/kernel/libkernel.a(kheap.c.obj)
 *(SORT_BY_ALIGNMENT(.gnu.linkonce.r.*))
                0x00000000080038a0                . = ALIGN (0x4)
 *fill*         0x000000000800389e        0x2 
                0x00000000080038a0                _image_rodata_end = .
                0x00000000080038a0                . = ALIGN (_region_min_align)
                0x0000000008004000                . = ALIGN ((0x1 << LOG2CEIL ((_image_rodata_end - _image_rom_start))))
                0x0000000008004000                _image_rom_end = .
                0x0000000020000000                . = 0x20000000
                0x0000000020000000                . = ALIGN (_region_min_align)
                0x0000000020000000                _image_ram_start = .

.ramfunc        0x0000000020000000        0x0 load address 0x00000000080038a0
                0x0000000020000000                . = ALIGN (_region_min_align)
                0x0000000020000000                . = ALIGN ((0x1 << LOG2CEIL (_ramfunc_ram_size)))
                0x0000000020000000                _ramfunc_ram_start = .
 *(SORT_BY_ALIGNMENT(.ramfunc))
 *(SORT_BY_ALIGNMENT(.ramfunc.*))
                0x0000000020000000                . = ALIGN (_region_min_align)
                0x0000000020000000                . = ALIGN ((0x1 << LOG2CEIL (_ramfunc_ram_size)))
                0x0000000020000000                _ramfunc_ram_end = .
                0x0000000000000000                _ramfunc_ram_size = (_ramfunc_ram_end - _ramfunc_ram_start)
                0x00000000080038a0                _ramfunc_rom_start = LOADADDR (.ramfunc)

bss             0x0000000020000000      0x2d2
                0x0000000020000000                . = ALIGN (0x4)
                0x0000000020000000                __bss_start = .
                0x0000000020000000                __kernel_ram_start = .
 *(SORT_BY_ALIGNMENT(.bss))
 *(SORT_BY_ALIGNMENT(.bss.*))
 .bss.curr_tick
                0x0000000020000000        0x8 zephyr/kernel/libkernel.a(timeout.c.obj)
 .bss.uart_console_dev
                0x0000000020000008        0x4 zephyr/libzephyr.a(uart_console.c.obj)
 .bss.exti_data
                0x000000002000000c       0xb8 zephyr/libzephyr.a(intc_exti_stm32.c.obj)
 .bss.announced_cycles
                0x00000000200000c4        0x4 zephyr/libzephyr.a(cortex_m_systick.c.obj)
 .bss.cycle_count
                0x00000000200000c8        0x4 zephyr/libzephyr.a(cortex_m_systick.c.obj)
 .bss.last_load
                0x00000000200000cc        0x4 zephyr/libzephyr.a(cortex_m_systick.c.obj)
 .bss.overflow_cyc
                0x00000000200000d0        0x4 zephyr/libzephyr.a(cortex_m_systick.c.obj)
 .bss.gpio_stm32_data_a
                0x00000000200000d4       0x10 zephyr/drivers/gpio/libdrivers__gpio.a(gpio_stm32.c.obj)
 .bss.gpio_stm32_data_b
                0x00000000200000e4       0x10 zephyr/drivers/gpio/libdrivers__gpio.a(gpio_stm32.c.obj)
 .bss.gpio_stm32_data_c
                0x00000000200000f4       0x10 zephyr/drivers/gpio/libdrivers__gpio.a(gpio_stm32.c.obj)
 .bss.gpio_stm32_data_d
                0x0000000020000104       0x10 zephyr/drivers/gpio/libdrivers__gpio.a(gpio_stm32.c.obj)
 .bss.gpio_stm32_data_e
                0x0000000020000114       0x10 zephyr/drivers/gpio/libdrivers__gpio.a(gpio_stm32.c.obj)
 .bss.gpio_stm32_data_f
                0x0000000020000124       0x10 zephyr/drivers/gpio/libdrivers__gpio.a(gpio_stm32.c.obj)
 .bss.gpio_stm32_data_g
                0x0000000020000134       0x10 zephyr/drivers/gpio/libdrivers__gpio.a(gpio_stm32.c.obj)
 .bss.gpio_stm32_data_h
                0x0000000020000144       0x10 zephyr/drivers/gpio/libdrivers__gpio.a(gpio_stm32.c.obj)
 .bss.gpio_stm32_data_i
                0x0000000020000154       0x10 zephyr/drivers/gpio/libdrivers__gpio.a(gpio_stm32.c.obj)
 .bss.pwm_stm32_dev_data_0
                0x0000000020000164       0x48 zephyr/drivers/pwm/libdrivers__pwm.a(pwm_stm32.c.obj)
 .bss.z_idle_threads
                0x00000000200001ac       0x74 zephyr/kernel/libkernel.a(init.c.obj)
                0x00000000200001ac                z_idle_threads
 .bss.z_main_thread
                0x0000000020000220       0x74 zephyr/kernel/libkernel.a(init.c.obj)
                0x0000000020000220                z_main_thread
 .bss._kernel   0x0000000020000294       0x2c zephyr/kernel/libkernel.a(sched.c.obj)
                0x0000000020000294                _kernel
 .bss.pending_current
                0x00000000200002c0        0x4 zephyr/kernel/libkernel.a(sched.c.obj)
 .bss.slice_max_prio
                0x00000000200002c4        0x4 zephyr/kernel/libkernel.a(sched.c.obj)
 .bss.slice_time
                0x00000000200002c8        0x4 zephyr/kernel/libkernel.a(sched.c.obj)
 .bss.announce_remaining
                0x00000000200002cc        0x4 zephyr/kernel/libkernel.a(timeout.c.obj)
 .bss.static_regions_num
                0x00000000200002d0        0x1 zephyr/arch/arch/arm/core/aarch32/cortex_m/mpu/libarch__arm__core__aarch32__cortex_m__mpu.a(arm_mpu.c.obj)
 .bss.z_sys_post_kernel
                0x00000000200002d1        0x1 zephyr/kernel/libkernel.a(init.c.obj)
                0x00000000200002d1                z_sys_post_kernel
 .bss.sched_spinlock
                0x00000000200002d2        0x0 zephyr/kernel/libkernel.a(sched.c.obj)
 *(SORT_BY_ALIGNMENT(COMMON))
 *(SORT_BY_ALIGNMENT(.kernel_bss.*))
                0x00000000200002d4                __bss_end = ALIGN (0x4)

noinit          0x00000000200002d8      0xd40
 *(SORT_BY_ALIGNMENT(.noinit))
 *(SORT_BY_ALIGNMENT(.noinit.*))
 .noinit."WEST_TOPDIR/zephyr/kernel/init.c".2
                0x00000000200002d8      0x400 zephyr/kernel/libkernel.a(init.c.obj)
                0x00000000200002d8                z_main_stack
 .noinit."WEST_TOPDIR/zephyr/kernel/init.c".3
                0x00000000200006d8      0x140 zephyr/kernel/libkernel.a(init.c.obj)
 .noinit."WEST_TOPDIR/zephyr/kernel/init.c".4
                0x0000000020000818      0x800 zephyr/kernel/libkernel.a(init.c.obj)
                0x0000000020000818                z_interrupt_stacks
 *(SORT_BY_ALIGNMENT(.kernel_noinit.*))

datas           0x0000000020001018       0x38 load address 0x00000000080038a0
                0x0000000020001018                __data_ram_start = .
 *(SORT_BY_ALIGNMENT(.data))
 *(SORT_BY_ALIGNMENT(.data.*))
 .data._char_out
                0x0000000020001018        0x4 zephyr/libzephyr.a(printk.c.obj)
                0x0000000020001018                _char_out
 .data.stm32_clock_control_api
                0x000000002000101c       0x14 zephyr/libzephyr.a(clock_stm32_ll_common.c.obj)
 .data._stdout_hook
                0x0000000020001030        0x4 zephyr/lib/libc/minimal/liblib__libc__minimal.a(stdout_console.c.obj)
 .data.uart_stm32_data_0
                0x0000000020001034        0x8 zephyr/drivers/serial/libdrivers__serial.a(uart_stm32.c.obj)
 .data.uart_stm32_data_1
                0x000000002000103c        0x8 zephyr/drivers/serial/libdrivers__serial.a(uart_stm32.c.obj)
 .data.SystemCoreClock
                0x0000000020001044        0x4 modules/stm32/stm32cube/lib..__modules__hal__stm32__stm32cube.a(system_stm32f4xx.c.obj)
                0x0000000020001044                SystemCoreClock
 .data.timeout_list
                0x0000000020001048        0x8 zephyr/kernel/libkernel.a(timeout.c.obj)
 *(SORT_BY_ALIGNMENT(.kernel.*))
                0x00000000080038a0                __data_rom_start = LOADADDR (datas)

initlevel       0x0000000020001050       0xf0 load address 0x00000000080038d8
                0x0000000020001050                __device_init_start = .
                0x0000000020001050                __device_PRE_KERNEL_1_start = .
 *(SORT_BY_NAME(SORT_BY_ALIGNMENT(.init_PRE_KERNEL_1[0-9])))
 .init_PRE_KERNEL_10
                0x0000000020001050        0xc zephyr/libzephyr.a(soc.c.obj)
 .init_PRE_KERNEL_11
                0x000000002000105c        0xc zephyr/libzephyr.a(clock_stm32_ll_common.c.obj)
 .init_PRE_KERNEL_12
                0x0000000020001068        0xc zephyr/boards/arm/stm32f4_disco/libboards__arm__stm32f4_disco.a(pinmux.c.obj)
 *(SORT_BY_NAME(SORT_BY_ALIGNMENT(.init_PRE_KERNEL_1[1-9][0-9])))
 .init_PRE_KERNEL_130
                0x0000000020001074        0xc zephyr/kernel/libkernel.a(kheap.c.obj)
 .init_PRE_KERNEL_140
                0x0000000020001080        0xc zephyr/arch/arch/arm/core/aarch32/cortex_m/mpu/libarch__arm__core__aarch32__cortex_m__mpu.a(arm_mpu.c.obj)
 .init_PRE_KERNEL_150
                0x000000002000108c        0xc zephyr/libzephyr.a(intc_exti_stm32.c.obj)
 .init_PRE_KERNEL_150
                0x0000000020001098       0x18 zephyr/drivers/serial/libdrivers__serial.a(uart_stm32.c.obj)
 .init_PRE_KERNEL_160
                0x00000000200010b0        0xc zephyr/libzephyr.a(uart_console.c.obj)
                0x00000000200010bc                __device_PRE_KERNEL_2_start = .
 *(SORT_BY_NAME(SORT_BY_ALIGNMENT(.init_PRE_KERNEL_2[0-9])))
 .init_PRE_KERNEL_20
                0x00000000200010bc        0xc zephyr/libzephyr.a(sys_clock_init.c.obj)
 *(SORT_BY_NAME(SORT_BY_ALIGNMENT(.init_PRE_KERNEL_2[1-9][0-9])))
                0x00000000200010c8                __device_POST_KERNEL_start = .
 *(SORT_BY_NAME(SORT_BY_ALIGNMENT(.init_POST_KERNEL[0-9])))
 *(SORT_BY_NAME(SORT_BY_ALIGNMENT(.init_POST_KERNEL[1-9][0-9])))
 .init_POST_KERNEL40
                0x00000000200010c8       0x6c zephyr/drivers/gpio/libdrivers__gpio.a(gpio_stm32.c.obj)
 .init_POST_KERNEL50
                0x0000000020001134        0xc zephyr/drivers/pwm/libdrivers__pwm.a(pwm_stm32.c.obj)
                0x0000000020001140                __device_APPLICATION_start = .
 *(SORT_BY_NAME(SORT_BY_ALIGNMENT(.init_APPLICATION[0-9])))
 *(SORT_BY_NAME(SORT_BY_ALIGNMENT(.init_APPLICATION[1-9][0-9])))
                0x0000000020001140                __device_SMP_start = .
 *(SORT_BY_NAME(SORT_BY_ALIGNMENT(.init_SMP[0-9])))
 *(SORT_BY_NAME(SORT_BY_ALIGNMENT(.init_SMP[1-9][0-9])))
                0x0000000020001140                __device_init_end = .

initlevel_error
                0x0000000020001050        0x0
 *(SORT_BY_NAME(SORT_BY_ALIGNMENT(.init_[_A-Z0-9]*)))
                0x0000000000000001                ASSERT ((SIZEOF (initlevel_error) == 0x0), Undefined initialization levels used.)

initshell       0x0000000020001140        0x0 load address 0x00000000080039c8
                0x0000000020001140                __shell_module_start = .
 *(SORT_BY_ALIGNMENT(.shell_module_*))
                0x0000000020001140                __shell_module_end = .
                0x0000000020001140                __shell_cmd_start = .
 *(SORT_BY_ALIGNMENT(.shell_cmd_*))
                0x0000000020001140                __shell_cmd_end = .

log_dynamic_sections
                0x0000000020001140        0x0 load address 0x00000000080039c8
                0x0000000020001140                __log_dynamic_start = .
 *(SORT_BY_NAME(SORT_BY_ALIGNMENT(.log_dynamic_*)))
                0x0000000020001140                __log_dynamic_end = .

_static_thread_area
                0x0000000020001140        0x0 load address 0x00000000080039c8
                0x0000000020001140                __static_thread_data_list_start = .
 *(SORT_BY_NAME(SORT_BY_ALIGNMENT(.__static_thread_data.static.*)))
                0x0000000020001140                __static_thread_data_list_end = .

_k_timer_area   0x0000000020001140        0x0 load address 0x00000000080039c8
                0x0000000020001140                _k_timer_list_start = .
 *(SORT_BY_ALIGNMENT(._k_timer.static.*))
                0x0000000020001140                _k_timer_list_end = .

_k_mem_slab_area
                0x0000000020001140        0x0 load address 0x00000000080039c8
                0x0000000020001140                _k_mem_slab_list_start = .
 *(SORT_BY_ALIGNMENT(._k_mem_slab.static.*))
                0x0000000020001140                _k_mem_slab_list_end = .

_k_mem_pool_area
                0x0000000020001140        0x0 load address 0x00000000080039c8
                0x0000000020001140                _k_mem_pool_list_start = .
 *(SORT_BY_ALIGNMENT(._k_mem_pool.static.*))
                0x0000000020001140                _k_mem_pool_list_end = .

_k_heap_area    0x0000000020001140        0x0 load address 0x00000000080039c8
                0x0000000020001140                _k_heap_list_start = .
 *(SORT_BY_ALIGNMENT(._k_heap.static.*))
                0x0000000020001140                _k_heap_list_end = .

_k_sem_area     0x0000000020001140        0x0 load address 0x00000000080039c8
                0x0000000020001140                _k_sem_list_start = .
 *(SORT_BY_ALIGNMENT(._k_sem.static.*))
 *(SORT_BY_ALIGNMENT(._sys_sem.static.*))
                0x0000000020001140                _k_sem_list_end = .

_k_mutex_area   0x0000000020001140       0x14 load address 0x00000000080039c8
                0x0000000020001140                _k_mutex_list_start = .
 *(SORT_BY_ALIGNMENT(._k_mutex.static.*))
 ._k_mutex.static.fdtable_lock
                0x0000000020001140       0x14 zephyr/libzephyr.a(fdtable.c.obj)
                0x0000000020001154                _k_mutex_list_end = .

_k_queue_area   0x0000000020001154        0x0 load address 0x00000000080039dc
                0x0000000020001154                _k_queue_list_start = .
 *(SORT_BY_ALIGNMENT(._k_queue.static.*))
 *(SORT_BY_ALIGNMENT(._k_fifo.static.*))
 *(SORT_BY_ALIGNMENT(._k_lifo.static.*))
                0x0000000020001154                _k_queue_list_end = .

_k_stack_area   0x0000000020001154        0x0 load address 0x00000000080039dc
                0x0000000020001154                _k_stack_list_start = .
 *(SORT_BY_ALIGNMENT(._k_stack.static.*))
                0x0000000020001154                _k_stack_list_end = .

_k_msgq_area    0x0000000020001154        0x0 load address 0x00000000080039dc
                0x0000000020001154                _k_msgq_list_start = .
 *(SORT_BY_ALIGNMENT(._k_msgq.static.*))
                0x0000000020001154                _k_msgq_list_end = .

_k_mbox_area    0x0000000020001154        0x0 load address 0x00000000080039dc
                0x0000000020001154                _k_mbox_list_start = .
 *(SORT_BY_ALIGNMENT(._k_mbox.static.*))
                0x0000000020001154                _k_mbox_list_end = .

_k_pipe_area    0x0000000020001154        0x0 load address 0x00000000080039dc
                0x0000000020001154                _k_pipe_list_start = .
 *(SORT_BY_ALIGNMENT(._k_pipe.static.*))
                0x0000000020001154                _k_pipe_list_end = .

_net_buf_pool_area
                0x0000000020001154        0x0 load address 0x00000000080039dc
                0x0000000020001154                _net_buf_pool_list = .
 *(SORT_BY_NAME(SORT_BY_ALIGNMENT(._net_buf_pool.static.*)))

net_if          0x0000000020001154        0x0 load address 0x00000000080039dc
                0x0000000020001154                __net_if_start = .
 *(SORT_BY_ALIGNMENT(.net_if.*))
 *(SORT_BY_NAME(SORT_BY_ALIGNMENT(.net_if.*)))
                0x0000000020001154                __net_if_end = .

net_if_dev      0x0000000020001154        0x0 load address 0x00000000080039dc
                0x0000000020001154                __net_if_dev_start = .
 *(SORT_BY_ALIGNMENT(.net_if_dev.*))
 *(SORT_BY_NAME(SORT_BY_ALIGNMENT(.net_if_dev.*)))
                0x0000000020001154                __net_if_dev_end = .

net_l2_data     0x0000000020001154        0x0 load address 0x00000000080039dc
                0x0000000020001154                __net_l2_data_start = .
 *(SORT_BY_ALIGNMENT(.net_l2.data))
 *(SORT_BY_NAME(SORT_BY_ALIGNMENT(.net_l2.data*)))
                0x0000000020001154                __net_l2_data_end = .
                0x0000000020001154                __data_ram_end = .
                0x0000000020001154                _image_ram_end = .
                0x0000000020001154                _end = .
                0x0000000020020000                __kernel_ram_end = 0x20020000
                0x0000000000020000                __kernel_ram_size = (__kernel_ram_end - __kernel_ram_start)

.ccm_bss        0x0000000010000000        0x0
                0x0000000010000000                __ccm_start = .
                0x0000000010000000                __ccm_bss_start = .
 *(SORT_BY_ALIGNMENT(.ccm_bss))
 *(SORT_BY_ALIGNMENT(.ccm_bss.*))
                0x0000000010000000                __ccm_bss_end = .

.ccm_noinit     0x0000000010000000        0x0
                0x0000000010000000                __ccm_noinit_start = .
 *(SORT_BY_ALIGNMENT(.ccm_noinit))
 *(SORT_BY_ALIGNMENT(.ccm_noinit.*))
                0x0000000010000000                __ccm_noinit_end = .

.ccm_data       0x0000000010000000        0x0 load address 0x00000000080039dc
                0x0000000010000000                __ccm_data_start = .
 *(SORT_BY_ALIGNMENT(.ccm_data))
 *(SORT_BY_ALIGNMENT(.ccm_data.*))
                0x0000000010000000                __ccm_data_end = .
                0x0000000010000000                __ccm_end = .
                0x00000000080039dc                __ccm_data_rom_start = LOADADDR (.ccm_data)

.stab
 *(SORT_BY_ALIGNMENT(.stab))

.stabstr
 *(SORT_BY_ALIGNMENT(.stabstr))

.stab.excl
 *(SORT_BY_ALIGNMENT(.stab.excl))

.stab.exclstr
 *(SORT_BY_ALIGNMENT(.stab.exclstr))

.stab.index
 *(SORT_BY_ALIGNMENT(.stab.index))

.stab.indexstr
 *(SORT_BY_ALIGNMENT(.stab.indexstr))

.gnu.build.attributes
 *(SORT_BY_ALIGNMENT(.gnu.build.attributes) SORT_BY_ALIGNMENT(.gnu.build.attributes.*))

.comment        0x0000000000000000       0x32
 *(SORT_BY_ALIGNMENT(.comment))
 .comment       0x0000000000000000       0x32 zephyr/CMakeFiles/zephyr_final.dir/isr_tables.c.obj
                                         0x33 (size before relaxing)
 .comment       0x0000000000000032       0x33 app/libapp.a(main.c.obj)
 .comment       0x0000000000000032       0x33 zephyr/libzephyr.a(fdtable.c.obj)
 .comment       0x0000000000000032       0x33 zephyr/libzephyr.a(printk.c.obj)
 .comment       0x0000000000000032       0x33 zephyr/libzephyr.a(thread_entry.c.obj)
 .comment       0x0000000000000032       0x33 zephyr/libzephyr.a(heap.c.obj)
 .comment       0x0000000000000032       0x33 zephyr/libzephyr.a(configs.c.obj)
 .comment       0x0000000000000032       0x33 zephyr/libzephyr.a(soc.c.obj)
 .comment       0x0000000000000032       0x33 zephyr/libzephyr.a(uart_console.c.obj)
 .comment       0x0000000000000032       0x33 zephyr/libzephyr.a(intc_exti_stm32.c.obj)
 .comment       0x0000000000000032       0x33 zephyr/libzephyr.a(clock_stm32_ll_common.c.obj)
 .comment       0x0000000000000032       0x33 zephyr/libzephyr.a(clock_stm32f2_f4_f7.c.obj)
 .comment       0x0000000000000032       0x33 zephyr/libzephyr.a(pinmux_stm32.c.obj)
 .comment       0x0000000000000032       0x33 zephyr/libzephyr.a(sys_clock_init.c.obj)
 .comment       0x0000000000000032       0x33 zephyr/libzephyr.a(cortex_m_systick.c.obj)
 .comment       0x0000000000000032       0x33 zephyr/arch/common/libarch__common.a(isr_tables.c.obj)
 .comment       0x0000000000000032       0x33 zephyr/arch/arch/arm/core/aarch32/libarch__arm__core__aarch32.a(swap.c.obj)
 .comment       0x0000000000000032       0x33 zephyr/arch/arch/arm/core/aarch32/libarch__arm__core__aarch32.a(irq_manage.c.obj)
 .comment       0x0000000000000032       0x33 zephyr/arch/arch/arm/core/aarch32/libarch__arm__core__aarch32.a(thread.c.obj)
 .comment       0x0000000000000032       0x33 zephyr/arch/arch/arm/core/aarch32/libarch__arm__core__aarch32.a(fatal.c.obj)
 .comment       0x0000000000000032       0x33 zephyr/arch/arch/arm/core/aarch32/libarch__arm__core__aarch32.a(nmi.c.obj)
 .comment       0x0000000000000032       0x33 zephyr/arch/arch/arm/core/aarch32/libarch__arm__core__aarch32.a(prep_c.c.obj)
 .comment       0x0000000000000032       0x33 zephyr/arch/arch/arm/core/aarch32/cortex_m/libarch__arm__core__aarch32__cortex_m.a(fault.c.obj)
 .comment       0x0000000000000032       0x33 zephyr/arch/arch/arm/core/aarch32/cortex_m/libarch__arm__core__aarch32__cortex_m.a(irq_init.c.obj)
 .comment       0x0000000000000032       0x33 zephyr/arch/arch/arm/core/aarch32/cortex_m/libarch__arm__core__aarch32__cortex_m.a(thread_abort.c.obj)
 .comment       0x0000000000000032       0x33 zephyr/arch/arch/arm/core/aarch32/cortex_m/mpu/libarch__arm__core__aarch32__cortex_m__mpu.a(arm_core_mpu.c.obj)
 .comment       0x0000000000000032       0x33 zephyr/arch/arch/arm/core/aarch32/cortex_m/mpu/libarch__arm__core__aarch32__cortex_m__mpu.a(arm_mpu.c.obj)
 .comment       0x0000000000000032       0x33 zephyr/lib/libc/minimal/liblib__libc__minimal.a(string.c.obj)
 .comment       0x0000000000000032       0x33 zephyr/lib/libc/minimal/liblib__libc__minimal.a(stdout_console.c.obj)
 .comment       0x0000000000000032       0x33 zephyr/soc/arm/common/cortex_m/libsoc__arm__common__cortex_m.a(arm_mpu_regions.c.obj)
 .comment       0x0000000000000032       0x33 zephyr/boards/arm/stm32f4_disco/libboards__arm__stm32f4_disco.a(pinmux.c.obj)
 .comment       0x0000000000000032       0x33 zephyr/drivers/gpio/libdrivers__gpio.a(gpio_stm32.c.obj)
 .comment       0x0000000000000032       0x33 zephyr/drivers/pwm/libdrivers__pwm.a(pwm_stm32.c.obj)
 .comment       0x0000000000000032       0x33 zephyr/drivers/serial/libdrivers__serial.a(uart_stm32.c.obj)
 .comment       0x0000000000000032       0x33 modules/stm32/stm32cube/lib..__modules__hal__stm32__stm32cube.a(system_stm32f4xx.c.obj)
 .comment       0x0000000000000032       0x33 modules/stm32/stm32cube/lib..__modules__hal__stm32__stm32cube.a(stm32f4xx_hal_tim.c.obj)
 .comment       0x0000000000000032       0x33 modules/stm32/stm32cube/lib..__modules__hal__stm32__stm32cube.a(stm32f4xx_ll_utils.c.obj)
 .comment       0x0000000000000032       0x33 zephyr/kernel/libkernel.a(device.c.obj)
 .comment       0x0000000000000032       0x33 zephyr/kernel/libkernel.a(errno.c.obj)
 .comment       0x0000000000000032       0x33 zephyr/kernel/libkernel.a(fatal.c.obj)
 .comment       0x0000000000000032       0x33 zephyr/kernel/libkernel.a(init.c.obj)
 .comment       0x0000000000000032       0x33 zephyr/kernel/libkernel.a(sched.c.obj)
 .comment       0x0000000000000032       0x33 zephyr/kernel/libkernel.a(thread.c.obj)
 .comment       0x0000000000000032       0x33 zephyr/kernel/libkernel.a(timeout.c.obj)
 .comment       0x0000000000000032       0x33 zephyr/kernel/libkernel.a(idle.c.obj)
 .comment       0x0000000000000032       0x33 zephyr/kernel/libkernel.a(kheap.c.obj)
 .comment       0x0000000000000032       0x33 zephyr/CMakeFiles/offsets.dir/./arch/arm/core/offsets/offsets.c.obj

.debug
 *(SORT_BY_ALIGNMENT(.debug))

.line
 *(SORT_BY_ALIGNMENT(.line))

.debug_srcinfo
 *(SORT_BY_ALIGNMENT(.debug_srcinfo))

.debug_sfnames
 *(SORT_BY_ALIGNMENT(.debug_sfnames))

.debug_aranges  0x0000000000000000     0x1020
 *(SORT_BY_ALIGNMENT(.debug_aranges))
 .debug_aranges
                0x0000000000000000       0x28 zephyr/arch/arch/arm/core/aarch32/libarch__arm__core__aarch32.a(swap_helper.S.obj)
 .debug_aranges
                0x0000000000000028       0x30 zephyr/arch/arch/arm/core/aarch32/libarch__arm__core__aarch32.a(cpu_idle.S.obj)
 .debug_aranges
                0x0000000000000058       0x20 zephyr/arch/arch/arm/core/aarch32/libarch__arm__core__aarch32.a(nmi_on_reset.S.obj)
 .debug_aranges
                0x0000000000000078       0x20 zephyr/arch/arch/arm/core/aarch32/libarch__arm__core__aarch32.a(isr_wrapper.S.obj)
 .debug_aranges
                0x0000000000000098       0x20 zephyr/arch/arch/arm/core/aarch32/cortex_m/libarch__arm__core__aarch32__cortex_m.a(reset.S.obj)
 .debug_aranges
                0x00000000000000b8       0x20 zephyr/arch/arch/arm/core/aarch32/cortex_m/libarch__arm__core__aarch32__cortex_m.a(fault_s.S.obj)
 .debug_aranges
                0x00000000000000d8       0x20 zephyr/arch/arch/arm/core/aarch32/cortex_m/libarch__arm__core__aarch32__cortex_m.a(exc_exit.S.obj)
 .debug_aranges
                0x00000000000000f8       0x18 zephyr/CMakeFiles/zephyr_final.dir/isr_tables.c.obj
 .debug_aranges
                0x0000000000000110       0x20 app/libapp.a(main.c.obj)
 .debug_aranges
                0x0000000000000130       0x50 zephyr/libzephyr.a(fdtable.c.obj)
 .debug_aranges
                0x0000000000000180       0x80 zephyr/libzephyr.a(printk.c.obj)
 .debug_aranges
                0x0000000000000200       0x20 zephyr/libzephyr.a(thread_entry.c.obj)
 .debug_aranges
                0x0000000000000220       0x60 zephyr/libzephyr.a(heap.c.obj)
 .debug_aranges
                0x0000000000000280       0x20 zephyr/libzephyr.a(configs.c.obj)
 .debug_aranges
                0x00000000000002a0       0x20 zephyr/libzephyr.a(soc.c.obj)
 .debug_aranges
                0x00000000000002c0       0x28 zephyr/libzephyr.a(uart_console.c.obj)
 .debug_aranges
                0x00000000000002e8       0xa8 zephyr/libzephyr.a(intc_exti_stm32.c.obj)
 .debug_aranges
                0x0000000000000390       0x38 zephyr/libzephyr.a(clock_stm32_ll_common.c.obj)
 .debug_aranges
                0x00000000000003c8       0x30 zephyr/libzephyr.a(clock_stm32f2_f4_f7.c.obj)
 .debug_aranges
                0x00000000000003f8       0x28 zephyr/libzephyr.a(pinmux_stm32.c.obj)
 .debug_aranges
                0x0000000000000420       0x40 zephyr/libzephyr.a(sys_clock_init.c.obj)
 .debug_aranges
                0x0000000000000460       0x58 zephyr/libzephyr.a(cortex_m_systick.c.obj)
 .debug_aranges
                0x00000000000004b8       0x18 zephyr/arch/common/libarch__common.a(isr_tables.c.obj)
 .debug_aranges
                0x00000000000004d0       0x20 zephyr/arch/arch/arm/core/aarch32/libarch__arm__core__aarch32.a(swap.c.obj)
 .debug_aranges
                0x00000000000004f0       0x40 zephyr/arch/arch/arm/core/aarch32/libarch__arm__core__aarch32.a(irq_manage.c.obj)
 .debug_aranges
                0x0000000000000530       0x28 zephyr/arch/arch/arm/core/aarch32/libarch__arm__core__aarch32.a(thread.c.obj)
 .debug_aranges
                0x0000000000000558       0x30 zephyr/arch/arch/arm/core/aarch32/libarch__arm__core__aarch32.a(fatal.c.obj)
 .debug_aranges
                0x0000000000000588       0x20 zephyr/arch/arch/arm/core/aarch32/libarch__arm__core__aarch32.a(nmi.c.obj)
 .debug_aranges
                0x00000000000005a8       0x20 zephyr/arch/arch/arm/core/aarch32/libarch__arm__core__aarch32.a(prep_c.c.obj)
 .debug_aranges
                0x00000000000005c8       0x40 zephyr/arch/arch/arm/core/aarch32/cortex_m/libarch__arm__core__aarch32__cortex_m.a(fault.c.obj)
 .debug_aranges
                0x0000000000000608       0x20 zephyr/arch/arch/arm/core/aarch32/cortex_m/libarch__arm__core__aarch32__cortex_m.a(irq_init.c.obj)
 .debug_aranges
                0x0000000000000628       0x20 zephyr/arch/arch/arm/core/aarch32/cortex_m/libarch__arm__core__aarch32__cortex_m.a(thread_abort.c.obj)
 .debug_aranges
                0x0000000000000648       0x28 zephyr/arch/arch/arm/core/aarch32/cortex_m/mpu/libarch__arm__core__aarch32__cortex_m__mpu.a(arm_core_mpu.c.obj)
 .debug_aranges
                0x0000000000000670       0x48 zephyr/arch/arch/arm/core/aarch32/cortex_m/mpu/libarch__arm__core__aarch32__cortex_m__mpu.a(arm_mpu.c.obj)
 .debug_aranges
                0x00000000000006b8       0x90 zephyr/lib/libc/minimal/liblib__libc__minimal.a(string.c.obj)
 .debug_aranges
                0x0000000000000748       0x58 zephyr/lib/libc/minimal/liblib__libc__minimal.a(stdout_console.c.obj)
 .debug_aranges
                0x00000000000007a0       0x18 zephyr/soc/arm/common/cortex_m/libsoc__arm__common__cortex_m.a(arm_mpu_regions.c.obj)
 .debug_aranges
                0x00000000000007b8       0x20 zephyr/boards/arm/stm32f4_disco/libboards__arm__stm32f4_disco.a(pinmux.c.obj)
 .debug_aranges
                0x00000000000007d8       0x80 zephyr/drivers/gpio/libdrivers__gpio.a(gpio_stm32.c.obj)
 .debug_aranges
                0x0000000000000858       0x30 zephyr/drivers/pwm/libdrivers__pwm.a(pwm_stm32.c.obj)
 .debug_aranges
                0x0000000000000888       0x58 zephyr/drivers/serial/libdrivers__serial.a(uart_stm32.c.obj)
 .debug_aranges
                0x00000000000008e0       0x28 modules/stm32/stm32cube/lib..__modules__hal__stm32__stm32cube.a(system_stm32f4xx.c.obj)
 .debug_aranges
                0x0000000000000908      0x278 modules/stm32/stm32cube/lib..__modules__hal__stm32__stm32cube.a(stm32f4xx_hal_tim.c.obj)
 .debug_aranges
                0x0000000000000b80       0x58 modules/stm32/stm32cube/lib..__modules__hal__stm32__stm32cube.a(stm32f4xx_ll_utils.c.obj)
 .debug_aranges
                0x0000000000000bd8       0x30 zephyr/kernel/libkernel.a(device.c.obj)
 .debug_aranges
                0x0000000000000c08       0x20 zephyr/kernel/libkernel.a(errno.c.obj)
 .debug_aranges
                0x0000000000000c28       0x38 zephyr/kernel/libkernel.a(fatal.c.obj)
 .debug_aranges
                0x0000000000000c60       0x40 zephyr/kernel/libkernel.a(init.c.obj)
 .debug_aranges
                0x0000000000000ca0      0x1c0 zephyr/kernel/libkernel.a(sched.c.obj)
 .debug_aranges
                0x0000000000000e60       0xa0 zephyr/kernel/libkernel.a(thread.c.obj)
 .debug_aranges
                0x0000000000000f00       0x90 zephyr/kernel/libkernel.a(timeout.c.obj)
 .debug_aranges
                0x0000000000000f90       0x28 zephyr/kernel/libkernel.a(idle.c.obj)
 .debug_aranges
                0x0000000000000fb8       0x48 zephyr/kernel/libkernel.a(kheap.c.obj)
 .debug_aranges
                0x0000000000001000       0x20 zephyr/CMakeFiles/offsets.dir/./arch/arm/core/offsets/offsets.c.obj

.debug_pubnames
 *(SORT_BY_ALIGNMENT(.debug_pubnames))

.debug_info     0x0000000000000000    0x356d0
 *(SORT_BY_ALIGNMENT(.debug_info) SORT_BY_ALIGNMENT(.gnu.linkonce.wi.*))
 .debug_info    0x0000000000000000      0x289 zephyr/CMakeFiles/zephyr_final.dir/isr_tables.c.obj
 .debug_info    0x0000000000000289     0x1458 app/libapp.a(main.c.obj)
 .debug_info    0x00000000000016e1      0xf6e zephyr/libzephyr.a(fdtable.c.obj)
 .debug_info    0x000000000000264f     0x13c5 zephyr/libzephyr.a(printk.c.obj)
 .debug_info    0x0000000000003a14      0xa27 zephyr/libzephyr.a(thread_entry.c.obj)
 .debug_info    0x000000000000443b     0x1f2b zephyr/libzephyr.a(heap.c.obj)
 .debug_info    0x0000000000006366       0x38 zephyr/libzephyr.a(configs.c.obj)
 .debug_info    0x000000000000639e      0xadf zephyr/libzephyr.a(soc.c.obj)
 .debug_info    0x0000000000006e7d      0xdb4 zephyr/libzephyr.a(uart_console.c.obj)
 .debug_info    0x0000000000007c31     0x1992 zephyr/libzephyr.a(intc_exti_stm32.c.obj)
 .debug_info    0x00000000000095c3     0x1549 zephyr/libzephyr.a(clock_stm32_ll_common.c.obj)
 .debug_info    0x000000000000ab0c      0xb8d zephyr/libzephyr.a(clock_stm32f2_f4_f7.c.obj)
 .debug_info    0x000000000000b699      0xf75 zephyr/libzephyr.a(pinmux_stm32.c.obj)
 .debug_info    0x000000000000c60e      0xb47 zephyr/libzephyr.a(sys_clock_init.c.obj)
 .debug_info    0x000000000000d155     0x1501 zephyr/libzephyr.a(cortex_m_systick.c.obj)
 .debug_info    0x000000000000e656      0x2c3 zephyr/arch/common/libarch__common.a(isr_tables.c.obj)
 .debug_info    0x000000000000e919      0xb7a zephyr/arch/arch/arm/core/aarch32/libarch__arm__core__aarch32.a(swap.c.obj)
 .debug_info    0x000000000000f493       0x22 zephyr/arch/arch/arm/core/aarch32/libarch__arm__core__aarch32.a(swap_helper.S.obj)
 .debug_info    0x000000000000f4b5     0x105e zephyr/arch/arch/arm/core/aarch32/libarch__arm__core__aarch32.a(irq_manage.c.obj)
 .debug_info    0x0000000000010513      0xce0 zephyr/arch/arch/arm/core/aarch32/libarch__arm__core__aarch32.a(thread.c.obj)
 .debug_info    0x00000000000111f3       0x22 zephyr/arch/arch/arm/core/aarch32/libarch__arm__core__aarch32.a(cpu_idle.S.obj)
 .debug_info    0x0000000000011215      0xe5d zephyr/arch/arch/arm/core/aarch32/libarch__arm__core__aarch32.a(fatal.c.obj)
 .debug_info    0x0000000000012072      0x920 zephyr/arch/arch/arm/core/aarch32/libarch__arm__core__aarch32.a(nmi.c.obj)
 .debug_info    0x0000000000012992       0x26 zephyr/arch/arch/arm/core/aarch32/libarch__arm__core__aarch32.a(nmi_on_reset.S.obj)
 .debug_info    0x00000000000129b8      0xe65 zephyr/arch/arch/arm/core/aarch32/libarch__arm__core__aarch32.a(prep_c.c.obj)
 .debug_info    0x000000000001381d       0x26 zephyr/arch/arch/arm/core/aarch32/libarch__arm__core__aarch32.a(isr_wrapper.S.obj)
 .debug_info    0x0000000000013843       0x26 zephyr/arch/arch/arm/core/aarch32/cortex_m/libarch__arm__core__aarch32__cortex_m.a(reset.S.obj)
 .debug_info    0x0000000000013869       0x26 zephyr/arch/arch/arm/core/aarch32/cortex_m/libarch__arm__core__aarch32__cortex_m.a(fault_s.S.obj)
 .debug_info    0x000000000001388f     0x17dd zephyr/arch/arch/arm/core/aarch32/cortex_m/libarch__arm__core__aarch32__cortex_m.a(fault.c.obj)
 .debug_info    0x000000000001506c       0x26 zephyr/arch/arch/arm/core/aarch32/cortex_m/libarch__arm__core__aarch32__cortex_m.a(exc_exit.S.obj)
 .debug_info    0x0000000000015092      0x7fb zephyr/arch/arch/arm/core/aarch32/cortex_m/libarch__arm__core__aarch32__cortex_m.a(irq_init.c.obj)
 .debug_info    0x000000000001588d      0xc4c zephyr/arch/arch/arm/core/aarch32/cortex_m/libarch__arm__core__aarch32__cortex_m.a(thread_abort.c.obj)
 .debug_info    0x00000000000164d9      0xd31 zephyr/arch/arch/arm/core/aarch32/cortex_m/mpu/libarch__arm__core__aarch32__cortex_m__mpu.a(arm_core_mpu.c.obj)
 .debug_info    0x000000000001720a     0x1608 zephyr/arch/arch/arm/core/aarch32/cortex_m/mpu/libarch__arm__core__aarch32__cortex_m__mpu.a(arm_mpu.c.obj)
 .debug_info    0x0000000000018812      0x70d zephyr/lib/libc/minimal/liblib__libc__minimal.a(string.c.obj)
 .debug_info    0x0000000000018f1f      0x691 zephyr/lib/libc/minimal/liblib__libc__minimal.a(stdout_console.c.obj)
 .debug_info    0x00000000000195b0      0x23c zephyr/soc/arm/common/cortex_m/libsoc__arm__common__cortex_m.a(arm_mpu_regions.c.obj)
 .debug_info    0x00000000000197ec      0xab4 zephyr/boards/arm/stm32f4_disco/libboards__arm__stm32f4_disco.a(pinmux.c.obj)
 .debug_info    0x000000000001a2a0     0x2da0 zephyr/drivers/gpio/libdrivers__gpio.a(gpio_stm32.c.obj)
 .debug_info    0x000000000001d040     0x18e9 zephyr/drivers/pwm/libdrivers__pwm.a(pwm_stm32.c.obj)
 .debug_info    0x000000000001e929     0x2596 zephyr/drivers/serial/libdrivers__serial.a(uart_stm32.c.obj)
 .debug_info    0x0000000000020ebf      0x58e modules/stm32/stm32cube/lib..__modules__hal__stm32__stm32cube.a(system_stm32f4xx.c.obj)
 .debug_info    0x000000000002144d     0x3c1f modules/stm32/stm32cube/lib..__modules__hal__stm32__stm32cube.a(stm32f4xx_hal_tim.c.obj)
 .debug_info    0x000000000002506c      0xd9f modules/stm32/stm32cube/lib..__modules__hal__stm32__stm32cube.a(stm32f4xx_ll_utils.c.obj)
 .debug_info    0x0000000000025e0b      0xb33 zephyr/kernel/libkernel.a(device.c.obj)
 .debug_info    0x000000000002693e      0x97c zephyr/kernel/libkernel.a(errno.c.obj)
 .debug_info    0x00000000000272ba     0x1490 zephyr/kernel/libkernel.a(fatal.c.obj)
 .debug_info    0x000000000002874a     0x1e54 zephyr/kernel/libkernel.a(init.c.obj)
 .debug_info    0x000000000002a59e     0x5742 zephyr/kernel/libkernel.a(sched.c.obj)
 .debug_info    0x000000000002fce0     0x17d2 zephyr/kernel/libkernel.a(thread.c.obj)
 .debug_info    0x00000000000314b2     0x1d02 zephyr/kernel/libkernel.a(timeout.c.obj)
 .debug_info    0x00000000000331b4      0xa82 zephyr/kernel/libkernel.a(idle.c.obj)
 .debug_info    0x0000000000033c36     0x116a zephyr/kernel/libkernel.a(kheap.c.obj)
 .debug_info    0x0000000000034da0      0x930 zephyr/CMakeFiles/offsets.dir/./arch/arm/core/offsets/offsets.c.obj

.debug_abbrev   0x0000000000000000     0x997d
 *(SORT_BY_ALIGNMENT(.debug_abbrev))
 .debug_abbrev  0x0000000000000000      0x111 zephyr/CMakeFiles/zephyr_final.dir/isr_tables.c.obj
 .debug_abbrev  0x0000000000000111      0x3dd app/libapp.a(main.c.obj)
 .debug_abbrev  0x00000000000004ee      0x3fa zephyr/libzephyr.a(fdtable.c.obj)
 .debug_abbrev  0x00000000000008e8      0x520 zephyr/libzephyr.a(printk.c.obj)
 .debug_abbrev  0x0000000000000e08      0x283 zephyr/libzephyr.a(thread_entry.c.obj)
 .debug_abbrev  0x000000000000108b      0x3d6 zephyr/libzephyr.a(heap.c.obj)
 .debug_abbrev  0x0000000000001461       0x2e zephyr/libzephyr.a(configs.c.obj)
 .debug_abbrev  0x000000000000148f      0x2bd zephyr/libzephyr.a(soc.c.obj)
 .debug_abbrev  0x000000000000174c      0x3a0 zephyr/libzephyr.a(uart_console.c.obj)
 .debug_abbrev  0x0000000000001aec      0x503 zephyr/libzephyr.a(intc_exti_stm32.c.obj)
 .debug_abbrev  0x0000000000001fef      0x490 zephyr/libzephyr.a(clock_stm32_ll_common.c.obj)
 .debug_abbrev  0x000000000000247f      0x264 zephyr/libzephyr.a(clock_stm32f2_f4_f7.c.obj)
 .debug_abbrev  0x00000000000026e3      0x34f zephyr/libzephyr.a(pinmux_stm32.c.obj)
 .debug_abbrev  0x0000000000002a32      0x28c zephyr/libzephyr.a(sys_clock_init.c.obj)
 .debug_abbrev  0x0000000000002cbe      0x432 zephyr/libzephyr.a(cortex_m_systick.c.obj)
 .debug_abbrev  0x00000000000030f0      0x111 zephyr/arch/common/libarch__common.a(isr_tables.c.obj)
 .debug_abbrev  0x0000000000003201      0x251 zephyr/arch/arch/arm/core/aarch32/libarch__arm__core__aarch32.a(swap.c.obj)
 .debug_abbrev  0x0000000000003452       0x12 zephyr/arch/arch/arm/core/aarch32/libarch__arm__core__aarch32.a(swap_helper.S.obj)
 .debug_abbrev  0x0000000000003464      0x335 zephyr/arch/arch/arm/core/aarch32/libarch__arm__core__aarch32.a(irq_manage.c.obj)
 .debug_abbrev  0x0000000000003799      0x2fc zephyr/arch/arch/arm/core/aarch32/libarch__arm__core__aarch32.a(thread.c.obj)
 .debug_abbrev  0x0000000000003a95       0x12 zephyr/arch/arch/arm/core/aarch32/libarch__arm__core__aarch32.a(cpu_idle.S.obj)
 .debug_abbrev  0x0000000000003aa7      0x396 zephyr/arch/arch/arm/core/aarch32/libarch__arm__core__aarch32.a(fatal.c.obj)
 .debug_abbrev  0x0000000000003e3d      0x1e6 zephyr/arch/arch/arm/core/aarch32/libarch__arm__core__aarch32.a(nmi.c.obj)
 .debug_abbrev  0x0000000000004023       0x14 zephyr/arch/arch/arm/core/aarch32/libarch__arm__core__aarch32.a(nmi_on_reset.S.obj)
 .debug_abbrev  0x0000000000004037      0x2ef zephyr/arch/arch/arm/core/aarch32/libarch__arm__core__aarch32.a(prep_c.c.obj)
 .debug_abbrev  0x0000000000004326       0x14 zephyr/arch/arch/arm/core/aarch32/libarch__arm__core__aarch32.a(isr_wrapper.S.obj)
 .debug_abbrev  0x000000000000433a       0x14 zephyr/arch/arch/arm/core/aarch32/cortex_m/libarch__arm__core__aarch32__cortex_m.a(reset.S.obj)
 .debug_abbrev  0x000000000000434e       0x14 zephyr/arch/arch/arm/core/aarch32/cortex_m/libarch__arm__core__aarch32__cortex_m.a(fault_s.S.obj)
 .debug_abbrev  0x0000000000004362      0x46e zephyr/arch/arch/arm/core/aarch32/cortex_m/libarch__arm__core__aarch32__cortex_m.a(fault.c.obj)
 .debug_abbrev  0x00000000000047d0       0x14 zephyr/arch/arch/arm/core/aarch32/cortex_m/libarch__arm__core__aarch32__cortex_m.a(exc_exit.S.obj)
 .debug_abbrev  0x00000000000047e4      0x1e6 zephyr/arch/arch/arm/core/aarch32/cortex_m/libarch__arm__core__aarch32__cortex_m.a(irq_init.c.obj)
 .debug_abbrev  0x00000000000049ca      0x2ed zephyr/arch/arch/arm/core/aarch32/cortex_m/libarch__arm__core__aarch32__cortex_m.a(thread_abort.c.obj)
 .debug_abbrev  0x0000000000004cb7      0x223 zephyr/arch/arch/arm/core/aarch32/cortex_m/mpu/libarch__arm__core__aarch32__cortex_m__mpu.a(arm_core_mpu.c.obj)
 .debug_abbrev  0x0000000000004eda      0x4fc zephyr/arch/arch/arm/core/aarch32/cortex_m/mpu/libarch__arm__core__aarch32__cortex_m__mpu.a(arm_mpu.c.obj)
 .debug_abbrev  0x00000000000053d6      0x1a2 zephyr/lib/libc/minimal/liblib__libc__minimal.a(string.c.obj)
 .debug_abbrev  0x0000000000005578      0x25a zephyr/lib/libc/minimal/liblib__libc__minimal.a(stdout_console.c.obj)
 .debug_abbrev  0x00000000000057d2       0xe2 zephyr/soc/arm/common/cortex_m/libsoc__arm__common__cortex_m.a(arm_mpu_regions.c.obj)
 .debug_abbrev  0x00000000000058b4      0x242 zephyr/boards/arm/stm32f4_disco/libboards__arm__stm32f4_disco.a(pinmux.c.obj)
 .debug_abbrev  0x0000000000005af6      0x53d zephyr/drivers/gpio/libdrivers__gpio.a(gpio_stm32.c.obj)
 .debug_abbrev  0x0000000000006033      0x42f zephyr/drivers/pwm/libdrivers__pwm.a(pwm_stm32.c.obj)
 .debug_abbrev  0x0000000000006462      0x550 zephyr/drivers/serial/libdrivers__serial.a(uart_stm32.c.obj)
 .debug_abbrev  0x00000000000069b2      0x148 modules/stm32/stm32cube/lib..__modules__hal__stm32__stm32cube.a(system_stm32f4xx.c.obj)
 .debug_abbrev  0x0000000000006afa      0x376 modules/stm32/stm32cube/lib..__modules__hal__stm32__stm32cube.a(stm32f4xx_hal_tim.c.obj)
 .debug_abbrev  0x0000000000006e70      0x2fa modules/stm32/stm32cube/lib..__modules__hal__stm32__stm32cube.a(stm32f4xx_ll_utils.c.obj)
 .debug_abbrev  0x000000000000716a      0x2cf zephyr/kernel/libkernel.a(device.c.obj)
 .debug_abbrev  0x0000000000007439      0x1e2 zephyr/kernel/libkernel.a(errno.c.obj)
 .debug_abbrev  0x000000000000761b      0x43c zephyr/kernel/libkernel.a(fatal.c.obj)
 .debug_abbrev  0x0000000000007a57      0x5e2 zephyr/kernel/libkernel.a(init.c.obj)
 .debug_abbrev  0x0000000000008039      0x65c zephyr/kernel/libkernel.a(sched.c.obj)
 .debug_abbrev  0x0000000000008695      0x57d zephyr/kernel/libkernel.a(thread.c.obj)
 .debug_abbrev  0x0000000000008c12      0x4f7 zephyr/kernel/libkernel.a(timeout.c.obj)
 .debug_abbrev  0x0000000000009109      0x2bd zephyr/kernel/libkernel.a(idle.c.obj)
 .debug_abbrev  0x00000000000093c6      0x3e0 zephyr/kernel/libkernel.a(kheap.c.obj)
 .debug_abbrev  0x00000000000097a6      0x1d7 zephyr/CMakeFiles/offsets.dir/./arch/arm/core/offsets/offsets.c.obj

.debug_line     0x0000000000000000    0x1a683
 *(SORT_BY_ALIGNMENT(.debug_line) SORT_BY_ALIGNMENT(.debug_line.*) SORT_BY_ALIGNMENT(.debug_line_end))
 .debug_line    0x0000000000000000      0x2cf zephyr/CMakeFiles/zephyr_final.dir/isr_tables.c.obj
 .debug_line    0x00000000000002cf      0x717 app/libapp.a(main.c.obj)
 .debug_line    0x00000000000009e6      0x7a0 zephyr/libzephyr.a(fdtable.c.obj)
 .debug_line    0x0000000000001186      0xad8 zephyr/libzephyr.a(printk.c.obj)
 .debug_line    0x0000000000001c5e      0x4f5 zephyr/libzephyr.a(thread_entry.c.obj)
 .debug_line    0x0000000000002153      0xdc7 zephyr/libzephyr.a(heap.c.obj)
 .debug_line    0x0000000000002f1a      0x110 zephyr/libzephyr.a(configs.c.obj)
 .debug_line    0x000000000000302a      0x4ec zephyr/libzephyr.a(soc.c.obj)
 .debug_line    0x0000000000003516      0x5ee zephyr/libzephyr.a(uart_console.c.obj)
 .debug_line    0x0000000000003b04      0x9f6 zephyr/libzephyr.a(intc_exti_stm32.c.obj)
 .debug_line    0x00000000000044fa      0x90a zephyr/libzephyr.a(clock_stm32_ll_common.c.obj)
 .debug_line    0x0000000000004e04      0x53d zephyr/libzephyr.a(clock_stm32f2_f4_f7.c.obj)
 .debug_line    0x0000000000005341      0x74b zephyr/libzephyr.a(pinmux_stm32.c.obj)
 .debug_line    0x0000000000005a8c      0x4f3 zephyr/libzephyr.a(sys_clock_init.c.obj)
 .debug_line    0x0000000000005f7f      0x9f0 zephyr/libzephyr.a(cortex_m_systick.c.obj)
 .debug_line    0x000000000000696f      0x305 zephyr/arch/common/libarch__common.a(isr_tables.c.obj)
 .debug_line    0x0000000000006c74      0x59a zephyr/arch/arch/arm/core/aarch32/libarch__arm__core__aarch32.a(swap.c.obj)
 .debug_line    0x000000000000720e       0xd2 zephyr/arch/arch/arm/core/aarch32/libarch__arm__core__aarch32.a(swap_helper.S.obj)
 .debug_line    0x00000000000072e0      0x5eb zephyr/arch/arch/arm/core/aarch32/libarch__arm__core__aarch32.a(irq_manage.c.obj)
 .debug_line    0x00000000000078cb      0x68c zephyr/arch/arch/arm/core/aarch32/libarch__arm__core__aarch32.a(thread.c.obj)
 .debug_line    0x0000000000007f57       0xb7 zephyr/arch/arch/arm/core/aarch32/libarch__arm__core__aarch32.a(cpu_idle.S.obj)
 .debug_line    0x000000000000800e      0x597 zephyr/arch/arch/arm/core/aarch32/libarch__arm__core__aarch32.a(fatal.c.obj)
 .debug_line    0x00000000000085a5      0x4a1 zephyr/arch/arch/arm/core/aarch32/libarch__arm__core__aarch32.a(nmi.c.obj)
 .debug_line    0x0000000000008a46       0x86 zephyr/arch/arch/arm/core/aarch32/libarch__arm__core__aarch32.a(nmi_on_reset.S.obj)
 .debug_line    0x0000000000008acc      0x645 zephyr/arch/arch/arm/core/aarch32/libarch__arm__core__aarch32.a(prep_c.c.obj)
 .debug_line    0x0000000000009111       0x9d zephyr/arch/arch/arm/core/aarch32/libarch__arm__core__aarch32.a(isr_wrapper.S.obj)
 .debug_line    0x00000000000091ae       0x98 zephyr/arch/arch/arm/core/aarch32/cortex_m/libarch__arm__core__aarch32__cortex_m.a(reset.S.obj)
 .debug_line    0x0000000000009246       0x8f zephyr/arch/arch/arm/core/aarch32/cortex_m/libarch__arm__core__aarch32__cortex_m.a(fault_s.S.obj)
 .debug_line    0x00000000000092d5      0xa46 zephyr/arch/arch/arm/core/aarch32/cortex_m/libarch__arm__core__aarch32__cortex_m.a(fault.c.obj)
 .debug_line    0x0000000000009d1b       0x99 zephyr/arch/arch/arm/core/aarch32/cortex_m/libarch__arm__core__aarch32__cortex_m.a(exc_exit.S.obj)
 .debug_line    0x0000000000009db4      0x3cb zephyr/arch/arch/arm/core/aarch32/cortex_m/libarch__arm__core__aarch32__cortex_m.a(irq_init.c.obj)
 .debug_line    0x000000000000a17f      0x60c zephyr/arch/arch/arm/core/aarch32/cortex_m/libarch__arm__core__aarch32__cortex_m.a(thread_abort.c.obj)
 .debug_line    0x000000000000a78b      0x5b3 zephyr/arch/arch/arm/core/aarch32/cortex_m/mpu/libarch__arm__core__aarch32__cortex_m__mpu.a(arm_core_mpu.c.obj)
 .debug_line    0x000000000000ad3e      0xa12 zephyr/arch/arch/arm/core/aarch32/cortex_m/mpu/libarch__arm__core__aarch32__cortex_m__mpu.a(arm_mpu.c.obj)
 .debug_line    0x000000000000b750      0x5e0 zephyr/lib/libc/minimal/liblib__libc__minimal.a(string.c.obj)
 .debug_line    0x000000000000bd30      0x335 zephyr/lib/libc/minimal/liblib__libc__minimal.a(stdout_console.c.obj)
 .debug_line    0x000000000000c065      0x2cb zephyr/soc/arm/common/cortex_m/libsoc__arm__common__cortex_m.a(arm_mpu_regions.c.obj)
 .debug_line    0x000000000000c330      0x54c zephyr/boards/arm/stm32f4_disco/libboards__arm__stm32f4_disco.a(pinmux.c.obj)
 .debug_line    0x000000000000c87c     0x1172 zephyr/drivers/gpio/libdrivers__gpio.a(gpio_stm32.c.obj)
 .debug_line    0x000000000000d9ee      0x8c4 zephyr/drivers/pwm/libdrivers__pwm.a(pwm_stm32.c.obj)
 .debug_line    0x000000000000e2b2      0xd7c zephyr/drivers/serial/libdrivers__serial.a(uart_stm32.c.obj)
 .debug_line    0x000000000000f02e      0x29f modules/stm32/stm32cube/lib..__modules__hal__stm32__stm32cube.a(system_stm32f4xx.c.obj)
 .debug_line    0x000000000000f2cd     0x3314 modules/stm32/stm32cube/lib..__modules__hal__stm32__stm32cube.a(stm32f4xx_hal_tim.c.obj)
 .debug_line    0x00000000000125e1      0x878 modules/stm32/stm32cube/lib..__modules__hal__stm32__stm32cube.a(stm32f4xx_ll_utils.c.obj)
 .debug_line    0x0000000000012e59      0x5a5 zephyr/kernel/libkernel.a(device.c.obj)
 .debug_line    0x00000000000133fe      0x4b9 zephyr/kernel/libkernel.a(errno.c.obj)
 .debug_line    0x00000000000138b7      0x79d zephyr/kernel/libkernel.a(fatal.c.obj)
 .debug_line    0x0000000000014054      0xae1 zephyr/kernel/libkernel.a(init.c.obj)
 .debug_line    0x0000000000014b35     0x2c60 zephyr/kernel/libkernel.a(sched.c.obj)
 .debug_line    0x0000000000017795      0xb5e zephyr/kernel/libkernel.a(thread.c.obj)
 .debug_line    0x00000000000182f3     0x1034 zephyr/kernel/libkernel.a(timeout.c.obj)
 .debug_line    0x0000000000019327      0x5e3 zephyr/kernel/libkernel.a(idle.c.obj)
 .debug_line    0x000000000001990a      0x7d6 zephyr/kernel/libkernel.a(kheap.c.obj)
 .debug_line    0x000000000001a0e0      0x5a3 zephyr/CMakeFiles/offsets.dir/./arch/arm/core/offsets/offsets.c.obj

.debug_frame    0x0000000000000000     0x25e4
 *(SORT_BY_ALIGNMENT(.debug_frame))
 .debug_frame   0x0000000000000000       0x2c app/libapp.a(main.c.obj)
 .debug_frame   0x000000000000002c       0xb4 zephyr/libzephyr.a(fdtable.c.obj)
 .debug_frame   0x00000000000000e0      0x19c zephyr/libzephyr.a(printk.c.obj)
 .debug_frame   0x000000000000027c       0x28 zephyr/libzephyr.a(thread_entry.c.obj)
 .debug_frame   0x00000000000002a4      0x164 zephyr/libzephyr.a(heap.c.obj)
 .debug_frame   0x0000000000000408       0x20 zephyr/libzephyr.a(configs.c.obj)
 .debug_frame   0x0000000000000428       0x20 zephyr/libzephyr.a(soc.c.obj)
 .debug_frame   0x0000000000000448       0x44 zephyr/libzephyr.a(uart_console.c.obj)
 .debug_frame   0x000000000000048c      0x158 zephyr/libzephyr.a(intc_exti_stm32.c.obj)
 .debug_frame   0x00000000000005e4       0x6c zephyr/libzephyr.a(clock_stm32_ll_common.c.obj)
 .debug_frame   0x0000000000000650       0x48 zephyr/libzephyr.a(clock_stm32f2_f4_f7.c.obj)
 .debug_frame   0x0000000000000698       0x50 zephyr/libzephyr.a(pinmux_stm32.c.obj)
 .debug_frame   0x00000000000006e8       0x70 zephyr/libzephyr.a(sys_clock_init.c.obj)
 .debug_frame   0x0000000000000758       0xc0 zephyr/libzephyr.a(cortex_m_systick.c.obj)
 .debug_frame   0x0000000000000818       0x20 zephyr/arch/arch/arm/core/aarch32/libarch__arm__core__aarch32.a(swap.c.obj)
 .debug_frame   0x0000000000000838       0x60 zephyr/arch/arch/arm/core/aarch32/libarch__arm__core__aarch32.a(irq_manage.c.obj)
 .debug_frame   0x0000000000000898       0x40 zephyr/arch/arch/arm/core/aarch32/libarch__arm__core__aarch32.a(thread.c.obj)
 .debug_frame   0x00000000000008d8       0x48 zephyr/arch/arch/arm/core/aarch32/libarch__arm__core__aarch32.a(fatal.c.obj)