radio.c:467:16:RadioGetFskBandwidthRegValue	0	static
radio.c:805:6:RadioCheckRfFrequency	0	static
radio.c:810:17:RadioGetLoRaBandwidthInHz	0	static
radio.c:848:17:RadioGetGfskTimeOnAirNumerator	0	static
radio.c:864:17:RadioGetLoRaTimeOnAirNumerator	16	static
radio.c:929:10:RadioTimeOnAir	40	static
radio.c:1173:6:RadioOnTxTimeoutIrq	8	static
radio.c:1181:6:RadioOnRxTimeoutIrq	8	static
radio.c:1189:6:RadioOnDioIrq	0	static
radio.c:1001:6:RadioStandby	8	static
radio.c:488:6:RadioInit	8	static
radio.c:509:14:RadioGetStatus	8	static
radio.c:549:6:RadioSetChannel	8	static
radio.c:588:10:RadioRandom	16	static
radio.c:1134:6:RadioSetMaxPayloadLength	8	static
radio.c:1114:6:RadioWriteBuffer	8	static
radio.c:960:6:RadioSend	24	static
radio.c:988:6:RadioSleep	24	static
radio.c:1007:6:RadioRx	16	static
radio.c:1034:6:RadioRxBoosted	16	static
radio.c:1060:6:RadioSetRxDutyCycle	8	static
radio.c:1066:6:RadioStartCad	8	static
radio.c:1078:6:RadioSetTxContinuousWave	16	static
radio.c:1091:9:RadioRssi	16	static
radio.c:1100:6:RadioWrite	16	static
radio.c:1105:9:RadioRead	16	static
radio.c:1119:6:RadioReadBuffer	8	static
radio.c:1151:6:RadioSetPublicNetwork	8	static
radio.c:526:6:RadioSetModem	8	static
radio.c:599:6:RadioSetRxConfig	48	static
radio.c:554:6:RadioIsChannelFree	64	static
radio.c:712:6:RadioSetTxConfig	40	static
radio.c:1168:10:RadioGetWakeupTime	8	static
radio.c:1206:13:lr1110_system_irq_process	32	static,ignoring_inline_asm
radio.c:1240:6:RadioIrqProcess	24	static,ignoring_inline_asm
radio.c:1072:6:RadioTx	8	static
radio.c:1124:6:RadioWriteFifo	8	static
radio.c:1129:6:RadioReadFifo	8	static
