Archive member included to satisfy reference by file (symbol)

/usr/lib/gcc/arm-none-eabi/9.2.1/../../../arm-none-eabi/lib/thumb/v7e-m+fp/hard/libc_nano.a(lib_a-atexit.o)
                              /usr/lib/gcc/arm-none-eabi/9.2.1/../../../arm-none-eabi/lib/thumb/v7e-m+fp/hard/crt0.o (atexit)
/usr/lib/gcc/arm-none-eabi/9.2.1/../../../arm-none-eabi/lib/thumb/v7e-m+fp/hard/libc_nano.a(lib_a-exit.o)
                              /usr/lib/gcc/arm-none-eabi/9.2.1/../../../arm-none-eabi/lib/thumb/v7e-m+fp/hard/crt0.o (exit)
/usr/lib/gcc/arm-none-eabi/9.2.1/../../../arm-none-eabi/lib/thumb/v7e-m+fp/hard/libc_nano.a(lib_a-fini.o)
                              /usr/lib/gcc/arm-none-eabi/9.2.1/../../../arm-none-eabi/lib/thumb/v7e-m+fp/hard/crt0.o (__libc_fini_array)
/usr/lib/gcc/arm-none-eabi/9.2.1/../../../arm-none-eabi/lib/thumb/v7e-m+fp/hard/libc_nano.a(lib_a-impure.o)
                              /usr/lib/gcc/arm-none-eabi/9.2.1/../../../arm-none-eabi/lib/thumb/v7e-m+fp/hard/libc_nano.a(lib_a-exit.o) (_global_impure_ptr)
/usr/lib/gcc/arm-none-eabi/9.2.1/../../../arm-none-eabi/lib/thumb/v7e-m+fp/hard/libc_nano.a(lib_a-init.o)
                              /usr/lib/gcc/arm-none-eabi/9.2.1/../../../arm-none-eabi/lib/thumb/v7e-m+fp/hard/crt0.o (__libc_init_array)
/usr/lib/gcc/arm-none-eabi/9.2.1/../../../arm-none-eabi/lib/thumb/v7e-m+fp/hard/libc_nano.a(lib_a-memcpy.o)
                              build/wimod_lorawan_api.o (memcpy)
/usr/lib/gcc/arm-none-eabi/9.2.1/../../../arm-none-eabi/lib/thumb/v7e-m+fp/hard/libc_nano.a(lib_a-memset.o)
                              /usr/lib/gcc/arm-none-eabi/9.2.1/../../../arm-none-eabi/lib/thumb/v7e-m+fp/hard/crt0.o (memset)
/usr/lib/gcc/arm-none-eabi/9.2.1/../../../arm-none-eabi/lib/thumb/v7e-m+fp/hard/libc_nano.a(lib_a-strchr.o)
                              build/serial_device.o (strchr)
/usr/lib/gcc/arm-none-eabi/9.2.1/../../../arm-none-eabi/lib/thumb/v7e-m+fp/hard/libc_nano.a(lib_a-strlen.o)
                              build/usart.o (strlen)
/usr/lib/gcc/arm-none-eabi/9.2.1/../../../arm-none-eabi/lib/thumb/v7e-m+fp/hard/libc_nano.a(lib_a-strtok.o)
                              build/serial_device.o (strtok)
/usr/lib/gcc/arm-none-eabi/9.2.1/../../../arm-none-eabi/lib/thumb/v7e-m+fp/hard/libc_nano.a(lib_a-strtok_r.o)
                              /usr/lib/gcc/arm-none-eabi/9.2.1/../../../arm-none-eabi/lib/thumb/v7e-m+fp/hard/libc_nano.a(lib_a-strtok.o) (__strtok_r)
/usr/lib/gcc/arm-none-eabi/9.2.1/../../../arm-none-eabi/lib/thumb/v7e-m+fp/hard/libc_nano.a(lib_a-vsnprintf.o)
                              build/usart.o (vsnprintf)
/usr/lib/gcc/arm-none-eabi/9.2.1/../../../arm-none-eabi/lib/thumb/v7e-m+fp/hard/libc_nano.a(lib_a-__atexit.o)
                              /usr/lib/gcc/arm-none-eabi/9.2.1/../../../arm-none-eabi/lib/thumb/v7e-m+fp/hard/libc_nano.a(lib_a-atexit.o) (__register_exitproc)
/usr/lib/gcc/arm-none-eabi/9.2.1/../../../arm-none-eabi/lib/thumb/v7e-m+fp/hard/libc_nano.a(lib_a-__call_atexit.o)
                              /usr/lib/gcc/arm-none-eabi/9.2.1/../../../arm-none-eabi/lib/thumb/v7e-m+fp/hard/libc_nano.a(lib_a-__atexit.o) (__call_exitprocs)
/usr/lib/gcc/arm-none-eabi/9.2.1/../../../arm-none-eabi/lib/thumb/v7e-m+fp/hard/libc_nano.a(lib_a-assert.o)
                              /usr/lib/gcc/arm-none-eabi/9.2.1/../../../arm-none-eabi/lib/thumb/v7e-m+fp/hard/libc_nano.a(lib_a-strtok.o) (__assert_func)
/usr/lib/gcc/arm-none-eabi/9.2.1/../../../arm-none-eabi/lib/thumb/v7e-m+fp/hard/libc_nano.a(lib_a-fprintf.o)
                              /usr/lib/gcc/arm-none-eabi/9.2.1/../../../arm-none-eabi/lib/thumb/v7e-m+fp/hard/libc_nano.a(lib_a-assert.o) (fiprintf)
/usr/lib/gcc/arm-none-eabi/9.2.1/../../../arm-none-eabi/lib/thumb/v7e-m+fp/hard/libc_nano.a(lib_a-malloc.o)
                              /usr/lib/gcc/arm-none-eabi/9.2.1/../../../arm-none-eabi/lib/thumb/v7e-m+fp/hard/libc_nano.a(lib_a-strtok.o) (malloc)
/usr/lib/gcc/arm-none-eabi/9.2.1/../../../arm-none-eabi/lib/thumb/v7e-m+fp/hard/libc_nano.a(lib_a-nano-freer.o)
                              /usr/lib/gcc/arm-none-eabi/9.2.1/../../../arm-none-eabi/lib/thumb/v7e-m+fp/hard/libc_nano.a(lib_a-malloc.o) (_free_r)
/usr/lib/gcc/arm-none-eabi/9.2.1/../../../arm-none-eabi/lib/thumb/v7e-m+fp/hard/libc_nano.a(lib_a-nano-mallocr.o)
                              /usr/lib/gcc/arm-none-eabi/9.2.1/../../../arm-none-eabi/lib/thumb/v7e-m+fp/hard/libc_nano.a(lib_a-malloc.o) (_malloc_r)
/usr/lib/gcc/arm-none-eabi/9.2.1/../../../arm-none-eabi/lib/thumb/v7e-m+fp/hard/libc_nano.a(lib_a-nano-svfprintf.o)
                              /usr/lib/gcc/arm-none-eabi/9.2.1/../../../arm-none-eabi/lib/thumb/v7e-m+fp/hard/libc_nano.a(lib_a-vsnprintf.o) (_svfprintf_r)
/usr/lib/gcc/arm-none-eabi/9.2.1/../../../arm-none-eabi/lib/thumb/v7e-m+fp/hard/libc_nano.a(lib_a-nano-vfprintf.o)
                              /usr/lib/gcc/arm-none-eabi/9.2.1/../../../arm-none-eabi/lib/thumb/v7e-m+fp/hard/libc_nano.a(lib_a-fprintf.o) (_vfprintf_r)
[...]
Memory Configuration

Name             Origin             Length             Attributes
RAM              0x0000000020000000 0x0000000000020000 xrw
CCMRAM           0x0000000010000000 0x0000000000010000 xrw
FLASH            0x0000000008000000 0x0000000000100000 xr
*default*        0x0000000000000000 0xffffffffffffffff

Linker script and memory map

LOAD /usr/lib/gcc/arm-none-eabi/9.2.1/thumb/v7e-m+fp/hard/crti.o
LOAD /usr/lib/gcc/arm-none-eabi/9.2.1/thumb/v7e-m+fp/hard/crtbegin.o
LOAD /usr/lib/gcc/arm-none-eabi/9.2.1/../../../arm-none-eabi/lib/thumb/v7e-m+fp/hard/crt0.o
LOAD build/main.o
LOAD build/gpio.o
LOAD build/stm32f4xx_it.o
LOAD build/stm32f4xx_hal_msp.o
LOAD build/stm32f4xx_board_conf.o
LOAD build/system_stm32f4xx.o
LOAD build/usart.o
LOAD build/crc16.o
LOAD build/slip.o
LOAD build/serial_device.o
LOAD build/wimod_hci_layer.o
LOAD build/wimod_lorawan_api.o
LOAD build/stm32f4xx_hal_tim.o
LOAD build/stm32f4xx_hal_tim_ex.o
LOAD build/stm32f4xx_hal_uart.o
LOAD build/stm32f4xx_hal_rcc.o
LOAD build/stm32f4xx_hal_rcc_ex.o
LOAD build/stm32f4xx_hal_flash.o
LOAD build/stm32f4xx_hal_flash_ex.o
LOAD build/stm32f4xx_hal_flash_ramfunc.o
LOAD build/stm32f4xx_hal_gpio.o
LOAD build/stm32f4xx_hal_dma_ex.o
LOAD build/stm32f4xx_hal_dma.o
LOAD build/stm32f4xx_hal_pwr.o
LOAD build/stm32f4xx_hal_pwr_ex.o
LOAD build/stm32f4xx_hal_cortex.o
LOAD build/stm32f4xx_hal.o
LOAD build/stm32f4xx_hal_exti.o
LOAD build/startup_stm32f407xx.o
LOAD /usr/lib/gcc/arm-none-eabi/9.2.1/../../../arm-none-eabi/lib/thumb/v7e-m+fp/hard/libc_nano.a
LOAD /usr/lib/gcc/arm-none-eabi/9.2.1/../../../arm-none-eabi/lib/thumb/v7e-m+fp/hard/libm.a
LOAD /usr/lib/gcc/arm-none-eabi/9.2.1/../../../arm-none-eabi/lib/thumb/v7e-m+fp/hard/libnosys.a
START GROUP
LOAD /usr/lib/gcc/arm-none-eabi/9.2.1/thumb/v7e-m+fp/hard/libgcc.a
LOAD /usr/lib/gcc/arm-none-eabi/9.2.1/../../../arm-none-eabi/lib/thumb/v7e-m+fp/hard/libc_nano.a
END GROUP
START GROUP
LOAD /usr/lib/gcc/arm-none-eabi/9.2.1/thumb/v7e-m+fp/hard/libgcc.a
LOAD /usr/lib/gcc/arm-none-eabi/9.2.1/../../../arm-none-eabi/lib/thumb/v7e-m+fp/hard/libc_nano.a
END GROUP
LOAD /usr/lib/gcc/arm-none-eabi/9.2.1/thumb/v7e-m+fp/hard/crtend.o
LOAD /usr/lib/gcc/arm-none-eabi/9.2.1/thumb/v7e-m+fp/hard/crtn.o
                0x0000000020020000                _estack = 0x20020000
                0x0000000000000200                _Min_Heap_Size = 0x200
                0x0000000000000400                _Min_Stack_Size = 0x400

.isr_vector     0x0000000008000000      0x188
                0x0000000008000000                . = ALIGN (0x4)
 *(.isr_vector)
 .isr_vector    0x0000000008000000      0x188 build/startup_stm32f407xx.o
                0x0000000008000000                g_pfnVectors
                0x0000000008000188                . = ALIGN (0x4)

.text           0x00000000080001c0     0x5f74
                0x00000000080001c0                . = ALIGN (0x4)
 *(.text)
 .text          0x00000000080001c0       0x88 /usr/lib/gcc/arm-none-eabi/9.2.1/thumb/v7e-m+fp/hard/crtbegin.o
 .text          0x0000000008000248       0x48 /usr/lib/gcc/arm-none-eabi/9.2.1/../../../arm-none-eabi/lib/thumb/v7e-m+fp/hard/libc_nano.a(lib_a-init.o)
                0x0000000008000248                __libc_init_array
 .text          0x0000000008000290      0x134 /usr/lib/gcc/arm-none-eabi/9.2.1/../../../arm-none-eabi/lib/thumb/v7e-m+fp/hard/libc_nano.a(lib_a-memcpy.o)
                0x0000000008000290                memcpy
 .text          0x00000000080003c4       0xa0 /usr/lib/gcc/arm-none-eabi/9.2.1/../../../arm-none-eabi/lib/thumb/v7e-m+fp/hard/libc_nano.a(lib_a-memset.o)
                0x00000000080003c4                memset
 .text          0x0000000008000464       0xc8 /usr/lib/gcc/arm-none-eabi/9.2.1/../../../arm-none-eabi/lib/thumb/v7e-m+fp/hard/libc_nano.a(lib_a-strchr.o)
                0x0000000008000464                strchr
 *fill*         0x000000000800052c       0x14 
 .text          0x0000000008000540       0xdc /usr/lib/gcc/arm-none-eabi/9.2.1/../../../arm-none-eabi/lib/thumb/v7e-m+fp/hard/libc_nano.a(lib_a-strlen.o)
                0x0000000008000540                strlen
 .text          0x000000000800061c       0x6c /usr/lib/gcc/arm-none-eabi/9.2.1/../../../arm-none-eabi/lib/thumb/v7e-m+fp/hard/libc_nano.a(lib_a-strtok.o)
                0x000000000800061c                strtok
 .text          0x0000000008000688       0x70 /usr/lib/gcc/arm-none-eabi/9.2.1/../../../arm-none-eabi/lib/thumb/v7e-m+fp/hard/libc_nano.a(lib_a-strtok_r.o)
                0x0000000008000688                __strtok_r
                0x00000000080006f0                strtok_r
 .text          0x00000000080006f8       0x88 /usr/lib/gcc/arm-none-eabi/9.2.1/../../../arm-none-eabi/lib/thumb/v7e-m+fp/hard/libc_nano.a(lib_a-vsnprintf.o)
                0x00000000080006f8                _vsnprintf_r
                0x00000000080006f8                _vsniprintf_r
                0x0000000008000764                vsnprintf
                0x0000000008000764                vsniprintf
 .text          0x0000000008000780       0x48 /usr/lib/gcc/arm-none-eabi/9.2.1/../../../arm-none-eabi/lib/thumb/v7e-m+fp/hard/libc_nano.a(lib_a-assert.o)
                0x0000000008000780                __assert_func
                0x00000000080007bc                __assert
 .text          0x00000000080007c8       0x44 /usr/lib/gcc/arm-none-eabi/9.2.1/../../../arm-none-eabi/lib/thumb/v7e-m+fp/hard/libc_nano.a(lib_a-fprintf.o)
                0x00000000080007c8                _fprintf_r
                0x00000000080007c8                _fiprintf_r
                0x00000000080007e4                fprintf
                0x00000000080007e4                fiprintf
 .text          0x000000000800080c       0x20 /usr/lib/gcc/arm-none-eabi/9.2.1/../../../arm-none-eabi/lib/thumb/v7e-m+fp/hard/libc_nano.a(lib_a-malloc.o)
                0x000000000800080c                malloc
                0x000000000800081c                free
 .text          0x000000000800082c       0xac /usr/lib/gcc/arm-none-eabi/9.2.1/../../../arm-none-eabi/lib/thumb/v7e-m+fp/hard/libc_nano.a(lib_a-nano-freer.o)
                0x000000000800082c                _free_r
 .text          0x00000000080008d8       0xc8 /usr/lib/gcc/arm-none-eabi/9.2.1/../../../arm-none-eabi/lib/thumb/v7e-m+fp/hard/libc_nano.a(lib_a-nano-mallocr.o)
                0x00000000080008d8                _malloc_r
 .text          0x00000000080009a0      0x42c /usr/lib/gcc/arm-none-eabi/9.2.1/../../../arm-none-eabi/lib/thumb/v7e-m+fp/hard/libc_nano.a(lib_a-nano-svfprintf.o)
                0x00000000080009a0                __ssputs_r
                0x0000000008000a60                __ssprint_r
                0x0000000008000b58                _svfprintf_r
                0x0000000008000b58                _svfiprintf_r
 .text          0x0000000008000dcc      0x364 /usr/lib/gcc/arm-none-eabi/9.2.1/../../../arm-none-eabi/lib/thumb/v7e-m+fp/hard/libc_nano.a(lib_a-nano-vfprintf.o)
                0x0000000008000e08                __sfputs_r
                0x0000000008000e38                __sprint_r
                0x0000000008000e54                _vfiprintf_r
                0x0000000008000e54                _vfprintf_r
                0x0000000008001118                vfiprintf
                0x0000000008001118                vfprintf
 .text          0x0000000008001130      0x3c4 /usr/lib/gcc/arm-none-eabi/9.2.1/../../../arm-none-eabi/lib/thumb/v7e-m+fp/hard/libc_nano.a(lib_a-nano-vfprintf_i.o)
                0x0000000008001130                _printf_common
                0x000000000800125c                _printf_i
 .text          0x00000000080014f4       0x24 /usr/lib/gcc/arm-none-eabi/9.2.1/../../../arm-none-eabi/lib/thumb/v7e-m+fp/hard/libc_nano.a(lib_a-sbrkr.o)
                0x00000000080014f4                _sbrk_r
 .text          0x0000000008001518       0xc0 /usr/lib/gcc/arm-none-eabi/9.2.1/../../../arm-none-eabi/lib/thumb/v7e-m+fp/hard/libc_nano.a(lib_a-wbuf.o)
                0x0000000008001518                __swbuf_r
                0x00000000080015c8                __swbuf
 .text          0x00000000080015d8      0x100 /usr/lib/gcc/arm-none-eabi/9.2.1/../../../arm-none-eabi/lib/thumb/v7e-m+fp/hard/libc_nano.a(lib_a-wsetup.o)
                0x00000000080015d8                __swsetup_r
 .text          0x00000000080016d8       0x10 /usr/lib/gcc/arm-none-eabi/9.2.1/../../../arm-none-eabi/lib/thumb/v7e-m+fp/hard/libc_nano.a(lib_a-abort.o)
                0x00000000080016d8                abort
 .text          0x00000000080016e8      0x1b0 /usr/lib/gcc/arm-none-eabi/9.2.1/../../../arm-none-eabi/lib/thumb/v7e-m+fp/hard/libc_nano.a(lib_a-fflush.o)
                0x00000000080016e8                __sflush_r
                0x0000000008001814                _fflush_r
                0x0000000008001874                fflush
 .text          0x0000000008001898      0x210 /usr/lib/gcc/arm-none-eabi/9.2.1/../../../arm-none-eabi/lib/thumb/v7e-m+fp/hard/libc_nano.a(lib_a-findfp.o)
                0x000000000800189c                _cleanup_r
                0x00000000080018ac                __sfmoreglue
                0x00000000080018dc                __sfp
                0x0000000008001a54                _cleanup
                0x0000000008001a68                __sinit
                0x0000000008001a70                __sfp_lock_acquire
                0x0000000008001a74                __sfp_lock_release
                0x0000000008001a78                __sinit_lock_acquire
                0x0000000008001a7c                __sinit_lock_release
                0x0000000008001a80                __fp_lock_all
                0x0000000008001a94                __fp_unlock_all
 .text          0x0000000008001aa8      0x308 /usr/lib/gcc/arm-none-eabi/9.2.1/../../../arm-none-eabi/lib/thumb/v7e-m+fp/hard/libc_nano.a(lib_a-fvwrite.o)
                0x0000000008001aa8                __sfvwrite_r
 .text          0x0000000008001db0       0xa0 /usr/lib/gcc/arm-none-eabi/9.2.1/../../../arm-none-eabi/lib/thumb/v7e-m+fp/hard/libc_nano.a(lib_a-fwalk.o)
                0x0000000008001db0                _fwalk
                0x0000000008001dfc                _fwalk_reent
 .text          0x0000000008001e50       0xf0 /usr/lib/gcc/arm-none-eabi/9.2.1/../../../arm-none-eabi/lib/thumb/v7e-m+fp/hard/libc_nano.a(lib_a-makebuf.o)
                0x0000000008001e50                __swhatbuf_r
                0x0000000008001eac                __smakebuf_r
 .text          0x0000000008001f40       0xa0 /usr/lib/gcc/arm-none-eabi/9.2.1/../../../arm-none-eabi/lib/thumb/v7e-m+fp/hard/libc_nano.a(lib_a-memchr.o)
                0x0000000008001f40                memchr
 .text          0x0000000008001fe0       0xd0 /usr/lib/gcc/arm-none-eabi/9.2.1/../../../arm-none-eabi/lib/thumb/v7e-m+fp/hard/libc_nano.a(lib_a-memmove.o)
                0x0000000008001fe0                memmove
 .text          0x00000000080020b0        0x8 /usr/lib/gcc/arm-none-eabi/9.2.1/../../../arm-none-eabi/lib/thumb/v7e-m+fp/hard/libc_nano.a(lib_a-mlock.o)
                0x00000000080020b0                __malloc_lock
                0x00000000080020b4                __malloc_unlock
 .text          0x00000000080020b8       0x4c /usr/lib/gcc/arm-none-eabi/9.2.1/../../../arm-none-eabi/lib/thumb/v7e-m+fp/hard/libc_nano.a(lib_a-nano-reallocr.o)
                0x00000000080020b8                _realloc_r
 .text          0x0000000008002104      0x150 /usr/lib/gcc/arm-none-eabi/9.2.1/../../../arm-none-eabi/lib/thumb/v7e-m+fp/hard/libc_nano.a(lib_a-signal.o)
                0x000000000800212c                _init_signal_r
                0x0000000008002138                _signal_r
                0x000000000800216c                _raise_r
                0x00000000080021c0                __sigtramp_r
                0x0000000008002210                raise
                0x0000000008002220                signal
                0x0000000008002230                _init_signal
                0x0000000008002244                __sigtramp
 .text          0x0000000008002254       0x2c /usr/lib/gcc/arm-none-eabi/9.2.1/../../../arm-none-eabi/lib/thumb/v7e-m+fp/hard/libc_nano.a(lib_a-signalr.o)
                0x0000000008002254                _kill_r
                0x000000000800227c                _getpid_r
 .text          0x0000000008002280       0x90 /usr/lib/gcc/arm-none-eabi/9.2.1/../../../arm-none-eabi/lib/thumb/v7e-m+fp/hard/libc_nano.a(lib_a-stdio.o)
                0x0000000008002280                __sread
                0x00000000080022a4                __seofread
                0x00000000080022a8                __swrite
                0x00000000080022e8                __sseek
                0x0000000008002308                __sclose
 .text          0x0000000008002310       0x2c /usr/lib/gcc/arm-none-eabi/9.2.1/../../../arm-none-eabi/lib/thumb/v7e-m+fp/hard/libc_nano.a(lib_a-writer.o)
                0x0000000008002310                _write_r
 .text          0x000000000800233c       0x24 /usr/lib/gcc/arm-none-eabi/9.2.1/../../../arm-none-eabi/lib/thumb/v7e-m+fp/hard/libc_nano.a(lib_a-closer.o)
                0x000000000800233c                _close_r
 .text          0x0000000008002360       0x28 /usr/lib/gcc/arm-none-eabi/9.2.1/../../../arm-none-eabi/lib/thumb/v7e-m+fp/hard/libc_nano.a(lib_a-fstatr.o)
                0x0000000008002360                _fstat_r
 .text          0x0000000008002388       0x24 /usr/lib/gcc/arm-none-eabi/9.2.1/../../../arm-none-eabi/lib/thumb/v7e-m+fp/hard/libc_nano.a(lib_a-isattyr.o)
                0x0000000008002388                _isatty_r
 .text          0x00000000080023ac       0x2c /usr/lib/gcc/arm-none-eabi/9.2.1/../../../arm-none-eabi/lib/thumb/v7e-m+fp/hard/libc_nano.a(lib_a-lseekr.o)
                0x00000000080023ac                _lseek_r
 .text          0x00000000080023d8       0x10 /usr/lib/gcc/arm-none-eabi/9.2.1/../../../arm-none-eabi/lib/thumb/v7e-m+fp/hard/libc_nano.a(lib_a-nano-msizer.o)
                0x00000000080023d8                _malloc_usable_size_r
 .text          0x00000000080023e8       0x2c /usr/lib/gcc/arm-none-eabi/9.2.1/../../../arm-none-eabi/lib/thumb/v7e-m+fp/hard/libc_nano.a(lib_a-readr.o)
                0x00000000080023e8                _read_r
 .text          0x0000000008002414       0x10 /usr/lib/gcc/arm-none-eabi/9.2.1/../../../arm-none-eabi/lib/thumb/v7e-m+fp/hard/libnosys.a(close.o)
                0x0000000008002414                _close
 .text          0x0000000008002424       0x10 /usr/lib/gcc/arm-none-eabi/9.2.1/../../../arm-none-eabi/lib/thumb/v7e-m+fp/hard/libnosys.a(fstat.o)
                0x0000000008002424                _fstat
 .text          0x0000000008002434       0x10 /usr/lib/gcc/arm-none-eabi/9.2.1/../../../arm-none-eabi/lib/thumb/v7e-m+fp/hard/libnosys.a(getpid.o)
                0x0000000008002434                _getpid
 .text          0x0000000008002444       0x10 /usr/lib/gcc/arm-none-eabi/9.2.1/../../../arm-none-eabi/lib/thumb/v7e-m+fp/hard/libnosys.a(isatty.o)
                0x0000000008002444                _isatty
 .text          0x0000000008002454       0x10 /usr/lib/gcc/arm-none-eabi/9.2.1/../../../arm-none-eabi/lib/thumb/v7e-m+fp/hard/libnosys.a(kill.o)
                0x0000000008002454                _kill
 .text          0x0000000008002464       0x10 /usr/lib/gcc/arm-none-eabi/9.2.1/../../../arm-none-eabi/lib/thumb/v7e-m+fp/hard/libnosys.a(lseek.o)
                0x0000000008002464                _lseek
 .text          0x0000000008002474       0x10 /usr/lib/gcc/arm-none-eabi/9.2.1/../../../arm-none-eabi/lib/thumb/v7e-m+fp/hard/libnosys.a(read.o)
                0x0000000008002474                _read
 .text          0x0000000008002484       0x1c /usr/lib/gcc/arm-none-eabi/9.2.1/../../../arm-none-eabi/lib/thumb/v7e-m+fp/hard/libnosys.a(sbrk.o)
                0x0000000008002484                _sbrk
 .text          0x00000000080024a0       0x10 /usr/lib/gcc/arm-none-eabi/9.2.1/../../../arm-none-eabi/lib/thumb/v7e-m+fp/hard/libnosys.a(write.o)
                0x00000000080024a0                _write
 .text          0x00000000080024b0        0x4 /usr/lib/gcc/arm-none-eabi/9.2.1/../../../arm-none-eabi/lib/thumb/v7e-m+fp/hard/libnosys.a(_exit.o)
                0x00000000080024b0                _exit
 .text          0x00000000080024b4       0x30 /usr/lib/gcc/arm-none-eabi/9.2.1/thumb/v7e-m+fp/hard/libgcc.a(_aeabi_uldivmod.o)
                0x00000000080024b4                __aeabi_uldivmod
 .text          0x00000000080024e4      0x2c4 /usr/lib/gcc/arm-none-eabi/9.2.1/thumb/v7e-m+fp/hard/libgcc.a(_udivmoddi4.o)
                0x00000000080024e4                __udivmoddi4
 .text          0x00000000080027a8        0x4 /usr/lib/gcc/arm-none-eabi/9.2.1/thumb/v7e-m+fp/hard/libgcc.a(_dvmd_tls.o)
                0x00000000080027a8                __aeabi_ldiv0
                0x00000000080027a8                __aeabi_idiv0
 *(.text*)
 .text.main     0x00000000080027ac       0x10 build/main.o
                0x00000000080027ac                main
 .text.MX_GPIO_Init
                0x00000000080027bc      0x260 build/gpio.o
                0x00000000080027bc                MX_GPIO_Init
 .text.NMI_Handler
                0x0000000008002a1c        0x2 build/stm32f4xx_it.o
                0x0000000008002a1c                NMI_Handler
 .text.HardFault_Handler
                0x0000000008002a1e        0x2 build/stm32f4xx_it.o
                0x0000000008002a1e                HardFault_Handler
 .text.MemManage_Handler
                0x0000000008002a20        0x2 build/stm32f4xx_it.o
                0x0000000008002a20                MemManage_Handler
 .text.BusFault_Handler
                0x0000000008002a22        0x2 build/stm32f4xx_it.o
                0x0000000008002a22                BusFault_Handler
 .text.UsageFault_Handler
                0x0000000008002a24        0x2 build/stm32f4xx_it.o
                0x0000000008002a24                UsageFault_Handler
 .text.SVC_Handler
                0x0000000008002a26        0x2 build/stm32f4xx_it.o
                0x0000000008002a26                SVC_Handler
 .text.DebugMon_Handler
                0x0000000008002a28        0x2 build/stm32f4xx_it.o
                0x0000000008002a28                DebugMon_Handler
 .text.PendSV_Handler
                0x0000000008002a2a        0x2 build/stm32f4xx_it.o
                0x0000000008002a2a                PendSV_Handler
 .text.SysTick_Handler
                0x0000000008002a2c        0x8 build/stm32f4xx_it.o
                0x0000000008002a2c                SysTick_Handler
 .text.USART2_IRQHandler
                0x0000000008002a34       0x10 build/stm32f4xx_it.o
                0x0000000008002a34                USART2_IRQHandler
 .text.USART3_IRQHandler
                0x0000000008002a44       0x10 build/stm32f4xx_it.o
                0x0000000008002a44                USART3_IRQHandler
 .text.HAL_MspInit
                0x0000000008002a54       0x40 build/stm32f4xx_hal_msp.o
                0x0000000008002a54                HAL_MspInit
 .text.HAL_UART_MspInit
                0x0000000008002a94       0xe8 build/stm32f4xx_hal_msp.o
                0x0000000008002a94                HAL_UART_MspInit
 .text.HAL_UART_MspDeInit
                0x0000000008002b7c       0x5c build/stm32f4xx_hal_msp.o
                0x0000000008002b7c                HAL_UART_MspDeInit
 .text.SystemClock_Config
                0x0000000008002bd8       0x98 build/stm32f4xx_board_conf.o
                0x0000000008002bd8                SystemClock_Config
 .text.STM32F4xx_Device_Init
                0x0000000008002c70       0x40 build/stm32f4xx_board_conf.o
                0x0000000008002c70                STM32F4xx_Device_Init
 .text.Error_Handler
                0x0000000008002cb0        0x2 build/stm32f4xx_board_conf.o
                0x0000000008002cb0                Error_Handler
 *fill*         0x0000000008002cb2        0x2 
 .text.SystemInit
                0x0000000008002cb4       0x1c build/system_stm32f4xx.o
                0x0000000008002cb4                SystemInit
 .text.MX_USART2_UART_Init
                0x0000000008002cd0       0x34 build/usart.o
                0x0000000008002cd0                MX_USART2_UART_Init
 .text.MX_USART3_UART_Init
                0x0000000008002d04       0x34 build/usart.o
                0x0000000008002d04                MX_USART3_UART_Init
 .text.UART_Printf
                0x0000000008002d38       0x3c build/usart.o
                0x0000000008002d38                UART_Printf
 .text.USART_TxWelcomeMessage
                0x0000000008002d74       0x40 build/usart.o
                0x0000000008002d74                USART_TxWelcomeMessage
 .text.USART_Transmit_Data
                0x0000000008002db4       0x1a build/usart.o
                0x0000000008002db4                USART_Transmit_Data
 .text.USART_Transmit
                0x0000000008002dce        0x8 build/usart.o
                0x0000000008002dce                USART_Transmit
 *fill*         0x0000000008002dd6        0x2 
 .text.USART_ShowMenu
                0x0000000008002dd8      0x1b0 build/usart.o
                0x0000000008002dd8                USART_ShowMenu
 .text.num2str  0x0000000008002f88       0x68 build/usart.o
                0x0000000008002f88                num2str
 .text.num2hex  0x0000000008002ff0       0x5c build/usart.o
                0x0000000008002ff0                num2hex
 .text.CRC16_Calc
                0x000000000800304c       0x2c build/crc16.o
                0x000000000800304c                CRC16_Calc
 .text.CRC16_Check
                0x0000000008003078       0x14 build/crc16.o
                0x0000000008003078                CRC16_Check
 .text.SLIP_StoreTxByte
                0x000000000800308c       0x24 build/slip.o
 .text.SLIP_StoreRxByte
                0x00000000080030b0       0x24 build/slip.o
 .text.SLIP_Init
                0x00000000080030d4       0x1c build/slip.o
                0x00000000080030d4                SLIP_Init
 .text.SLIP_EncodeData
                0x00000000080030f0       0x68 build/slip.o
                0x00000000080030f0                SLIP_EncodeData
 .text.SLIP_SetRxBuffer
                0x0000000008003158       0x20 build/slip.o
                0x0000000008003158                SLIP_SetRxBuffer
 .text.SLIP_DecodeData
                0x0000000008003178       0xa8 build/slip.o
                0x0000000008003178                SLIP_DecodeData
 .text.SetDevEUI
                0x0000000008003220       0x24 build/serial_device.o
 .text.SerialDevice_Close
                0x0000000008003244       0x10 build/serial_device.o
                0x0000000008003244                SerialDevice_Close
 .text.SerialDevice_Open
                0x0000000008003254       0x1c build/serial_device.o
                0x0000000008003254                SerialDevice_Open
 .text.SerialDevice_SendData
                0x0000000008003270       0x20 build/serial_device.o
                0x0000000008003270                SerialDevice_SendData
 .text.SerialDevice_SendByte
                0x0000000008003290       0x2c build/serial_device.o
                0x0000000008003290                SerialDevice_SendByte
 .text.SerialDevice_ReadData
                0x00000000080032bc       0x20 build/serial_device.o
                0x00000000080032bc                SerialDevice_ReadData
 .text.SerialDevice_Printf
                0x00000000080032dc       0x40 build/serial_device.o
                0x00000000080032dc                SerialDevice_Printf
 .text.GetNwkStatus
                0x000000000800331c       0x14 build/serial_device.o
 .text.SetCustomCFG
                0x0000000008003330       0x14 build/serial_device.o
 .text.GetCustomCFG
                0x0000000008003344       0x14 build/serial_device.o
 .text.ActivateABP
                0x0000000008003358       0x1c build/serial_device.o
 .text.Reactivate
                0x0000000008003374       0x18 build/serial_device.o
 .text.Deactivate
                0x000000000800338c       0x18 build/serial_device.o
 .text.ActivateOTA
                0x00000000080033a4       0x1c build/serial_device.o
 .text.Join     0x00000000080033c0       0x14 build/serial_device.o
 .text.SetRadioStack
                0x00000000080033d4       0x48 build/serial_device.o
 .text.GetRadioStack
                0x000000000800341c       0x18 build/serial_device.o
 .text.GetSupportBand
                0x0000000008003434       0x18 build/serial_device.o
 .text.GetOPMODE
                0x000000000800344c       0x14 build/serial_device.o
 .text.SetOPMODE
                0x0000000008003460       0x14 build/serial_device.o
 .text.ClearOPMODE
                0x0000000008003474       0x14 build/serial_device.o
 .text.GetDevEUI
                0x0000000008003488       0x18 build/serial_device.o
 .text.ClearRTCAlarm
                0x00000000080034a0       0x14 build/serial_device.o
 .text.GetRTC   0x00000000080034b4       0x14 build/serial_device.o
 .text.SetRTC   0x00000000080034c8       0x24 build/serial_device.o
 .text.GetAlarm
                0x00000000080034ec       0x14 build/serial_device.o
 .text.SetAlarm
                0x0000000008003500       0x30 build/serial_device.o
 .text.GetDeviceStatus
                0x0000000008003530       0x14 build/serial_device.o
 .text.Reset    0x0000000008003544       0x14 build/serial_device.o
 .text.GetFirmwareVersion
                0x0000000008003558       0x14 build/serial_device.o
 .text.GetDeviceInfo
                0x000000000800356c       0x14 build/serial_device.o
 .text.Ping     0x0000000008003580       0x14 build/serial_device.o
 .text.SendUData
                0x0000000008003594       0x40 build/serial_device.o
 .text.SendCData
                0x00000000080035d4       0x40 build/serial_device.o
 .text.FactoryReset
                0x0000000008003614       0x14 build/serial_device.o
 .text.GetLinkADR
                0x0000000008003628       0x14 build/serial_device.o
 .text.SetLinkADR
                0x000000000800363c       0x24 build/serial_device.o
 .text.SerialDevice_CheckAppCmd
                0x0000000008003660      0x170 build/serial_device.o
                0x0000000008003660                SerialDevice_CheckAppCmd
 .text.WiMOD_HCI_ProcessRxMessage
                0x00000000080037d0       0x44 build/wimod_hci_layer.o
 .text.WiMOD_HCI_Init
                0x0000000008003814       0x38 build/wimod_hci_layer.o
                0x0000000008003814                WiMOD_HCI_Init
 .text.WiMOD_HCI_SendMessage
                0x000000000800384c       0x6c build/wimod_hci_layer.o
                0x000000000800384c                WiMOD_HCI_SendMessage
 .text.WiMOD_HCI_Process
                0x00000000080038b8       0x2a build/wimod_hci_layer.o
                0x00000000080038b8                WiMOD_HCI_Process
 *fill*         0x00000000080038e2        0x2 
 .text.WiMOD_LoRaWAN_Process_U_DATA_TxIndication
                0x00000000080038e4       0x70 build/wimod_lorawan_api.o
 .text.WiMOD_LoRaWAN_Process_C_DATA_TxIndication
                0x0000000008003954       0x94 build/wimod_lorawan_api.o
 .text.WiMOD_LoRaWAN_Process_JoinTxIndication
                0x00000000080039e8       0x34 build/wimod_lorawan_api.o
 .text.WiMOD_LoRaWAN_Process_JoinNetworkIndication
                0x0000000008003a1c       0x6c build/wimod_lorawan_api.o
 .text.WiMOD_LoRaWAN_ShowResponse
                0x0000000008003a88       0x4c build/wimod_lorawan_api.o
 .text.WiMOD_LoRaWAN_Process_Set_RSTACK_RSP
                0x0000000008003ad4       0x5c build/wimod_lorawan_api.o
 .text.WiMOD_LoRaWAN_Process_Get_Support_Band_RSP
                0x0000000008003b30       0x48 build/wimod_lorawan_api.o
 .text.WiMOD_LoRaWAN_Process_Get_Device_EUI_RSP
                0x0000000008003b78       0x50 build/wimod_lorawan_api.o
 .text.WiMOD_LoRaWAN_Process_Get_Custom_CFG_RSP
                0x0000000008003bc8       0x2c build/wimod_lorawan_api.o
 .text.WiMOD_LoRaWAN_Process_Get_LINK_ADR_RSP
                0x0000000008003bf4       0x6c build/wimod_lorawan_api.o
 .text.WiMOD_LoRaWAN_DevMgmt_Get_OPMODE_Rsp
                0x0000000008003c60       0x40 build/wimod_lorawan_api.o
 .text.WiMOD_LoRaWAN_Process_U_DataRxIndication
                0x0000000008003ca0       0xc8 build/wimod_lorawan_api.o
 .text.WiMOD_LoRaWAN_Process_C_DataRxIndication
                0x0000000008003d68       0xb4 build/wimod_lorawan_api.o
 .text.WiMOD_LoRaWAN_Process_MAC_CMDRxIndication
                0x0000000008003e1c       0xb0 build/wimod_lorawan_api.o
 .text.WiMOD_LoRaWAN_DevMgmt_DeviceInfo_Rsp
                0x0000000008003ecc       0x9c build/wimod_lorawan_api.o
 .text.WiMOD_LoRaWAN_DevMgmt_DeviceStatus_Rsp
                0x0000000008003f68      0x2e0 build/wimod_lorawan_api.o
 .text.WiMOD_LoRaWAN_DevMgmt_Get_RTC_Rsp
                0x0000000008004248       0xd0 build/wimod_lorawan_api.o
 .text.WiMOD_LoRaWAN_Process_Reactivate_Rsp
                0x0000000008004318       0x64 build/wimod_lorawan_api.o
 .text.WiMOD_LoRaWAN_Process_Get_RSTACK_RSP
                0x000000000800437c      0x1a0 build/wimod_lorawan_api.o
 .text.WiMOD_LoRaWAN_Process_Get_Network_Status_RSP
                0x000000000800451c       0xf4 build/wimod_lorawan_api.o
 .text.WiMOD_LoRaWAN_Process_LoRaWAN_Message
                0x0000000008004610      0x18c build/wimod_lorawan_api.o
 .text.WiMOD_LoRaWAN_DevMgmt_FirmwareVersion_Rsp
                0x000000000800479c       0x80 build/wimod_lorawan_api.o
 .text.WiMOD_LoRaWAN_DevMgmt_Get_RTC_ALARM_Rsp
                0x000000000800481c       0xcc build/wimod_lorawan_api.o
 .text.WiMOD_LoRaWAN_Process_DevMgmt_Message
                0x00000000080048e8       0xc8 build/wimod_lorawan_api.o
 .text.WiMOD_LoRaWAN_Process_RxMessage
                0x00000000080049b0       0x20 build/wimod_lorawan_api.o
 .text.WiMOD_LoRaWAN_Init
                0x00000000080049d0       0x14 build/wimod_lorawan_api.o
                0x00000000080049d0                WiMOD_LoRaWAN_Init
 .text.WiMOD_DevMgmt_Msg_Req
                0x00000000080049e4       0x90 build/wimod_lorawan_api.o
                0x00000000080049e4                WiMOD_DevMgmt_Msg_Req
 .text.WiMOD_LoRaWAN_Msg_Req
                0x0000000008004a74       0xb8 build/wimod_lorawan_api.o
                0x0000000008004a74                WiMOD_LoRaWAN_Msg_Req
 .text.WiMOD_LoRaWAN_GetCustomConfig
                0x0000000008004b2c        0xe build/wimod_lorawan_api.o
                0x0000000008004b2c                WiMOD_LoRaWAN_GetCustomConfig
 .text.WiMOD_LoRaWAN_SetCustomConfig
                0x0000000008004b3a       0x1a build/wimod_lorawan_api.o
                0x0000000008004b3a                WiMOD_LoRaWAN_SetCustomConfig
 .text.WiMOD_LoRaWAN_SetOPMODE
                0x0000000008004b54       0x24 build/wimod_lorawan_api.o
                0x0000000008004b54                WiMOD_LoRaWAN_SetOPMODE
 .text.WiMOD_LoRaWAN_GetOPMODE
                0x0000000008004b78        0xe build/wimod_lorawan_api.o
                0x0000000008004b78                WiMOD_LoRaWAN_GetOPMODE
 .text.WiMOD_LoRaWAN_ClearRTCAlarm
                0x0000000008004b86        0xe build/wimod_lorawan_api.o
                0x0000000008004b86                WiMOD_LoRaWAN_ClearRTCAlarm
 .text.WiMOD_LoRaWAN_GetRTCAlarm
                0x0000000008004b94        0xe build/wimod_lorawan_api.o
                0x0000000008004b94                WiMOD_LoRaWAN_GetRTCAlarm
 .text.WiMOD_LoRaWAN_SetRTCAlarm
                0x0000000008004ba2        0xe build/wimod_lorawan_api.o
                0x0000000008004ba2                WiMOD_LoRaWAN_SetRTCAlarm
 .text.WiMOD_LoRaWAN_GetRTC
                0x0000000008004bb0        0xe build/wimod_lorawan_api.o
                0x0000000008004bb0                WiMOD_LoRaWAN_GetRTC
 .text.WiMOD_LoRaWAN_SetRTC
                0x0000000008004bbe        0xe build/wimod_lorawan_api.o
                0x0000000008004bbe                WiMOD_LoRaWAN_SetRTC
 .text.WiMOD_LoRaWAN_SendPing
                0x0000000008004bcc        0xe build/wimod_lorawan_api.o
                0x0000000008004bcc                WiMOD_LoRaWAN_SendPing
 .text.WiMOD_LoRaWAN_GetDeviceInfo
                0x0000000008004bda        0xe build/wimod_lorawan_api.o
                0x0000000008004bda                WiMOD_LoRaWAN_GetDeviceInfo
 .text.WiMOD_LoRaWAN_GetFirmwareVersion
                0x0000000008004be8        0xe build/wimod_lorawan_api.o
                0x0000000008004be8                WiMOD_LoRaWAN_GetFirmwareVersion
 .text.WiMOD_LoRaWAN_GetNkwStatus
                0x0000000008004bf6        0xe build/wimod_lorawan_api.o
                0x0000000008004bf6                WiMOD_LoRaWAN_GetNkwStatus
 .text.WiMOD_LoRaWAN_FactoryReset
                0x0000000008004c04        0xe build/wimod_lorawan_api.o
                0x0000000008004c04                WiMOD_LoRaWAN_FactoryReset
 .text.WiMOD_LoRaWAN_GetLinkADR
                0x0000000008004c12        0xe build/wimod_lorawan_api.o
                0x0000000008004c12                WiMOD_LoRaWAN_GetLinkADR
 .text.WiMOD_LoRaWAN_SetLinkADR
                0x0000000008004c20        0xe build/wimod_lorawan_api.o
                0x0000000008004c20                WiMOD_LoRaWAN_SetLinkADR
 .text.WiMOD_LoRaWAN_Reset
                0x0000000008004c2e        0xe build/wimod_lorawan_api.o
                0x0000000008004c2e                WiMOD_LoRaWAN_Reset
 .text.WiMOD_LoRaWAN_GetDeviceStatus
                0x0000000008004c3c        0xe build/wimod_lorawan_api.o
                0x0000000008004c3c                WiMOD_LoRaWAN_GetDeviceStatus
 .text.WiMOD_LoRaWAN_JoinNetworkRequest
                0x0000000008004c4a        0xe build/wimod_lorawan_api.o
                0x0000000008004c4a                WiMOD_LoRaWAN_JoinNetworkRequest
 .text.WiMOD_LoRaWAN_SendURadioData
                0x0000000008004c58       0x44 build/wimod_lorawan_api.o
                0x0000000008004c58                WiMOD_LoRaWAN_SendURadioData
 .text.WiMOD_LoRaWAN_SendCRadioData
                0x0000000008004c9c       0x44 build/wimod_lorawan_api.o
                0x0000000008004c9c                WiMOD_LoRaWAN_SendCRadioData
 .text.WiMOD_LoRaWAN_Process
                0x0000000008004ce0        0x8 build/wimod_lorawan_api.o
                0x0000000008004ce0                WiMOD_LoRaWAN_Process
 .text.UART_EndRxTransfer
                0x0000000008004ce8       0x1c build/stm32f4xx_hal_uart.o
 .text.UART_Transmit_IT
                0x0000000008004d04       0x66 build/stm32f4xx_hal_uart.o
 *fill*         0x0000000008004d6a        0x2 
 .text.UART_SetConfig
                0x0000000008004d6c      0x1e8 build/stm32f4xx_hal_uart.o
 .text.UART_WaitOnFlagUntilTimeout
                0x0000000008004f54       0x68 build/stm32f4xx_hal_uart.o
 .text.HAL_UART_Init
                0x0000000008004fbc       0x5e build/stm32f4xx_hal_uart.o
                0x0000000008004fbc                HAL_UART_Init
 .text.HAL_UART_DeInit
                0x000000000800501a       0x30 build/stm32f4xx_hal_uart.o
                0x000000000800501a                HAL_UART_DeInit
 .text.HAL_UART_Transmit
                0x000000000800504a       0xe2 build/stm32f4xx_hal_uart.o
                0x000000000800504a                HAL_UART_Transmit
 .text.HAL_UART_Receive
                0x000000000800512c       0xea build/stm32f4xx_hal_uart.o
                0x000000000800512c                HAL_UART_Receive
 .text.HAL_UART_Receive_IT
                0x0000000008005216       0x5c build/stm32f4xx_hal_uart.o
                0x0000000008005216                HAL_UART_Receive_IT
 .text.HAL_UART_Abort
                0x0000000008005272       0x94 build/stm32f4xx_hal_uart.o
                0x0000000008005272                HAL_UART_Abort
 .text.HAL_UART_TxCpltCallback
                0x0000000008005306        0x2 build/stm32f4xx_hal_uart.o
                0x0000000008005306                HAL_UART_TxCpltCallback
 .text.UART_EndTransmit_IT
                0x0000000008005308       0x1a build/stm32f4xx_hal_uart.o
 .text.HAL_UART_RxCpltCallback
                0x0000000008005322        0x2 build/stm32f4xx_hal_uart.o
                0x0000000008005322                HAL_UART_RxCpltCallback
 .text.UART_Receive_IT
                0x0000000008005324       0x9e build/stm32f4xx_hal_uart.o
 .text.HAL_UART_ErrorCallback
                0x00000000080053c2        0x2 build/stm32f4xx_hal_uart.o
                0x00000000080053c2                HAL_UART_ErrorCallback
 .text.HAL_UART_IRQHandler
                0x00000000080053c4      0x128 build/stm32f4xx_hal_uart.o
                0x00000000080053c4                HAL_UART_IRQHandler
 .text.UART_DMAAbortOnError
                0x00000000080054ec       0x10 build/stm32f4xx_hal_uart.o
 .text.HAL_RCC_OscConfig
                0x00000000080054fc      0x3ec build/stm32f4xx_hal_rcc.o
                0x00000000080054fc                HAL_RCC_OscConfig
 .text.HAL_RCC_GetSysClockFreq
                0x00000000080058e8       0xcc build/stm32f4xx_hal_rcc.o
                0x00000000080058e8                HAL_RCC_GetSysClockFreq
 .text.HAL_RCC_ClockConfig
                0x00000000080059b4      0x160 build/stm32f4xx_hal_rcc.o
                0x00000000080059b4                HAL_RCC_ClockConfig
 .text.HAL_RCC_GetHCLKFreq
                0x0000000008005b14        0xc build/stm32f4xx_hal_rcc.o
                0x0000000008005b14                HAL_RCC_GetHCLKFreq
 .text.HAL_RCC_GetPCLK1Freq
                0x0000000008005b20       0x20 build/stm32f4xx_hal_rcc.o
                0x0000000008005b20                HAL_RCC_GetPCLK1Freq
 .text.HAL_RCC_GetPCLK2Freq
                0x0000000008005b40       0x20 build/stm32f4xx_hal_rcc.o
                0x0000000008005b40                HAL_RCC_GetPCLK2Freq
 .text.HAL_GPIO_Init
                0x0000000008005b60      0x1cc build/stm32f4xx_hal_gpio.o
                0x0000000008005b60                HAL_GPIO_Init
 .text.HAL_GPIO_DeInit
                0x0000000008005d2c      0x134 build/stm32f4xx_hal_gpio.o
                0x0000000008005d2c                HAL_GPIO_DeInit
 .text.HAL_GPIO_WritePin
                0x0000000008005e60        0xc build/stm32f4xx_hal_gpio.o
                0x0000000008005e60                HAL_GPIO_WritePin
 .text.HAL_DMA_Abort
                0x0000000008005e6c       0x94 build/stm32f4xx_hal_dma.o
                0x0000000008005e6c                HAL_DMA_Abort
 .text.HAL_DMA_Abort_IT
                0x0000000008005f00       0x26 build/stm32f4xx_hal_dma.o
                0x0000000008005f00                HAL_DMA_Abort_IT
 .text.HAL_DMA_GetError
                0x0000000008005f26        0x4 build/stm32f4xx_hal_dma.o
                0x0000000008005f26                HAL_DMA_GetError
 *fill*         0x0000000008005f2a        0x2 
 .text.HAL_NVIC_SetPriorityGrouping
                0x0000000008005f2c       0x24 build/stm32f4xx_hal_cortex.o
                0x0000000008005f2c                HAL_NVIC_SetPriorityGrouping
 .text.HAL_NVIC_SetPriority
                0x0000000008005f50       0x68 build/stm32f4xx_hal_cortex.o
                0x0000000008005f50                HAL_NVIC_SetPriority
 .text.HAL_NVIC_EnableIRQ
                0x0000000008005fb8       0x1c build/stm32f4xx_hal_cortex.o
                0x0000000008005fb8                HAL_NVIC_EnableIRQ
 .text.HAL_NVIC_DisableIRQ
                0x0000000008005fd4       0x24 build/stm32f4xx_hal_cortex.o
                0x0000000008005fd4                HAL_NVIC_DisableIRQ
 .text.HAL_SYSTICK_Config
                0x0000000008005ff8       0x2c build/stm32f4xx_hal_cortex.o
                0x0000000008005ff8                HAL_SYSTICK_Config
 .text.HAL_InitTick
                0x0000000008006024       0x4c build/stm32f4xx_hal.o
                0x0000000008006024                HAL_InitTick
 .text.HAL_Init
                0x0000000008006070       0x34 build/stm32f4xx_hal.o
                0x0000000008006070                HAL_Init
 .text.HAL_IncTick
                0x00000000080060a4       0x18 build/stm32f4xx_hal.o
                0x00000000080060a4                HAL_IncTick
 .text.HAL_GetTick
                0x00000000080060bc        0xc build/stm32f4xx_hal.o
                0x00000000080060bc                HAL_GetTick
 .text.Reset_Handler
                0x00000000080060c8       0x50 build/startup_stm32f407xx.o
                0x00000000080060c8                Reset_Handler
 .text.Default_Handler
                0x0000000008006118        0x2 build/startup_stm32f407xx.o
                0x0000000008006118                RTC_Alarm_IRQHandler
                0x0000000008006118                HASH_RNG_IRQHandler
                0x0000000008006118                EXTI2_IRQHandler
                0x0000000008006118                TIM8_CC_IRQHandler
                0x0000000008006118                TIM1_CC_IRQHandler
                0x0000000008006118                DMA2_Stream5_IRQHandler
                0x0000000008006118                DMA1_Stream5_IRQHandler
                0x0000000008006118                PVD_IRQHandler
                0x0000000008006118                SDIO_IRQHandler
                0x0000000008006118                TAMP_STAMP_IRQHandler
                0x0000000008006118                CAN2_RX1_IRQHandler
                0x0000000008006118                EXTI3_IRQHandler
                0x0000000008006118                TIM8_TRG_COM_TIM14_IRQHandler
                0x0000000008006118                TIM1_UP_TIM10_IRQHandler
                0x0000000008006118                TIM8_UP_TIM13_IRQHandler
                0x0000000008006118                I2C3_ER_IRQHandler
                0x0000000008006118                EXTI0_IRQHandler
                0x0000000008006118                I2C2_EV_IRQHandler
                0x0000000008006118                DMA1_Stream2_IRQHandler
                0x0000000008006118                CAN1_RX0_IRQHandler
                0x0000000008006118                FPU_IRQHandler
                0x0000000008006118                OTG_HS_WKUP_IRQHandler
                0x0000000008006118                CAN2_SCE_IRQHandler
                0x0000000008006118                DMA2_Stream2_IRQHandler
                0x0000000008006118                SPI1_IRQHandler
                0x0000000008006118                TIM6_DAC_IRQHandler
                0x0000000008006118                TIM1_BRK_TIM9_IRQHandler
                0x0000000008006118                DCMI_IRQHandler
                0x0000000008006118                CAN2_RX0_IRQHandler
                0x0000000008006118                DMA2_Stream3_IRQHandler
                0x0000000008006118                USART6_IRQHandler
                0x0000000008006118                CAN1_RX1_IRQHandler
                0x0000000008006118                UART5_IRQHandler
                0x0000000008006118                DMA2_Stream0_IRQHandler
                0x0000000008006118                TIM4_IRQHandler
                0x0000000008006118                I2C1_EV_IRQHandler
                0x0000000008006118                DMA1_Stream6_IRQHandler
                0x0000000008006118                DMA1_Stream1_IRQHandler
                0x0000000008006118                UART4_IRQHandler
                0x0000000008006118                TIM3_IRQHandler
                0x0000000008006118                RCC_IRQHandler
                0x0000000008006118                TIM8_BRK_TIM12_IRQHandler
                0x0000000008006118                Default_Handler
                0x0000000008006118                EXTI15_10_IRQHandler
                0x0000000008006118                ADC_IRQHandler
                0x0000000008006118                DMA1_Stream7_IRQHandler
                0x0000000008006118                TIM7_IRQHandler
                0x0000000008006118                CAN2_TX_IRQHandler
                0x0000000008006118                TIM5_IRQHandler
                0x0000000008006118                DMA2_Stream7_IRQHandler
                0x0000000008006118                I2C3_EV_IRQHandler
                0x0000000008006118                EXTI9_5_IRQHandler
                0x0000000008006118                RTC_WKUP_IRQHandler
                0x0000000008006118                ETH_WKUP_IRQHandler
                0x0000000008006118                SPI2_IRQHandler
                0x0000000008006118                OTG_HS_EP1_IN_IRQHandler
                0x0000000008006118                DMA1_Stream0_IRQHandler
                0x0000000008006118                CAN1_TX_IRQHandler
                0x0000000008006118                EXTI4_IRQHandler
                0x0000000008006118                FSMC_IRQHandler
                0x0000000008006118                ETH_IRQHandler
                0x0000000008006118                OTG_HS_EP1_OUT_IRQHandler
                0x0000000008006118                WWDG_IRQHandler
                0x0000000008006118                TIM2_IRQHandler
                0x0000000008006118                OTG_FS_WKUP_IRQHandler
                0x0000000008006118                TIM1_TRG_COM_TIM11_IRQHandler
                0x0000000008006118                OTG_HS_IRQHandler
                0x0000000008006118                EXTI1_IRQHandler
                0x0000000008006118                I2C2_ER_IRQHandler
                0x0000000008006118                DMA2_Stream1_IRQHandler
                0x0000000008006118                CAN1_SCE_IRQHandler
                0x0000000008006118                FLASH_IRQHandler
                0x0000000008006118                DMA2_Stream4_IRQHandler
                0x0000000008006118                USART1_IRQHandler
                0x0000000008006118                OTG_FS_IRQHandler
                0x0000000008006118                SPI3_IRQHandler
                0x0000000008006118                DMA1_Stream4_IRQHandler
                0x0000000008006118                I2C1_ER_IRQHandler
                0x0000000008006118                DMA2_Stream6_IRQHandler
                0x0000000008006118                DMA1_Stream3_IRQHandler
 *(.glue_7)
 .glue_7        0x000000000800611a        0x0 linker stubs
 *(.glue_7t)
 .glue_7t       0x000000000800611a        0x0 linker stubs
 *(.eh_frame)
 *fill*         0x000000000800611a        0x2 
 .eh_frame      0x000000000800611c        0x0 /usr/lib/gcc/arm-none-eabi/9.2.1/thumb/v7e-m+fp/hard/crtbegin.o
 *(.init)
 .init          0x000000000800611c        0x4 /usr/lib/gcc/arm-none-eabi/9.2.1/thumb/v7e-m+fp/hard/crti.o
                0x000000000800611c                _init
 .init          0x0000000008006120        0x8 /usr/lib/gcc/arm-none-eabi/9.2.1/thumb/v7e-m+fp/hard/crtn.o
 *(.fini)
 .fini          0x0000000008006128        0x4 /usr/lib/gcc/arm-none-eabi/9.2.1/thumb/v7e-m+fp/hard/crti.o
                0x0000000008006128                _fini
 .fini          0x000000000800612c        0x8 /usr/lib/gcc/arm-none-eabi/9.2.1/thumb/v7e-m+fp/hard/crtn.o
                0x0000000008006134                . = ALIGN (0x4)
                0x0000000008006134                _etext = .

.vfp11_veneer   0x0000000008006134        0x0
 .vfp11_veneer  0x0000000008006134        0x0 linker stubs

.v4_bx          0x0000000008006134        0x0
 .v4_bx         0x0000000008006134        0x0 linker stubs

.iplt           0x0000000008006134        0x0
 .iplt          0x0000000008006134        0x0 /usr/lib/gcc/arm-none-eabi/9.2.1/thumb/v7e-m+fp/hard/crtbegin.o

.rodata         0x0000000008006134     0x19dc
                0x0000000008006134                . = ALIGN (0x4)
 *(.rodata)
 .rodata        0x0000000008006134        0x4 /usr/lib/gcc/arm-none-eabi/9.2.1/../../../arm-none-eabi/lib/thumb/v7e-m+fp/hard/libc_nano.a(lib_a-impure.o)
                0x0000000008006134                _global_impure_ptr
 .rodata        0x0000000008006138       0x60 /usr/lib/gcc/arm-none-eabi/9.2.1/../../../arm-none-eabi/lib/thumb/v7e-m+fp/hard/libc_nano.a(lib_a-findfp.o)
                0x0000000008006138                __sf_fake_stderr
                0x0000000008006158                __sf_fake_stdout
                0x0000000008006178                __sf_fake_stdin
 *(.rodata*)
 .rodata.STM32F4xx_Device_Init.str1.4
                0x0000000008006198       0x23 build/stm32f4xx_board_conf.o
 *fill*         0x00000000080061bb        0x1 
 .rodata.AHBPrescTable
                0x00000000080061bc       0x10 build/system_stm32f4xx.o
                0x00000000080061bc                AHBPrescTable
 .rodata.APBPrescTable
                0x00000000080061cc        0x8 build/system_stm32f4xx.o
                0x00000000080061cc                APBPrescTable
 .rodata.USART_TxWelcomeMessage.str1.4
                0x00000000080061d4       0xf1 build/usart.o
                                         0xf5 (size before relaxing)
 *fill*         0x00000000080062c5        0x3 
 .rodata.USART_ShowMenu.str1.4
                0x00000000080062c8      0x453 build/usart.o
 *fill*         0x000000000800671b        0x1 
 .rodata.CRC16_Table
                0x000000000800671c      0x200 build/crc16.o
                0x000000000800671c                CRC16_Table
 .rodata.SetDevEUI.str1.4
                0x000000000800691c        0x9 build/serial_device.o
 *fill*         0x0000000008006925        0x3 
 .rodata.GetNwkStatus.str1.4
                0x0000000008006928        0xf build/serial_device.o
 *fill*         0x0000000008006937        0x1 
 .rodata.SetCustomCFG.str1.4
                0x0000000008006938        0xf build/serial_device.o
 *fill*         0x0000000008006947        0x1 
 .rodata.GetCustomCFG.str1.4
                0x0000000008006948        0xf build/serial_device.o
 *fill*         0x0000000008006957        0x1 
 .rodata.ActivateABP.str1.4
                0x0000000008006958        0xf build/serial_device.o
 *fill*         0x0000000008006967        0x1 
 .rodata.Reactivate.str1.4
                0x0000000008006968        0xd build/serial_device.o
 *fill*         0x0000000008006975        0x3 
 .rodata.Deactivate.str1.4
                0x0000000008006978        0xd build/serial_device.o
 *fill*         0x0000000008006985        0x3 
 .rodata.ActivateOTA.str1.4
                0x0000000008006988        0xf build/serial_device.o
 *fill*         0x0000000008006997        0x1 
 .rodata.Join.str1.4
                0x0000000008006998       0x17 build/serial_device.o
 *fill*         0x00000000080069af        0x1 
 .rodata.SetRadioStack.str1.4
                0x00000000080069b0       0x10 build/serial_device.o
 .rodata.GetRadioStack.str1.4
                0x00000000080069c0       0x10 build/serial_device.o
 .rodata.GetSupportBand.str1.4
                0x00000000080069d0       0x11 build/serial_device.o
 *fill*         0x00000000080069e1        0x3 
 .rodata.GetOPMODE.str1.4
                0x00000000080069e4        0xd build/serial_device.o
 *fill*         0x00000000080069f1        0x3 
 .rodata.SetOPMODE.str1.4
                0x00000000080069f4        0xd build/serial_device.o
 *fill*         0x0000000008006a01        0x3 
 .rodata.ClearOPMODE.str1.4
                0x0000000008006a04        0xf build/serial_device.o
 *fill*         0x0000000008006a13        0x1 
 .rodata.GetDevEUI.str1.4
                0x0000000008006a14        0xc build/serial_device.o
 .rodata.ClearRTCAlarm.str1.4
                0x0000000008006a20       0x12 build/serial_device.o
 *fill*         0x0000000008006a32        0x2 
 .rodata.GetRTC.str1.4
                0x0000000008006a34        0xa build/serial_device.o
 *fill*         0x0000000008006a3e        0x2 
 .rodata.SetRTC.str1.4
                0x0000000008006a40        0xa build/serial_device.o
 *fill*         0x0000000008006a4a        0x2 
 .rodata.GetAlarm.str1.4
                0x0000000008006a4c       0x10 build/serial_device.o
 .rodata.SetAlarm.str1.4
                0x0000000008006a5c       0x10 build/serial_device.o
 .rodata.GetDeviceStatus.str1.4
                0x0000000008006a6c       0x10 build/serial_device.o
 .rodata.Reset.str1.4
                0x0000000008006a7c        0xf build/serial_device.o
 *fill*         0x0000000008006a8b        0x1 
 .rodata.GetFirmwareVersion.str1.4
                0x0000000008006a8c       0x17 build/serial_device.o
 *fill*         0x0000000008006aa3        0x1 
 .rodata.GetDeviceInfo.str1.4
                0x0000000008006aa4       0x19 build/serial_device.o
 *fill*         0x0000000008006abd        0x3 
 .rodata.Ping.str1.4
                0x0000000008006ac0        0xf build/serial_device.o
 *fill*         0x0000000008006acf        0x1 
 .rodata.SendUData.str1.4
                0x0000000008006ad0        0xe build/serial_device.o
 *fill*         0x0000000008006ade        0x2 
 .rodata.SendCData.str1.4
                0x0000000008006ae0        0xe build/serial_device.o
 *fill*         0x0000000008006aee        0x2 
 .rodata.FactoryReset.str1.4
                0x0000000008006af0        0xf build/serial_device.o
 *fill*         0x0000000008006aff        0x1 
 .rodata.GetLinkADR.str1.4
                0x0000000008006b00        0xd build/serial_device.o
 *fill*         0x0000000008006b0d        0x3 
 .rodata.SetLinkADR.str1.4
                0x0000000008006b10        0xd build/serial_device.o
 .rodata.SerialDevice_CheckAppCmd.str1.4
                0x0000000008006b1d        0xd build/serial_device.o
                                          0x2 (size before relaxing)
 *fill*         0x0000000008006b1d        0x3 
 .rodata.WiMOD_LoRaWAN_Process_U_DATA_TxIndication.str1.4
                0x0000000008006b20       0xef build/wimod_lorawan_api.o
 *fill*         0x0000000008006c0f        0x1 
 .rodata.WiMOD_LoRaWAN_Process_C_DATA_TxIndication.str1.4
                0x0000000008006c10      0x117 build/wimod_lorawan_api.o
 *fill*         0x0000000008006d27        0x1 
 .rodata.WiMOD_LoRaWAN_Process_JoinTxIndication.str1.4
                0x0000000008006d28       0x75 build/wimod_lorawan_api.o
 *fill*         0x0000000008006d9d        0x3 
 .rodata.WiMOD_LoRaWAN_Process_JoinNetworkIndication.str1.4
                0x0000000008006da0       0xb5 build/wimod_lorawan_api.o
 *fill*         0x0000000008006e55        0x3 
 .rodata.WiMOD_LoRaWAN_ShowResponse.str1.4
                0x0000000008006e58       0x13 build/wimod_lorawan_api.o
                                         0x17 (size before relaxing)
 *fill*         0x0000000008006e6b        0x1 
 .rodata.WiMOD_LoRaWAN_Process_Set_RSTACK_RSP.str1.4
                0x0000000008006e6c       0x5b build/wimod_lorawan_api.o
 *fill*         0x0000000008006ec7        0x1 
 .rodata.WiMOD_LoRaWAN_Process_Get_Support_Band_RSP.str1.4
                0x0000000008006ec8       0x40 build/wimod_lorawan_api.o
 .rodata.WiMOD_LoRaWAN_Process_Get_Device_EUI_RSP.str1.4
                0x0000000008006f08       0x32 build/wimod_lorawan_api.o
 *fill*         0x0000000008006f3a        0x2 
 .rodata.WiMOD_LoRaWAN_Process_Get_Custom_CFG_RSP.str1.4
                0x0000000008006f3c       0x2e build/wimod_lorawan_api.o
 *fill*         0x0000000008006f6a        0x2 
 .rodata.WiMOD_LoRaWAN_Process_Get_LINK_ADR_RSP.str1.4
                0x0000000008006f6c       0x7d build/wimod_lorawan_api.o
 *fill*         0x0000000008006fe9        0x3 
 .rodata.WiMOD_LoRaWAN_DevMgmt_Get_OPMODE_Rsp.str1.4
                0x0000000008006fec       0x23 build/wimod_lorawan_api.o
 *fill*         0x000000000800700f        0x1 
 .rodata.WiMOD_LoRaWAN_Process_U_DataRxIndication.str1.4
                0x0000000008007010       0xbf build/wimod_lorawan_api.o
 *fill*         0x00000000080070cf        0x1 
 .rodata.WiMOD_LoRaWAN_Process_C_DataRxIndication.str1.4
                0x00000000080070d0       0x2b build/wimod_lorawan_api.o
 *fill*         0x00000000080070fb        0x1 
 .rodata.WiMOD_LoRaWAN_Process_MAC_CMDRxIndication.str1.4
                0x00000000080070fc       0x7f build/wimod_lorawan_api.o
 *fill*         0x000000000800717b        0x1 
 .rodata.WiMOD_LoRaWAN_DevMgmt_DeviceInfo_Rsp.str1.4
                0x000000000800717c       0x4e build/wimod_lorawan_api.o
                                         0x54 (size before relaxing)
 *fill*         0x00000000080071ca        0x2 
 .rodata.WiMOD_LoRaWAN_DevMgmt_DeviceStatus_Rsp.str1.4
                0x00000000080071cc      0x130 build/wimod_lorawan_api.o
 .rodata.WiMOD_LoRaWAN_DevMgmt_Get_RTC_Rsp.str1.4
                0x00000000080072fc       0x1f build/wimod_lorawan_api.o
 *fill*         0x000000000800731b        0x1 
 .rodata.WiMOD_LoRaWAN_Process_Reactivate_Rsp.str1.4
                0x000000000800731c       0x1b build/wimod_lorawan_api.o
 *fill*         0x0000000008007337        0x1 
 .rodata.WiMOD_LoRaWAN_Process_Get_RSTACK_RSP.str1.4
                0x0000000008007338      0x119 build/wimod_lorawan_api.o
                                        0x11d (size before relaxing)
 *fill*         0x0000000008007451        0x3 
 .rodata.WiMOD_LoRaWAN_Process_Get_Network_Status_RSP.str1.4
                0x0000000008007454       0xa9 build/wimod_lorawan_api.o
 *fill*         0x00000000080074fd        0x3 
 .rodata.WiMOD_LoRaWAN_Process_LoRaWAN_Message.str1.4
                0x0000000008007500      0x164 build/wimod_lorawan_api.o
 .rodata.WiMOD_LoRaWAN_DevMgmt_FirmwareVersion_Rsp.str1.4
                0x0000000008007664       0x6f build/wimod_lorawan_api.o
 *fill*         0x00000000080076d3        0x1 
 .rodata.WiMOD_LoRaWAN_DevMgmt_Get_RTC_ALARM_Rsp.str1.4
                0x00000000080076d4       0x52 build/wimod_lorawan_api.o
 *fill*         0x0000000008007726        0x2 
 .rodata.WiMOD_LoRaWAN_Process_DevMgmt_Message.str1.4
                0x0000000008007728       0x90 build/wimod_lorawan_api.o
                                         0xa0 (size before relaxing)
 .rodata.str1.4
                0x00000000080077b8      0x1b5 build/wimod_lorawan_api.o
 *fill*         0x000000000800796d        0x3 
 .rodata.WiMOD_DeviceMgmt_ModuleTypes
                0x0000000008007970       0x40 build/wimod_lorawan_api.o
 .rodata.WiMOD_DeviceMgmt_StatusStrings
                0x00000000080079b0       0x30 build/wimod_lorawan_api.o
 .rodata.WiMOD_LoRaWAN_StatusStrings
                0x00000000080079e0       0x68 build/wimod_lorawan_api.o
 .rodata.str1.4
                0x0000000008007a48       0x4c /usr/lib/gcc/arm-none-eabi/9.2.1/../../../arm-none-eabi/lib/thumb/v7e-m+fp/hard/libc_nano.a(lib_a-strtok.o)
 .rodata.str1.4
                0x0000000008007a94       0x3f /usr/lib/gcc/arm-none-eabi/9.2.1/../../../arm-none-eabi/lib/thumb/v7e-m+fp/hard/libc_nano.a(lib_a-assert.o)
                                         0x43 (size before relaxing)
 *fill*         0x0000000008007ad3        0x1 
 .rodata.str1.4
                0x0000000008007ad4       0x13 /usr/lib/gcc/arm-none-eabi/9.2.1/../../../arm-none-eabi/lib/thumb/v7e-m+fp/hard/libc_nano.a(lib_a-nano-svfprintf.o)
 .rodata.str1.4
                0x0000000008007ae7       0x13 /usr/lib/gcc/arm-none-eabi/9.2.1/../../../arm-none-eabi/lib/thumb/v7e-m+fp/hard/libc_nano.a(lib_a-nano-vfprintf.o)
 *fill*         0x0000000008007ae7        0x1 
 .rodata.str1.4
                0x0000000008007ae8       0x25 /usr/lib/gcc/arm-none-eabi/9.2.1/../../../arm-none-eabi/lib/thumb/v7e-m+fp/hard/libc_nano.a(lib_a-nano-vfprintf_i.o)
                0x0000000008007b10                . = ALIGN (0x4)
 *fill*         0x0000000008007b0d        0x3 

.ARM.extab
 *(.ARM.extab* .gnu.linkonce.armextab.*)

.ARM            0x0000000008007b10        0x8
                0x0000000008007b10                __exidx_start = .
 *(.ARM.exidx*)
 .ARM.exidx     0x0000000008007b10        0x8 /usr/lib/gcc/arm-none-eabi/9.2.1/thumb/v7e-m+fp/hard/libgcc.a(_udivmoddi4.o)
                0x0000000008007b18                __exidx_end = .

.rel.dyn        0x0000000008007b18        0x0
 .rel.iplt      0x0000000008007b18        0x0 /usr/lib/gcc/arm-none-eabi/9.2.1/thumb/v7e-m+fp/hard/crtbegin.o

.preinit_array  0x0000000008007b18        0x0
                0x0000000008007b18                PROVIDE (__preinit_array_start = .)
 *(.preinit_array*)
                0x0000000008007b18                PROVIDE (__preinit_array_end = .)

.init_array     0x0000000008007b18        0x4
                0x0000000008007b18                PROVIDE (__init_array_start = .)
 *(SORT_BY_NAME(.init_array.*))
 *(.init_array*)
 .init_array    0x0000000008007b18        0x4 /usr/lib/gcc/arm-none-eabi/9.2.1/thumb/v7e-m+fp/hard/crtbegin.o
                0x0000000008007b1c                PROVIDE (__init_array_end = .)

.fini_array     0x0000000008007b1c        0x4
                0x0000000008007b1c                PROVIDE (__fini_array_start = .)
 *(SORT_BY_NAME(.fini_array.*))
 *(.fini_array*)
 .fini_array    0x0000000008007b1c        0x4 /usr/lib/gcc/arm-none-eabi/9.2.1/thumb/v7e-m+fp/hard/crtbegin.o
                0x0000000008007b20                PROVIDE (__fini_array_end = .)
                0x0000000008007b20                _sidata = LOADADDR (.data)

.data           0x0000000020000000       0xac load address 0x0000000008007b20
                0x0000000020000000                . = ALIGN (0x4)
                0x0000000020000000                _sdata = .
 *(.data)
 .data          0x0000000020000000       0x64 /usr/lib/gcc/arm-none-eabi/9.2.1/../../../arm-none-eabi/lib/thumb/v7e-m+fp/hard/libc_nano.a(lib_a-impure.o)
                0x0000000020000000                _impure_ptr
 *(.data*)
 .data.ABP_ACTIVATE_PAYLOAD
                0x0000000020000064       0x24 build/main.o
                0x0000000020000064                ABP_ACTIVATE_PAYLOAD
 .data.OTA_ACTIVATE_PAYLOAD
                0x0000000020000088       0x18 build/main.o
                0x0000000020000088                OTA_ACTIVATE_PAYLOAD
 .data.SystemCoreClock
                0x00000000200000a0        0x4 build/system_stm32f4xx.o
                0x00000000200000a0                SystemCoreClock
 .data.uwTickFreq
                0x00000000200000a4        0x1 build/stm32f4xx_hal.o
                0x00000000200000a4                uwTickFreq
 *fill*         0x00000000200000a5        0x3 
 .data.uwTickPrio
                0x00000000200000a8        0x4 build/stm32f4xx_hal.o
                0x00000000200000a8                uwTickPrio
                0x00000000200000ac                . = ALIGN (0x4)
                0x00000000200000ac                _edata = .
                0x0000000008007bcc                _siccmram = LOADADDR (.ccmram)

.tm_clone_table
                0x00000000200000ac        0x0 load address 0x0000000008007bcc
 .tm_clone_table
                0x00000000200000ac        0x0 /usr/lib/gcc/arm-none-eabi/9.2.1/thumb/v7e-m+fp/hard/crtbegin.o
 .tm_clone_table
                0x00000000200000ac        0x0 /usr/lib/gcc/arm-none-eabi/9.2.1/thumb/v7e-m+fp/hard/crtend.o

.igot.plt       0x00000000200000ac        0x0 load address 0x0000000008007bcc
 .igot.plt      0x00000000200000ac        0x0 /usr/lib/gcc/arm-none-eabi/9.2.1/thumb/v7e-m+fp/hard/crtbegin.o

.ccmram         0x0000000010000000        0x0 load address 0x0000000008007bcc
                0x0000000010000000                . = ALIGN (0x4)
                0x0000000010000000                _sccmram = .
 *(.ccmram)
 *(.ccmram*)
                0x0000000010000000                . = ALIGN (0x4)
                0x0000000010000000                _eccmram = .
                0x0000000010000000                . = ALIGN (0x4)

.bss            0x00000000200000ac      0x5f8
                0x00000000200000ac                _sbss = .
                0x00000000200000ac                __bss_start__ = _sbss
 *(.bss)
 .bss           0x00000000200000ac       0x1c /usr/lib/gcc/arm-none-eabi/9.2.1/thumb/v7e-m+fp/hard/crtbegin.o
 .bss           0x00000000200000c8        0x8 /usr/lib/gcc/arm-none-eabi/9.2.1/../../../arm-none-eabi/lib/thumb/v7e-m+fp/hard/libc_nano.a(lib_a-nano-mallocr.o)
                0x00000000200000c8                __malloc_free_list
                0x00000000200000cc                __malloc_sbrk_start
 .bss           0x00000000200000d0        0x4 /usr/lib/gcc/arm-none-eabi/9.2.1/../../../arm-none-eabi/lib/thumb/v7e-m+fp/hard/libnosys.a(sbrk.o)
 *(.bss*)
 .bss.HexValue.9177
                0x00000000200000d4        0x9 build/usart.o
 *fill*         0x00000000200000dd        0x3 
 .bss.SLIP      0x00000000200000e0       0x20 build/slip.o
 .bss.HCI       0x0000000020000100        0xc build/wimod_hci_layer.o
 .bss.TxBuffer  0x000000002000010c      0x266 build/wimod_hci_layer.o
 *(COMMON)
 *fill*         0x0000000020000372        0x2 
 COMMON         0x0000000020000374       0x80 build/main.o
                0x0000000020000374                huart3
                0x00000000200003b4                huart2
 COMMON         0x00000000200003f4       0x40 build/serial_device.o
                0x00000000200003f4                UsartTextString
 COMMON         0x0000000020000434      0x266 build/wimod_lorawan_api.o
                0x0000000020000434                TxMessage
                0x0000000020000568                RxMessage
 *fill*         0x000000002000069a        0x2 
 COMMON         0x000000002000069c        0x4 build/stm32f4xx_hal.o
                0x000000002000069c                uwTick
 COMMON         0x00000000200006a0        0x4 /usr/lib/gcc/arm-none-eabi/9.2.1/../../../arm-none-eabi/lib/thumb/v7e-m+fp/hard/libc_nano.a(lib_a-reent.o)
                0x00000000200006a0                errno
                0x00000000200006a4                . = ALIGN (0x4)
                0x00000000200006a4                _ebss = .
                0x00000000200006a4                __bss_end__ = _ebss

._user_heap_stack
                0x00000000200006a4      0x604
                0x00000000200006a8                . = ALIGN (0x8)
 *fill*         0x00000000200006a4        0x4 
                0x00000000200006a8                PROVIDE (end = .)
                [!provide]                        PROVIDE (_end = .)
                0x00000000200008a8                . = (. + _Min_Heap_Size)
 *fill*         0x00000000200006a8      0x200 
                0x0000000020000ca8                . = (. + _Min_Stack_Size)
 *fill*         0x00000000200008a8      0x400 
                0x0000000020000ca8                . = ALIGN (0x8)

/DISCARD/
 libc.a(*)
 libm.a(*)
 libgcc.a(*)

.ARM.attributes
                0x0000000000000000       0x30
 *(.ARM.attributes)
 .ARM.attributes
                0x0000000000000000       0x1e /usr/lib/gcc/arm-none-eabi/9.2.1/thumb/v7e-m+fp/hard/crti.o
 .ARM.attributes
                0x000000000000001e       0x34 /usr/lib/gcc/arm-none-eabi/9.2.1/thumb/v7e-m+fp/hard/crtbegin.o
 .ARM.attributes
                0x0000000000000052       0x34 build/main.o
 .ARM.attributes
                0x0000000000000086       0x34 build/gpio.o
 .ARM.attributes
                0x00000000000000ba       0x34 build/stm32f4xx_it.o
 .ARM.attributes
                0x00000000000000ee       0x34 build/stm32f4xx_hal_msp.o
 .ARM.attributes
                0x0000000000000122       0x34 build/stm32f4xx_board_conf.o
 .ARM.attributes
                0x0000000000000156       0x34 build/system_stm32f4xx.o
 .ARM.attributes
                0x000000000000018a       0x34 build/usart.o
 .ARM.attributes
                0x00000000000001be       0x34 build/crc16.o
 .ARM.attributes
                0x00000000000001f2       0x34 build/slip.o
 .ARM.attributes
                0x0000000000000226       0x34 build/serial_device.o
 .ARM.attributes
                0x000000000000025a       0x34 build/wimod_hci_layer.o
 .ARM.attributes
                0x000000000000028e       0x34 build/wimod_lorawan_api.o
 .ARM.attributes
                0x00000000000002c2       0x34 build/stm32f4xx_hal_uart.o
 .ARM.attributes
                0x00000000000002f6       0x34 build/stm32f4xx_hal_rcc.o
 .ARM.attributes
                0x000000000000032a       0x34 build/stm32f4xx_hal_gpio.o
 .ARM.attributes
                0x000000000000035e       0x34 build/stm32f4xx_hal_dma.o
 .ARM.attributes
                0x0000000000000392       0x34 build/stm32f4xx_hal_cortex.o
 .ARM.attributes
                0x00000000000003c6       0x34 build/stm32f4xx_hal.o
 .ARM.attributes
                0x00000000000003fa       0x21 build/startup_stm32f407xx.o
 .ARM.attributes
                0x000000000000041b       0x32 /usr/lib/gcc/arm-none-eabi/9.2.1/../../../arm-none-eabi/lib/thumb/v7e-m+fp/hard/libc_nano.a(lib_a-impure.o)
 .ARM.attributes
                0x000000000000044d       0x34 /usr/lib/gcc/arm-none-eabi/9.2.1/../../../arm-none-eabi/lib/thumb/v7e-m+fp/hard/libc_nano.a(lib_a-init.o)
 .ARM.attributes
                0x0000000000000481       0x1c /usr/lib/gcc/arm-none-eabi/9.2.1/../../../arm-none-eabi/lib/thumb/v7e-m+fp/hard/libc_nano.a(lib_a-memcpy.o)
 .ARM.attributes
                0x000000000000049d       0x34 /usr/lib/gcc/arm-none-eabi/9.2.1/../../../arm-none-eabi/lib/thumb/v7e-m+fp/hard/libc_nano.a(lib_a-memset.o)
 .ARM.attributes
                0x00000000000004d1       0x34 /usr/lib/gcc/arm-none-eabi/9.2.1/../../../arm-none-eabi/lib/thumb/v7e-m+fp/hard/libc_nano.a(lib_a-strchr.o)
 .ARM.attributes
                0x0000000000000505       0x1c /usr/lib/gcc/arm-none-eabi/9.2.1/../../../arm-none-eabi/lib/thumb/v7e-m+fp/hard/libc_nano.a(lib_a-strlen.o)
 .ARM.attributes
                0x0000000000000521       0x34 /usr/lib/gcc/arm-none-eabi/9.2.1/../../../arm-none-eabi/lib/thumb/v7e-m+fp/hard/libc_nano.a(lib_a-strtok.o)
 .ARM.attributes
                0x0000000000000555       0x34 /usr/lib/gcc/arm-none-eabi/9.2.1/../../../arm-none-eabi/lib/thumb/v7e-m+fp/hard/libc_nano.a(lib_a-strtok_r.o)
 .ARM.attributes
                0x0000000000000589       0x34 /usr/lib/gcc/arm-none-eabi/9.2.1/../../../arm-none-eabi/lib/thumb/v7e-m+fp/hard/libc_nano.a(lib_a-vsnprintf.o)
 .ARM.attributes
                0x00000000000005bd       0x34 /usr/lib/gcc/arm-none-eabi/9.2.1/../../../arm-none-eabi/lib/thumb/v7e-m+fp/hard/libc_nano.a(lib_a-assert.o)
 .ARM.attributes
                0x00000000000005f1       0x34 /usr/lib/gcc/arm-none-eabi/9.2.1/../../../arm-none-eabi/lib/thumb/v7e-m+fp/hard/libc_nano.a(lib_a-fprintf.o)
 .ARM.attributes
                0x0000000000000625       0x34 /usr/lib/gcc/arm-none-eabi/9.2.1/../../../arm-none-eabi/lib/thumb/v7e-m+fp/hard/libc_nano.a(lib_a-malloc.o)
 .ARM.attributes
                0x0000000000000659       0x34 /usr/lib/gcc/arm-none-eabi/9.2.1/../../../arm-none-eabi/lib/thumb/v7e-m+fp/hard/libc_nano.a(lib_a-nano-freer.o)
 .ARM.attributes
                0x000000000000068d       0x34 /usr/lib/gcc/arm-none-eabi/9.2.1/../../../arm-none-eabi/lib/thumb/v7e-m+fp/hard/libc_nano.a(lib_a-nano-mallocr.o)
 .ARM.attributes
                0x00000000000006c1       0x34 /usr/lib/gcc/arm-none-eabi/9.2.1/../../../arm-none-eabi/lib/thumb/v7e-m+fp/hard/libc_nano.a(lib_a-nano-svfprintf.o)
 .ARM.attributes
                0x00000000000006f5       0x34 /usr/lib/gcc/arm-none-eabi/9.2.1/../../../arm-none-eabi/lib/thumb/v7e-m+fp/hard/libc_nano.a(lib_a-nano-vfprintf.o)
 .ARM.attributes
                0x0000000000000729       0x34 /usr/lib/gcc/arm-none-eabi/9.2.1/../../../arm-none-eabi/lib/thumb/v7e-m+fp/hard/libc_nano.a(lib_a-nano-vfprintf_i.o)
 .ARM.attributes
                0x000000000000075d       0x34 /usr/lib/gcc/arm-none-eabi/9.2.1/../../../arm-none-eabi/lib/thumb/v7e-m+fp/hard/libc_nano.a(lib_a-sbrkr.o)
 .ARM.attributes
                0x0000000000000791       0x34 /usr/lib/gcc/arm-none-eabi/9.2.1/../../../arm-none-eabi/lib/thumb/v7e-m+fp/hard/libc_nano.a(lib_a-wbuf.o)
 .ARM.attributes
                0x00000000000007c5       0x34 /usr/lib/gcc/arm-none-eabi/9.2.1/../../../arm-none-eabi/lib/thumb/v7e-m+fp/hard/libc_nano.a(lib_a-wsetup.o)
 .ARM.attributes
                0x00000000000007f9       0x34 /usr/lib/gcc/arm-none-eabi/9.2.1/../../../arm-none-eabi/lib/thumb/v7e-m+fp/hard/libc_nano.a(lib_a-abort.o)
 .ARM.attributes
                0x000000000000082d       0x34 /usr/lib/gcc/arm-none-eabi/9.2.1/../../../arm-none-eabi/lib/thumb/v7e-m+fp/hard/libc_nano.a(lib_a-fflush.o)
 .ARM.attributes
                0x0000000000000861       0x34 /usr/lib/gcc/arm-none-eabi/9.2.1/../../../arm-none-eabi/lib/thumb/v7e-m+fp/hard/libc_nano.a(lib_a-findfp.o)
 .ARM.attributes
                0x0000000000000895       0x34 /usr/lib/gcc/arm-none-eabi/9.2.1/../../../arm-none-eabi/lib/thumb/v7e-m+fp/hard/libc_nano.a(lib_a-fvwrite.o)
 .ARM.attributes
                0x00000000000008c9       0x34 /usr/lib/gcc/arm-none-eabi/9.2.1/../../../arm-none-eabi/lib/thumb/v7e-m+fp/hard/libc_nano.a(lib_a-fwalk.o)
 .ARM.attributes
                0x00000000000008fd       0x34 /usr/lib/gcc/arm-none-eabi/9.2.1/../../../arm-none-eabi/lib/thumb/v7e-m+fp/hard/libc_nano.a(lib_a-makebuf.o)
 .ARM.attributes
                0x0000000000000931       0x1c /usr/lib/gcc/arm-none-eabi/9.2.1/../../../arm-none-eabi/lib/thumb/v7e-m+fp/hard/libc_nano.a(lib_a-memchr.o)
 .ARM.attributes
                0x000000000000094d       0x34 /usr/lib/gcc/arm-none-eabi/9.2.1/../../../arm-none-eabi/lib/thumb/v7e-m+fp/hard/libc_nano.a(lib_a-memmove.o)
 .ARM.attributes
                0x0000000000000981       0x34 /usr/lib/gcc/arm-none-eabi/9.2.1/../../../arm-none-eabi/lib/thumb/v7e-m+fp/hard/libc_nano.a(lib_a-mlock.o)
 .ARM.attributes
                0x00000000000009b5       0x34 /usr/lib/gcc/arm-none-eabi/9.2.1/../../../arm-none-eabi/lib/thumb/v7e-m+fp/hard/libc_nano.a(lib_a-nano-reallocr.o)
 .ARM.attributes
                0x00000000000009e9       0x34 /usr/lib/gcc/arm-none-eabi/9.2.1/../../../arm-none-eabi/lib/thumb/v7e-m+fp/hard/libc_nano.a(lib_a-reent.o)
 .ARM.attributes
                0x0000000000000a1d       0x34 /usr/lib/gcc/arm-none-eabi/9.2.1/../../../arm-none-eabi/lib/thumb/v7e-m+fp/hard/libc_nano.a(lib_a-signal.o)
 .ARM.attributes
                0x0000000000000a51       0x34 /usr/lib/gcc/arm-none-eabi/9.2.1/../../../arm-none-eabi/lib/thumb/v7e-m+fp/hard/libc_nano.a(lib_a-signalr.o)
 .ARM.attributes
                0x0000000000000a85       0x34 /usr/lib/gcc/arm-none-eabi/9.2.1/../../../arm-none-eabi/lib/thumb/v7e-m+fp/hard/libc_nano.a(lib_a-stdio.o)
 .ARM.attributes
                0x0000000000000ab9       0x34 /usr/lib/gcc/arm-none-eabi/9.2.1/../../../arm-none-eabi/lib/thumb/v7e-m+fp/hard/libc_nano.a(lib_a-writer.o)
 .ARM.attributes
                0x0000000000000aed       0x34 /usr/lib/gcc/arm-none-eabi/9.2.1/../../../arm-none-eabi/lib/thumb/v7e-m+fp/hard/libc_nano.a(lib_a-closer.o)
 .ARM.attributes
                0x0000000000000b21       0x34 /usr/lib/gcc/arm-none-eabi/9.2.1/../../../arm-none-eabi/lib/thumb/v7e-m+fp/hard/libc_nano.a(lib_a-fstatr.o)
 .ARM.attributes
                0x0000000000000b55       0x34 /usr/lib/gcc/arm-none-eabi/9.2.1/../../../arm-none-eabi/lib/thumb/v7e-m+fp/hard/libc_nano.a(lib_a-isattyr.o)
 .ARM.attributes
                0x0000000000000b89       0x34 /usr/lib/gcc/arm-none-eabi/9.2.1/../../../arm-none-eabi/lib/thumb/v7e-m+fp/hard/libc_nano.a(lib_a-lseekr.o)
 .ARM.attributes
                0x0000000000000bbd       0x34 /usr/lib/gcc/arm-none-eabi/9.2.1/../../../arm-none-eabi/lib/thumb/v7e-m+fp/hard/libc_nano.a(lib_a-nano-msizer.o)
 .ARM.attributes
                0x0000000000000bf1       0x34 /usr/lib/gcc/arm-none-eabi/9.2.1/../../../arm-none-eabi/lib/thumb/v7e-m+fp/hard/libc_nano.a(lib_a-readr.o)
 .ARM.attributes
                0x0000000000000c25       0x34 /usr/lib/gcc/arm-none-eabi/9.2.1/../../../arm-none-eabi/lib/thumb/v7e-m+fp/hard/libnosys.a(close.o)
 .ARM.attributes
                0x0000000000000c59       0x34 /usr/lib/gcc/arm-none-eabi/9.2.1/../../../arm-none-eabi/lib/thumb/v7e-m+fp/hard/libnosys.a(fstat.o)
 .ARM.attributes
                0x0000000000000c8d       0x34 /usr/lib/gcc/arm-none-eabi/9.2.1/../../../arm-none-eabi/lib/thumb/v7e-m+fp/hard/libnosys.a(getpid.o)
 .ARM.attributes
                0x0000000000000cc1       0x34 /usr/lib/gcc/arm-none-eabi/9.2.1/../../../arm-none-eabi/lib/thumb/v7e-m+fp/hard/libnosys.a(isatty.o)
 .ARM.attributes
                0x0000000000000cf5       0x34 /usr/lib/gcc/arm-none-eabi/9.2.1/../../../arm-none-eabi/lib/thumb/v7e-m+fp/hard/libnosys.a(kill.o)
 .ARM.attributes
                0x0000000000000d29       0x34 /usr/lib/gcc/arm-none-eabi/9.2.1/../../../arm-none-eabi/lib/thumb/v7e-m+fp/hard/libnosys.a(lseek.o)
 .ARM.attributes
                0x0000000000000d5d       0x34 /usr/lib/gcc/arm-none-eabi/9.2.1/../../../arm-none-eabi/lib/thumb/v7e-m+fp/hard/libnosys.a(read.o)
 .ARM.attributes
                0x0000000000000d91       0x34 /usr/lib/gcc/arm-none-eabi/9.2.1/../../../arm-none-eabi/lib/thumb/v7e-m+fp/hard/libnosys.a(sbrk.o)
 .ARM.attributes
                0x0000000000000dc5       0x34 /usr/lib/gcc/arm-none-eabi/9.2.1/../../../arm-none-eabi/lib/thumb/v7e-m+fp/hard/libnosys.a(write.o)
 .ARM.attributes
                0x0000000000000df9       0x34 /usr/lib/gcc/arm-none-eabi/9.2.1/../../../arm-none-eabi/lib/thumb/v7e-m+fp/hard/libnosys.a(_exit.o)
 .ARM.attributes
                0x0000000000000e2d       0x1e /usr/lib/gcc/arm-none-eabi/9.2.1/thumb/v7e-m+fp/hard/libgcc.a(_aeabi_uldivmod.o)
 .ARM.attributes
                0x0000000000000e4b       0x34 /usr/lib/gcc/arm-none-eabi/9.2.1/thumb/v7e-m+fp/hard/libgcc.a(_udivmoddi4.o)
 .ARM.attributes
                0x0000000000000e7f       0x1e /usr/lib/gcc/arm-none-eabi/9.2.1/thumb/v7e-m+fp/hard/libgcc.a(_dvmd_tls.o)
 .ARM.attributes
                0x0000000000000e9d       0x32 /usr/lib/gcc/arm-none-eabi/9.2.1/thumb/v7e-m+fp/hard/crtend.o
 .ARM.attributes
                0x0000000000000ecf       0x1e /usr/lib/gcc/arm-none-eabi/9.2.1/thumb/v7e-m+fp/hard/crtn.o
OUTPUT(build/STM32F4-iMAS923TH.elf elf32-littlearm)
LOAD linker stubs
LOAD /usr/lib/gcc/arm-none-eabi/9.2.1/../../../arm-none-eabi/lib/thumb/v7e-m+fp/hard/libc.a
LOAD /usr/lib/gcc/arm-none-eabi/9.2.1/../../../arm-none-eabi/lib/thumb/v7e-m+fp/hard/libm.a
LOAD /usr/lib/gcc/arm-none-eabi/9.2.1/thumb/v7e-m+fp/hard/libgcc.a

.comment        0x0000000000000000       0xa7
 .comment       0x0000000000000000       0x59 /usr/lib/gcc/arm-none-eabi/9.2.1/thumb/v7e-m+fp/hard/crtbegin.o
                                         0x5a (size before relaxing)
 .comment       0x0000000000000059       0x5a build/main.o
 .comment       0x0000000000000059       0x5a build/gpio.o
 .comment       0x0000000000000059       0x5a build/stm32f4xx_it.o
 .comment       0x0000000000000059       0x5a build/stm32f4xx_hal_msp.o
 .comment       0x0000000000000059       0x5a build/stm32f4xx_board_conf.o
 .comment       0x0000000000000059       0x5a build/system_stm32f4xx.o
 .comment       0x0000000000000059       0x5a build/usart.o
 .comment       0x0000000000000059       0x5a build/crc16.o
 .comment       0x0000000000000059       0x5a build/slip.o
 .comment       0x0000000000000059       0x5a build/serial_device.o
 .comment       0x0000000000000059       0x5a build/wimod_hci_layer.o
 .comment       0x0000000000000059       0x5a build/wimod_lorawan_api.o
 .comment       0x0000000000000059       0x5a build/stm32f4xx_hal_uart.o
 .comment       0x0000000000000059       0x5a build/stm32f4xx_hal_rcc.o
 .comment       0x0000000000000059       0x5a build/stm32f4xx_hal_gpio.o
 .comment       0x0000000000000059       0x5a build/stm32f4xx_hal_dma.o
 .comment       0x0000000000000059       0x5a build/stm32f4xx_hal_cortex.o
 .comment       0x0000000000000059       0x5a build/stm32f4xx_hal.o
 .comment       0x0000000000000059       0x4e /usr/lib/gcc/arm-none-eabi/9.2.1/../../../arm-none-eabi/lib/thumb/v7e-m+fp/hard/libc_nano.a(lib_a-impure.o)
                                         0x4f (size before relaxing)
 .comment       0x00000000000000a7       0x4f /usr/lib/gcc/arm-none-eabi/9.2.1/../../../arm-none-eabi/lib/thumb/v7e-m+fp/hard/libc_nano.a(lib_a-init.o)
 .comment       0x00000000000000a7       0x4f /usr/lib/gcc/arm-none-eabi/9.2.1/../../../arm-none-eabi/lib/thumb/v7e-m+fp/hard/libc_nano.a(lib_a-memset.o)
 .comment       0x00000000000000a7       0x4f /usr/lib/gcc/arm-none-eabi/9.2.1/../../../arm-none-eabi/lib/thumb/v7e-m+fp/hard/libc_nano.a(lib_a-strchr.o)
 .comment       0x00000000000000a7       0x4f /usr/lib/gcc/arm-none-eabi/9.2.1/../../../arm-none-eabi/lib/thumb/v7e-m+fp/hard/libc_nano.a(lib_a-strtok.o)
 .comment       0x00000000000000a7       0x4f /usr/lib/gcc/arm-none-eabi/9.2.1/../../../arm-none-eabi/lib/thumb/v7e-m+fp/hard/libc_nano.a(lib_a-strtok_r.o)
 .comment       0x00000000000000a7       0x4f /usr/lib/gcc/arm-none-eabi/9.2.1/../../../arm-none-eabi/lib/thumb/v7e-m+fp/hard/libc_nano.a(lib_a-vsnprintf.o)
 .comment       0x00000000000000a7       0x4f /usr/lib/gcc/arm-none-eabi/9.2.1/../../../arm-none-eabi/lib/thumb/v7e-m+fp/hard/libc_nano.a(lib_a-assert.o)
 .comment       0x00000000000000a7       0x4f /usr/lib/gcc/arm-none-eabi/9.2.1/../../../arm-none-eabi/lib/thumb/v7e-m+fp/hard/libc_nano.a(lib_a-fprintf.o)
 .comment       0x00000000000000a7       0x4f /usr/lib/gcc/arm-none-eabi/9.2.1/../../../arm-none-eabi/lib/thumb/v7e-m+fp/hard/libc_nano.a(lib_a-malloc.o)
 .comment       0x00000000000000a7       0x4f /usr/lib/gcc/arm-none-eabi/9.2.1/../../../arm-none-eabi/lib/thumb/v7e-m+fp/hard/libc_nano.a(lib_a-nano-freer.o)
 .comment       0x00000000000000a7       0x4f /usr/lib/gcc/arm-none-eabi/9.2.1/../../../arm-none-eabi/lib/thumb/v7e-m+fp/hard/libc_nano.a(lib_a-nano-mallocr.o)
 .comment       0x00000000000000a7       0x4f /usr/lib/gcc/arm-none-eabi/9.2.1/../../../arm-none-eabi/lib/thumb/v7e-m+fp/hard/libc_nano.a(lib_a-nano-svfprintf.o)
 .comment       0x00000000000000a7       0x4f /usr/lib/gcc/arm-none-eabi/9.2.1/../../../arm-none-eabi/lib/thumb/v7e-m+fp/hard/libc_nano.a(lib_a-nano-vfprintf.o)
 .comment       0x00000000000000a7       0x4f /usr/lib/gcc/arm-none-eabi/9.2.1/../../../arm-none-eabi/lib/thumb/v7e-m+fp/hard/libc_nano.a(lib_a-nano-vfprintf_i.o)
 .comment       0x00000000000000a7       0x4f /usr/lib/gcc/arm-none-eabi/9.2.1/../../../arm-none-eabi/lib/thumb/v7e-m+fp/hard/libc_nano.a(lib_a-sbrkr.o)
 .comment       0x00000000000000a7       0x4f /usr/lib/gcc/arm-none-eabi/9.2.1/../../../arm-none-eabi/lib/thumb/v7e-m+fp/hard/libc_nano.a(lib_a-wbuf.o)
 .comment       0x00000000000000a7       0x4f /usr/lib/gcc/arm-none-eabi/9.2.1/../../../arm-none-eabi/lib/thumb/v7e-m+fp/hard/libc_nano.a(lib_a-wsetup.o)
 .comment       0x00000000000000a7       0x4f /usr/lib/gcc/arm-none-eabi/9.2.1/../../../arm-none-eabi/lib/thumb/v7e-m+fp/hard/libc_nano.a(lib_a-abort.o)
 .comment       0x00000000000000a7       0x4f /usr/lib/gcc/arm-none-eabi/9.2.1/../../../arm-none-eabi/lib/thumb/v7e-m+fp/hard/libc_nano.a(lib_a-fflush.o)
 .comment       0x00000000000000a7       0x4f /usr/lib/gcc/arm-none-eabi/9.2.1/../../../arm-none-eabi/lib/thumb/v7e-m+fp/hard/libc_nano.a(lib_a-findfp.o)
 .comment       0x00000000000000a7       0x4f /usr/lib/gcc/arm-none-eabi/9.2.1/../../../arm-none-eabi/lib/thumb/v7e-m+fp/hard/libc_nano.a(lib_a-fvwrite.o)
 .comment       0x00000000000000a7       0x4f /usr/lib/gcc/arm-none-eabi/9.2.1/../../../arm-none-eabi/lib/thumb/v7e-m+fp/hard/libc_nano.a(lib_a-fwalk.o)
 .comment       0x00000000000000a7       0x4f /usr/lib/gcc/arm-none-eabi/9.2.1/../../../arm-none-eabi/lib/thumb/v7e-m+fp/hard/libc_nano.a(lib_a-makebuf.o)
 .comment       0x00000000000000a7       0x4f /usr/lib/gcc/arm-none-eabi/9.2.1/../../../arm-none-eabi/lib/thumb/v7e-m+fp/hard/libc_nano.a(lib_a-memmove.o)
 .comment       0x00000000000000a7       0x4f /usr/lib/gcc/arm-none-eabi/9.2.1/../../../arm-none-eabi/lib/thumb/v7e-m+fp/hard/libc_nano.a(lib_a-mlock.o)
 .comment       0x00000000000000a7       0x4f /usr/lib/gcc/arm-none-eabi/9.2.1/../../../arm-none-eabi/lib/thumb/v7e-m+fp/hard/libc_nano.a(lib_a-nano-reallocr.o)
 .comment       0x00000000000000a7       0x4f /usr/lib/gcc/arm-none-eabi/9.2.1/../../../arm-none-eabi/lib/thumb/v7e-m+fp/hard/libc_nano.a(lib_a-reent.o)
 .comment       0x00000000000000a7       0x4f /usr/lib/gcc/arm-none-eabi/9.2.1/../../../arm-none-eabi/lib/thumb/v7e-m+fp/hard/libc_nano.a(lib_a-signal.o)
 .comment       0x00000000000000a7       0x4f /usr/lib/gcc/arm-none-eabi/9.2.1/../../../arm-none-eabi/lib/thumb/v7e-m+fp/hard/libc_nano.a(lib_a-signalr.o)
 .comment       0x00000000000000a7       0x4f /usr/lib/gcc/arm-none-eabi/9.2.1/../../../arm-none-eabi/lib/thumb/v7e-m+fp/hard/libc_nano.a(lib_a-stdio.o)
 .comment       0x00000000000000a7       0x4f /usr/lib/gcc/arm-none-eabi/9.2.1/../../../arm-none-eabi/lib/thumb/v7e-m+fp/hard/libc_nano.a(lib_a-writer.o)
 .comment       0x00000000000000a7       0x4f /usr/lib/gcc/arm-none-eabi/9.2.1/../../../arm-none-eabi/lib/thumb/v7e-m+fp/hard/libc_nano.a(lib_a-closer.o)
 .comment       0x00000000000000a7       0x4f /usr/lib/gcc/arm-none-eabi/9.2.1/../../../arm-none-eabi/lib/thumb/v7e-m+fp/hard/libc_nano.a(lib_a-fstatr.o)
 .comment       0x00000000000000a7       0x4f /usr/lib/gcc/arm-none-eabi/9.2.1/../../../arm-none-eabi/lib/thumb/v7e-m+fp/hard/libc_nano.a(lib_a-isattyr.o)
 .comment       0x00000000000000a7       0x4f /usr/lib/gcc/arm-none-eabi/9.2.1/../../../arm-none-eabi/lib/thumb/v7e-m+fp/hard/libc_nano.a(lib_a-lseekr.o)
 .comment       0x00000000000000a7       0x4f /usr/lib/gcc/arm-none-eabi/9.2.1/../../../arm-none-eabi/lib/thumb/v7e-m+fp/hard/libc_nano.a(lib_a-nano-msizer.o)
 .comment       0x00000000000000a7       0x4f /usr/lib/gcc/arm-none-eabi/9.2.1/../../../arm-none-eabi/lib/thumb/v7e-m+fp/hard/libc_nano.a(lib_a-readr.o)
 .comment       0x00000000000000a7       0x4f /usr/lib/gcc/arm-none-eabi/9.2.1/../../../arm-none-eabi/lib/thumb/v7e-m+fp/hard/libnosys.a(close.o)
 .comment       0x00000000000000a7       0x4f /usr/lib/gcc/arm-none-eabi/9.2.1/../../../arm-none-eabi/lib/thumb/v7e-m+fp/hard/libnosys.a(fstat.o)
 .comment       0x00000000000000a7       0x4f /usr/lib/gcc/arm-none-eabi/9.2.1/../../../arm-none-eabi/lib/thumb/v7e-m+fp/hard/libnosys.a(getpid.o)
 .comment       0x00000000000000a7       0x4f /usr/lib/gcc/arm-none-eabi/9.2.1/../../../arm-none-eabi/lib/thumb/v7e-m+fp/hard/libnosys.a(isatty.o)
 .comment       0x00000000000000a7       0x4f /usr/lib/gcc/arm-none-eabi/9.2.1/../../../arm-none-eabi/lib/thumb/v7e-m+fp/hard/libnosys.a(kill.o)
 .comment       0x00000000000000a7       0x4f /usr/lib/gcc/arm-none-eabi/9.2.1/../../../arm-none-eabi/lib/thumb/v7e-m+fp/hard/libnosys.a(lseek.o)
 .comment       0x00000000000000a7       0x4f /usr/lib/gcc/arm-none-eabi/9.2.1/../../../arm-none-eabi/lib/thumb/v7e-m+fp/hard/libnosys.a(read.o)
 .comment       0x00000000000000a7       0x4f /usr/lib/gcc/arm-none-eabi/9.2.1/../../../arm-none-eabi/lib/thumb/v7e-m+fp/hard/libnosys.a(sbrk.o)
 .comment       0x00000000000000a7       0x4f /usr/lib/gcc/arm-none-eabi/9.2.1/../../../arm-none-eabi/lib/thumb/v7e-m+fp/hard/libnosys.a(write.o)
 .comment       0x00000000000000a7       0x4f /usr/lib/gcc/arm-none-eabi/9.2.1/../../../arm-none-eabi/lib/thumb/v7e-m+fp/hard/libnosys.a(_exit.o)
 .comment       0x00000000000000a7       0x5a /usr/lib/gcc/arm-none-eabi/9.2.1/thumb/v7e-m+fp/hard/libgcc.a(_udivmoddi4.o)
 .comment       0x00000000000000a7       0x5a /usr/lib/gcc/arm-none-eabi/9.2.1/thumb/v7e-m+fp/hard/crtend.o

.debug_info     0x0000000000000000    0x37f3d
 .debug_info    0x0000000000000000     0x112b build/main.o
 .debug_info    0x000000000000112b      0x806 build/gpio.o
 .debug_info    0x0000000000001931     0x11fa build/stm32f4xx_it.o
 .debug_info    0x0000000000002b2b     0x1898 build/stm32f4xx_hal_msp.o
 .debug_info    0x00000000000043c3     0x1672 build/stm32f4xx_board_conf.o
 .debug_info    0x0000000000005a35      0x618 build/system_stm32f4xx.o
 .debug_info    0x000000000000604d     0x1a85 build/usart.o
 .debug_info    0x0000000000007ad2      0x1a8 build/crc16.o
 .debug_info    0x0000000000007c7a      0x385 build/slip.o
 .debug_info    0x0000000000007fff     0x2077 build/serial_device.o
 .debug_info    0x000000000000a076     0x1507 build/wimod_hci_layer.o
 .debug_info    0x000000000000b57d     0x3eaa build/wimod_lorawan_api.o
 .debug_info    0x000000000000f427     0x1af5 build/stm32f4xx_hal_uart.o
 .debug_info    0x0000000000010f1c      0xc08 build/stm32f4xx_hal_rcc.o
 .debug_info    0x0000000000011b24      0x8e5 build/stm32f4xx_hal_gpio.o
 .debug_info    0x0000000000012409      0xc67 build/stm32f4xx_hal_dma.o
 .debug_info    0x0000000000013070     0x121a build/stm32f4xx_hal_cortex.o
 .debug_info    0x000000000001428a      0xb3a build/stm32f4xx_hal.o
 .debug_info    0x0000000000014dc4       0x22 build/startup_stm32f407xx.o
 .debug_info    0x0000000000014de6      0x92a /usr/lib/gcc/arm-none-eabi/9.2.1/../../../arm-none-eabi/lib/thumb/v7e-m+fp/hard/libc_nano.a(lib_a-impure.o)
 .debug_info    0x0000000000015710      0x11a /usr/lib/gcc/arm-none-eabi/9.2.1/../../../arm-none-eabi/lib/thumb/v7e-m+fp/hard/libc_nano.a(lib_a-init.o)
 .debug_info    0x000000000001582a       0x26 /usr/lib/gcc/arm-none-eabi/9.2.1/../../../arm-none-eabi/lib/thumb/v7e-m+fp/hard/libc_nano.a(lib_a-memcpy.o)
 .debug_info    0x0000000000015850      0xf21 /usr/lib/gcc/arm-none-eabi/9.2.1/../../../arm-none-eabi/lib/thumb/v7e-m+fp/hard/libc_nano.a(lib_a-memset.o)
 .debug_info    0x0000000000016771      0x9b9 /usr/lib/gcc/arm-none-eabi/9.2.1/../../../arm-none-eabi/lib/thumb/v7e-m+fp/hard/libc_nano.a(lib_a-strchr.o)
 .debug_info    0x000000000001712a       0x26 /usr/lib/gcc/arm-none-eabi/9.2.1/../../../arm-none-eabi/lib/thumb/v7e-m+fp/hard/libc_nano.a(lib_a-strlen.o)
 .debug_info    0x0000000000017150      0xa23 /usr/lib/gcc/arm-none-eabi/9.2.1/../../../arm-none-eabi/lib/thumb/v7e-m+fp/hard/libc_nano.a(lib_a-strtok.o)
 .debug_info    0x0000000000017b73      0xa30 /usr/lib/gcc/arm-none-eabi/9.2.1/../../../arm-none-eabi/lib/thumb/v7e-m+fp/hard/libc_nano.a(lib_a-strtok_r.o)
 .debug_info    0x00000000000185a3      0xceb /usr/lib/gcc/arm-none-eabi/9.2.1/../../../arm-none-eabi/lib/thumb/v7e-m+fp/hard/libc_nano.a(lib_a-vsnprintf.o)
 .debug_info    0x000000000001928e      0xa41 /usr/lib/gcc/arm-none-eabi/9.2.1/../../../arm-none-eabi/lib/thumb/v7e-m+fp/hard/libc_nano.a(lib_a-assert.o)
 .debug_info    0x0000000000019ccf      0xa7a /usr/lib/gcc/arm-none-eabi/9.2.1/../../../arm-none-eabi/lib/thumb/v7e-m+fp/hard/libc_nano.a(lib_a-fprintf.o)
 .debug_info    0x000000000001a749      0x9b6 /usr/lib/gcc/arm-none-eabi/9.2.1/../../../arm-none-eabi/lib/thumb/v7e-m+fp/hard/libc_nano.a(lib_a-malloc.o)
 .debug_info    0x000000000001b0ff      0xb85 /usr/lib/gcc/arm-none-eabi/9.2.1/../../../arm-none-eabi/lib/thumb/v7e-m+fp/hard/libc_nano.a(lib_a-nano-freer.o)
 .debug_info    0x000000000001bc84      0xc5a /usr/lib/gcc/arm-none-eabi/9.2.1/../../../arm-none-eabi/lib/thumb/v7e-m+fp/hard/libc_nano.a(lib_a-nano-mallocr.o)
 .debug_info    0x000000000001c8de     0x17e4 /usr/lib/gcc/arm-none-eabi/9.2.1/../../../arm-none-eabi/lib/thumb/v7e-m+fp/hard/libc_nano.a(lib_a-nano-svfprintf.o)
 .debug_info    0x000000000001e0c2     0x176a /usr/lib/gcc/arm-none-eabi/9.2.1/../../../arm-none-eabi/lib/thumb/v7e-m+fp/hard/libc_nano.a(lib_a-nano-vfprintf.o)
 .debug_info    0x000000000001f82c     0x1592 /usr/lib/gcc/arm-none-eabi/9.2.1/../../../arm-none-eabi/lib/thumb/v7e-m+fp/hard/libc_nano.a(lib_a-nano-vfprintf_i.o)
 .debug_info    0x0000000000020dbe      0x9fb /usr/lib/gcc/arm-none-eabi/9.2.1/../../../arm-none-eabi/lib/thumb/v7e-m+fp/hard/libc_nano.a(lib_a-sbrkr.o)
 .debug_info    0x00000000000217b9      0xc90 /usr/lib/gcc/arm-none-eabi/9.2.1/../../../arm-none-eabi/lib/thumb/v7e-m+fp/hard/libc_nano.a(lib_a-wbuf.o)
 .debug_info    0x0000000000022449      0xbfa /usr/lib/gcc/arm-none-eabi/9.2.1/../../../arm-none-eabi/lib/thumb/v7e-m+fp/hard/libc_nano.a(lib_a-wsetup.o)
 .debug_info    0x0000000000023043      0x9b5 /usr/lib/gcc/arm-none-eabi/9.2.1/../../../arm-none-eabi/lib/thumb/v7e-m+fp/hard/libc_nano.a(lib_a-abort.o)
 .debug_info    0x00000000000239f8      0xd73 /usr/lib/gcc/arm-none-eabi/9.2.1/../../../arm-none-eabi/lib/thumb/v7e-m+fp/hard/libc_nano.a(lib_a-fflush.o)
 .debug_info    0x000000000002476b     0x11a8 /usr/lib/gcc/arm-none-eabi/9.2.1/../../../arm-none-eabi/lib/thumb/v7e-m+fp/hard/libc_nano.a(lib_a-findfp.o)
 .debug_info    0x0000000000025913      0xeed /usr/lib/gcc/arm-none-eabi/9.2.1/../../../arm-none-eabi/lib/thumb/v7e-m+fp/hard/libc_nano.a(lib_a-fvwrite.o)
 .debug_info    0x0000000000026800      0xca4 /usr/lib/gcc/arm-none-eabi/9.2.1/../../../arm-none-eabi/lib/thumb/v7e-m+fp/hard/libc_nano.a(lib_a-fwalk.o)
 .debug_info    0x00000000000274a4      0xf68 /usr/lib/gcc/arm-none-eabi/9.2.1/../../../arm-none-eabi/lib/thumb/v7e-m+fp/hard/libc_nano.a(lib_a-makebuf.o)
 .debug_info    0x000000000002840c       0x26 /usr/lib/gcc/arm-none-eabi/9.2.1/../../../arm-none-eabi/lib/thumb/v7e-m+fp/hard/libc_nano.a(lib_a-memchr.o)
 .debug_info    0x0000000000028432      0xf2b /usr/lib/gcc/arm-none-eabi/9.2.1/../../../arm-none-eabi/lib/thumb/v7e-m+fp/hard/libc_nano.a(lib_a-memmove.o)
 .debug_info    0x000000000002935d      0x961 /usr/lib/gcc/arm-none-eabi/9.2.1/../../../arm-none-eabi/lib/thumb/v7e-m+fp/hard/libc_nano.a(lib_a-mlock.o)
 .debug_info    0x0000000000029cbe      0xb77 /usr/lib/gcc/arm-none-eabi/9.2.1/../../../arm-none-eabi/lib/thumb/v7e-m+fp/hard/libc_nano.a(lib_a-nano-reallocr.o)
 .debug_info    0x000000000002a835      0xb0f /usr/lib/gcc/arm-none-eabi/9.2.1/../../../arm-none-eabi/lib/thumb/v7e-m+fp/hard/libc_nano.a(lib_a-reent.o)
 .debug_info    0x000000000002b344      0xd5c /usr/lib/gcc/arm-none-eabi/9.2.1/../../../arm-none-eabi/lib/thumb/v7e-m+fp/hard/libc_nano.a(lib_a-signal.o)
 .debug_info    0x000000000002c0a0      0xa44 /usr/lib/gcc/arm-none-eabi/9.2.1/../../../arm-none-eabi/lib/thumb/v7e-m+fp/hard/libc_nano.a(lib_a-signalr.o)
 .debug_info    0x000000000002cae4      0xe67 /usr/lib/gcc/arm-none-eabi/9.2.1/../../../arm-none-eabi/lib/thumb/v7e-m+fp/hard/libc_nano.a(lib_a-stdio.o)
 .debug_info    0x000000000002d94b      0xa2c /usr/lib/gcc/arm-none-eabi/9.2.1/../../../arm-none-eabi/lib/thumb/v7e-m+fp/hard/libc_nano.a(lib_a-writer.o)
 .debug_info    0x000000000002e377      0x9d8 /usr/lib/gcc/arm-none-eabi/9.2.1/../../../arm-none-eabi/lib/thumb/v7e-m+fp/hard/libc_nano.a(lib_a-closer.o)
 .debug_info    0x000000000002ed4f      0xc24 /usr/lib/gcc/arm-none-eabi/9.2.1/../../../arm-none-eabi/lib/thumb/v7e-m+fp/hard/libc_nano.a(lib_a-fstatr.o)
 .debug_info    0x000000000002f973      0x9d8 /usr/lib/gcc/arm-none-eabi/9.2.1/../../../arm-none-eabi/lib/thumb/v7e-m+fp/hard/libc_nano.a(lib_a-isattyr.o)
 .debug_info    0x000000000003034b      0xa0d /usr/lib/gcc/arm-none-eabi/9.2.1/../../../arm-none-eabi/lib/thumb/v7e-m+fp/hard/libc_nano.a(lib_a-lseekr.o)
 .debug_info    0x0000000000030d58      0xaa6 /usr/lib/gcc/arm-none-eabi/9.2.1/../../../arm-none-eabi/lib/thumb/v7e-m+fp/hard/libc_nano.a(lib_a-nano-msizer.o)
 .debug_info    0x00000000000317fe      0xa25 /usr/lib/gcc/arm-none-eabi/9.2.1/../../../arm-none-eabi/lib/thumb/v7e-m+fp/hard/libc_nano.a(lib_a-readr.o)
 .debug_info    0x0000000000032223      0x96e /usr/lib/gcc/arm-none-eabi/9.2.1/../../../arm-none-eabi/lib/thumb/v7e-m+fp/hard/libnosys.a(close.o)