CayenneLpp.c:31:6:CayenneLppInit	0	static
CayenneLpp.c:36:6:CayenneLppReset	0	static
CayenneLpp.c:41:9:CayenneLppGetSize	0	static
CayenneLpp.c:46:10:CayenneLppGetBuffer	0	static
CayenneLpp.c:51:9:CayenneLppCopy	8	static
CayenneLpp.c:59:9:CayenneLppAddDigitalInput	4	static
CayenneLpp.c:72:9:CayenneLppAddDigitalOutput	4	static
CayenneLpp.c:86:9:CayenneLppAddAnalogInput	4	static
CayenneLpp.c:102:9:CayenneLppAddAnalogOutput	4	static
CayenneLpp.c:118:9:CayenneLppAddLuminosity	4	static
CayenneLpp.c:132:9:CayenneLppAddPresence	4	static
CayenneLpp.c:145:9:CayenneLppAddTemperature	4	static
CayenneLpp.c:160:9:CayenneLppAddRelativeHumidity	4	static
CayenneLpp.c:173:9:CayenneLppAddAccelerometer	12	static
CayenneLpp.c:195:9:CayenneLppAddBarometricPressure	4	static
CayenneLpp.c:211:9:CayenneLppAddGyrometer	12	static
CayenneLpp.c:233:9:CayenneLppAddGps	12	static
