LmHandlerMsgDisplay.c:91:6:PrintHexBuffer	24	static
LmHandlerMsgDisplay.c:113:6:DisplayNvmDataChange	8	static
LmHandlerMsgDisplay.c:127:6:DisplayNetworkParametersUpdate	16	static
LmHandlerMsgDisplay.c:149:6:DisplayMacMcpsRequestUpdate	16	static
LmHandlerMsgDisplay.c:189:6:DisplayMacMlmeRequestUpdate	16	static
LmHandlerMsgDisplay.c:236:6:DisplayJoinRequestUpdate	8	static
LmHandlerMsgDisplay.c:260:6:DisplayTxUpdate	48	static
LmHandlerMsgDisplay.c:345:6:DisplayRxUpdate	48	static
LmHandlerMsgDisplay.c:379:6:DisplayBeaconUpdate	8	static
LmHandlerMsgDisplay.c:416:6:DisplayClassUpdate	8	static
LmHandlerMsgDisplay.c:421:6:DisplayAppInfo	24	static
