RegionEU433.c:45:13:VerifyRfFreq	8	static
RegionEU433.c:60:20:GetTimeOnAir	32	static
RegionEU433.c:77:12:RegionEU433GetPhyParam	32	static
RegionEU433.c:273:6:RegionEU433SetBandTxDone	24	static
RegionEU433.c:279:6:RegionEU433InitDefaults	40	static
RegionEU433.c:336:6:RegionEU433Verify	8	static
RegionEU433.c:430:6:RegionEU433ChanMaskSet	8	static
RegionEU433.c:450:6:RegionEU433ComputeRxWindowParameters	32	static
RegionEU433.c:470:6:RegionEU433RxConfig	72	static
RegionEU433.c:516:6:RegionEU433TxConfig	88	static
RegionEU433.c:551:9:RegionEU433LinkAdrReq	96	static
RegionEU433.c:656:9:RegionEU433RxParamSetupReq	16	static
RegionEU433.c:734:8:RegionEU433TxParamSetupReq	0	static
RegionEU433.c:740:8:RegionEU433DlChannelReq	8	static
RegionEU433.c:765:8:RegionEU433AlternateDr	0	static
RegionEU433.c:770:17:RegionEU433NextChannel	112	static
RegionEU433.c:821:17:RegionEU433ChannelAdd	24	static
RegionEU433.c:880:6:RegionEU433ChannelsRemove	8	static
RegionEU433.c:371:6:RegionEU433ApplyCFList	40	static
RegionEU433.c:681:8:RegionEU433NewChannelReq	24	static
RegionEU433.c:895:9:RegionEU433ApplyDrOffset	0	static
RegionEU433.c:906:6:RegionEU433RxBeaconSetup	40	static
