RegionCommon.c:75:17:GetDutyCycle	8	static
RegionCommon.c:205:16:CountChannels	4	static
RegionCommon.c:108:17:SetMaxTimeCredits	64	static
RegionCommon.c:179:17:UpdateTimeCredits	24	static
RegionCommon.c:244:9:RegionCommonValueInRange	0	static
RegionCommon.c:219:6:RegionCommonChanVerifyDr	32	static
RegionCommon.c:253:6:RegionCommonChanDisable	4	static
RegionCommon.c:268:9:RegionCommonCountChannels	24	static
RegionCommon.c:285:6:RegionCommonChanMaskCopy	4	static
RegionCommon.c:296:6:RegionCommonSetBandTxDone	16	static
RegionCommon.c:314:13:RegionCommonUpdateBandTimeOff	72	static
RegionCommon.c:409:9:RegionCommonParseLinkAdrReq	0	static
RegionCommon.c:433:9:RegionCommonLinkAdrReqVerifyParams	56	static
RegionCommon.c:498:10:RegionCommonComputeSymbolTimeLoRa	0	static
RegionCommon.c:503:10:RegionCommonComputeSymbolTimeFsk	0	static
RegionCommon.c:508:6:RegionCommonComputeRxWindowParameters	8	static
RegionCommon.c:516:8:RegionCommonComputeTxPower	8	static
RegionCommon.c:525:6:RegionCommonRxBeaconSetup	56	static
RegionCommon.c:553:6:RegionCommonCountNbOfEnabledChannels	48	static
RegionCommon.c:596:17:RegionCommonIdentifyChannels	48	static
RegionCommon.c:640:8:RegionCommonGetNextLowerTxDr	24	static
RegionCommon.c:660:8:RegionCommonLimitTxPower	0	static
RegionCommon.c:666:10:RegionCommonGetBandwidth	0	static
