Region.c:524:6:RegionIsActive	0	static
Region.c:545:12:RegionGetPhyParam	16	static
Region.c:567:6:RegionSetBandTxDone	8	static
Region.c:588:6:RegionInitDefaults	8	static
Region.c:609:6:RegionVerify	8	static
Region.c:630:6:RegionApplyCFList	8	static
Region.c:651:6:RegionChanMaskSet	8	static
Region.c:672:6:RegionComputeRxWindowParameters	8	static
Region.c:693:6:RegionRxConfig	8	static
Region.c:714:6:RegionTxConfig	8	static
Region.c:735:9:RegionLinkAdrReq	16	static
Region.c:756:9:RegionRxParamSetupReq	8	static
Region.c:777:8:RegionNewChannelReq	8	static
Region.c:798:8:RegionTxParamSetupReq	8	static
Region.c:819:8:RegionDlChannelReq	8	static
Region.c:840:8:RegionAlternateDr	8	static
Region.c:861:17:RegionNextChannel	8	static
Region.c:882:17:RegionChannelAdd	8	static
Region.c:903:6:RegionChannelsRemove	8	static
Region.c:924:9:RegionApplyDrOffset	8	static
Region.c:945:6:RegionRxBeaconSetup	8	static
Region.c:966:11:RegionGetVersion	0	static
