RegionAS923.c:106:13:VerifyRfFreq	8	static
RegionAS923.c:121:20:GetTimeOnAir	32	static
RegionAS923.c:138:12:RegionAS923GetPhyParam	32	static
RegionAS923.c:355:6:RegionAS923SetBandTxDone	24	static
RegionAS923.c:361:6:RegionAS923InitDefaults	40	static
RegionAS923.c:420:6:RegionAS923Verify	8	static
RegionAS923.c:528:6:RegionAS923ChanMaskSet	8	static
RegionAS923.c:548:6:RegionAS923ComputeRxWindowParameters	32	static
RegionAS923.c:568:6:RegionAS923RxConfig	72	static
RegionAS923.c:614:6:RegionAS923TxConfig	88	static
RegionAS923.c:649:9:RegionAS923LinkAdrReq	96	static
RegionAS923.c:754:9:RegionAS923RxParamSetupReq	16	static
RegionAS923.c:832:8:RegionAS923TxParamSetupReq	0	static
RegionAS923.c:838:8:RegionAS923DlChannelReq	8	static
RegionAS923.c:863:8:RegionAS923AlternateDr	0	static
RegionAS923.c:869:17:RegionAS923NextChannel	112	static
RegionAS923.c:943:17:RegionAS923ChannelAdd	24	static
RegionAS923.c:1002:6:RegionAS923ChannelsRemove	8	static
RegionAS923.c:469:6:RegionAS923ApplyCFList	40	static
RegionAS923.c:779:8:RegionAS923NewChannelReq	24	static
RegionAS923.c:1017:9:RegionAS923ApplyDrOffset	0	static
RegionAS923.c:1036:6:RegionAS923RxBeaconSetup	40	static
