gpio.c:40:6:MX_GPIO_Init	80	static
gpio.c:221:6:GpioSetContext	0	static
gpio.c:226:6:GpioSetInterrupt	40	static
gpio.c:364:6:GpioRemoveInterrupt	32	static
gpio.c:386:6:GpioWrite	8	static
gpio.c:127:6:GpioInit	56	static
gpio.c:410:6:GpioToggle	8	static
gpio.c:435:10:GpioRead	8	static
gpio.c:461:6:EXTI0_IRQHandler	8	static
gpio.c:466:6:EXTI1_IRQHandler	8	static
gpio.c:471:6:EXTI2_IRQHandler	8	static
gpio.c:476:6:EXTI3_IRQHandler	8	static
gpio.c:481:6:EXTI4_IRQHandler	8	static
gpio.c:486:6:EXTI5_IRQHandler	8	static
gpio.c:491:6:EXTI6_IRQHandler	8	static
gpio.c:496:6:EXTI7_IRQHandler	8	static
gpio.c:501:6:EXTI8_IRQHandler	8	static
gpio.c:506:6:EXTI9_IRQHandler	8	static
gpio.c:511:6:EXTI10_IRQHandler	8	static
gpio.c:516:6:EXTI11_IRQHandler	8	static
gpio.c:521:6:EXTI12_IRQHandler	8	static
gpio.c:526:6:EXTI13_IRQHandler	8	static
gpio.c:531:6:EXTI14_IRQHandler	8	static
gpio.c:536:6:EXTI15_IRQHandler	8	static
gpio.c:541:6:HAL_GPIO_EXTI_Callback	8	static
