lpm-board.c:33:6:LpmSetOffMode	0	static,ignoring_inline_asm
lpm-board.c:59:6:LpmSetStopMode	0	static,ignoring_inline_asm
lpm-board.c:117:14:LpmGetMode	0	static,ignoring_inline_asm
lpm-board.c:143:13:LpmEnterSleepMode	8	static
lpm-board.c:148:13:LpmExitSleepMode	0	static,ignoring_inline_asm
lpm-board.c:159:13:LpmEnterStopMode	8	static,ignoring_inline_asm
lpm-board.c:171:13:LpmExitStopMode	0	static
lpm-board.c:175:13:LpmEnterOffMode	0	static
lpm-board.c:179:13:LpmExitOffMode	0	static
lpm-board.c:85:6:LpmEnterLowPower	8	static
