main.c:497:13:OnMacProcessNotify	0	static
main.c:601:13:OnSysTimeUpdate	0	static
main.c:688:13:OnTxFrameCtrlChanged	0	static
main.c:693:13:OnPingSlotPeriodicityChanged	0	static
main.c:678:13:OnTxPeriodicityChanged	8	static
main.c:701:13:OnTxTimerEvent	8	static
main.c:644:13:StartTxProcess	8	static
main.c:576:13:OnBeaconStatusChange	8	static
main.c:562:13:OnClassChange	16	static
main.c:540:13:OnRxData	8	static
main.c:756:13:OnLedBeaconTimerEvent	8	static
main.c:730:13:OnLed2TimerEvent	8	static
main.c:535:13:OnTxData	8	static
main.c:522:13:OnJoinRequest	8	static
main.c:517:13:OnMacMlmeRequest	8	static
main.c:512:13:OnMacMcpsRequest	8	static
main.c:507:13:OnNetworkParametersChange	8	static
main.c:502:13:OnNvmDataChange	8	static
main.c:715:13:OnLed1TimerEvent	8	static
main.c:615:13:PrepareTxFrame	16	static
main.c:665:13:UplinkProcess	8	static,ignoring_inline_asm
main.c:306:5:main	40	static,ignoring_inline_asm
main.c:774:6:HAL_TIM_PeriodElapsedCallback	8	static
main.c:791:6:Error_Handler	8	static,ignoring_inline_asm
main.c:474:6:SecureFault_Callback	8	static
main.c:489:6:SecureError_Callback	8	static
