rtc.c:609:17:RtcGetCalendarValue	24	static
rtc.c:41:6:MX_RTC_Init	48	static
rtc.c:114:6:HAL_RTC_MspInit	160	static
rtc.c:145:6:HAL_RTC_MspDeInit	8	static
rtc.c:340:10:RtcSetTimerContext	8	static
rtc.c:286:6:RtcInit	40	static
rtc.c:352:10:RtcGetTimerContext	0	static
rtc.c:362:10:RtcGetMinimumTimeout	0	static
rtc.c:373:10:RtcMs2Tick	8	static
rtc.c:384:10:RtcTick2Ms	0	static
rtc.c:439:6:RtcStopAlarm	8	static
rtc.c:451:6:RtcStartAlarm	48	static
rtc.c:554:10:RtcGetTimerValue	32	static
rtc.c:397:6:RtcDelayMs	32	static,ignoring_inline_asm
rtc.c:564:10:RtcGetTimerElapsedTime	32	static
rtc.c:418:6:RtcSetAlarm	16	static
rtc.c:574:6:RtcSetMcuWakeUpTime	40	static
rtc.c:604:9:RtcGetMcuWakeUpTime	0	static
rtc.c:645:10:RtcGetCalendarTime	40	static
rtc.c:694:6:HAL_RTC_AlarmAEventCallback	8	static
rtc.c:665:6:RTC_Alarm_IRQHandler	8	static
rtc.c:699:6:RtcBkupWrite	16	static
rtc.c:705:6:RtcBkupRead	16	static
rtc.c:711:6:RtcProcess	0	static
rtc.c:716:13:RtcTempCompensation	16	static
