LoRaMacCommands.c:85:13:IsSlotFree	0	static
LoRaMacCommands.c:104:22:MallocNewMacCommandSlot	16	static
LoRaMacCommands.c:147:13:LinkedListInit	0	static
LoRaMacCommands.c:167:13:LinkedListAdd	0	static
LoRaMacCommands.c:202:22:LinkedListGetPrevious	0	static
LoRaMacCommands.c:238:13:LinkedListRemove	16	static
LoRaMacCommands.c:274:13:IsSticky	0	static
LoRaMacCommands.c:127:13:FreeMacCommandSlot	8	static
LoRaMacCommands.c:292:24:LoRaMacCommandsInit	8	static
LoRaMacCommands.c:302:24:LoRaMacCommandsAddCmd	24	static
LoRaMacCommands.c:335:24:LoRaMacCommandsRemoveCmd	8	static
LoRaMacCommands.c:359:24:LoRaMacCommandsGetCmd	0	static
LoRaMacCommands.c:383:24:LoRaMacCommandsRemoveNoneStickyCmds	8	static
LoRaMacCommands.c:409:24:LoRaMacCommandsRemoveStickyAnsCmds	16	static
LoRaMacCommands.c:431:24:LoRaMacCommandsGetSizeSerializedCmds	0	static
LoRaMacCommands.c:441:24:LoRaMacCommandsSerializeCmds	24	static
LoRaMacCommands.c:484:24:LoRaMacCommandsStickyCmdsPending	0	static
LoRaMacCommands.c:510:9:LoRaMacCommandsGetCmdSize	0	static
