LoRaMacCrypto.c:274:30:PrepareB0	12	static
LoRaMacCrypto.c:421:30:PrepareB1	12	static
LoRaMacCrypto.c:511:30:GetKeyAddrItem	4	static
LoRaMacCrypto.c:673:30:GetLastFcntDown	0	static
LoRaMacCrypto.c:727:13:CheckFCntDown	16	static
LoRaMacCrypto.c:754:13:UpdateFCntDown	0	static
LoRaMacCrypto.c:795:13:ResetFCnts	0	static
LoRaMacCrypto.c:480:30:ComputeCmacB1	56	static
LoRaMacCrypto.c:336:30:ComputeCmacB0	56	static
LoRaMacCrypto.c:633:30:DeriveLifeTimeSessionKey	24	static
LoRaMacCrypto.c:580:30:DeriveSessionKey11x	40	static
LoRaMacCrypto.c:533:30:DeriveSessionKey10x	24	static
LoRaMacCrypto.c:132:30:PayloadEncrypt	56	static
LoRaMacCrypto.c:190:30:FOptsEncrypt	56	static
LoRaMacCrypto.c:372:30:VerifyCmacB0	312	static
LoRaMacCrypto.c:812:23:LoRaMacCryptoInit	8	static
LoRaMacCrypto.c:837:23:LoRaMacCryptoSetLrWanVersion	0	static
LoRaMacCrypto.c:843:23:LoRaMacCryptoGetFCntUp	0	static
LoRaMacCrypto.c:855:23:LoRaMacCryptoGetFCntDown	24	static
LoRaMacCrypto.c:901:23:LoRaMacCryptoGetRJcount	0	static
LoRaMacCrypto.c:922:23:LoRaMacCryptoSetMulticastReference	4	static
LoRaMacCrypto.c:958:23:LoRaMacCryptoPrepareJoinRequest	24	static
LoRaMacCrypto.c:1010:23:LoRaMacCryptoPrepareReJoinType1	16	static
LoRaMacCrypto.c:1048:23:LoRaMacCryptoPrepareReJoinType0or2	16	static
LoRaMacCrypto.c:1253:23:LoRaMacCryptoSecureMessage	56	static
LoRaMacCrypto.c:1347:23:LoRaMacCryptoUnsecureMessage	56	static
LoRaMacCrypto.c:1433:23:LoRaMacCryptoDeriveMcRootKey	24	static
LoRaMacCrypto.c:1454:23:LoRaMacCryptoDeriveMcKEKey	24	static
LoRaMacCrypto.c:937:23:LoRaMacCryptoSetKey	8	static
LoRaMacCrypto.c:1087:23:LoRaMacCryptoHandleJoinAccept	80	static
LoRaMacCrypto.c:1471:23:LoRaMacCryptoDeriveMcSessionKeyPair	48	static
