LoRaMac.c:769:13:OnRadioTxTimeout	8	static
LoRaMac.c:779:13:OnRadioRxError	8	static
LoRaMac.c:789:13:OnRadioRxTimeout	8	static
LoRaMac.c:799:13:UpdateRxSlotIdleState	0	static
LoRaMac.c:1483:13:LoRaMacEnableRequests	0	static
LoRaMac.c:1547:13:LoRaMacHandleIndicationEvents	48	static
LoRaMac.c:1655:13:CheckForMinimumAbpDatarate	0	static
LoRaMac.c:1666:13:LoRaMacCheckForRxAbort	0	static
LoRaMac.c:2044:13:SetMlmeScheduleUplinkIndication	0	static
LoRaMac.c:2981:13:CalculateBackOff	0	static
LoRaMac.c:3092:13:IsReJoin0Required	0	static
LoRaMac.c:3325:19:GetNvmData	0	static
LoRaMac.c:3459:13:CheckRetrans	0	static
LoRaMac.c:3468:13:CheckRetransUnconfirmedUplink	8	static
LoRaMac.c:3490:13:CheckRetransConfirmedUplink	8	static
LoRaMac.c:3509:17:IncreaseAdrAckCounter	0	static
LoRaMac.c:3566:13:CallNvmDataChangeCallback	8	static
LoRaMac.c:3574:16:IsRequestPending	0	static
LoRaMac.c:5258:13:ConvertRejoinCycleTime	0	static
LoRaMac.c:2012:16:GetMaxAppPayloadWithoutFOptsLength	24	static
LoRaMac.c:2026:13:ValidatePayloadLength	16	static
LoRaMac.c:811:13:ProcessRadioTxDone	80	static
LoRaMac.c:1854:13:OnRetransmitTimeoutTimerEvent	8	static
LoRaMac.c:857:13:PrepareRxDoneAbort	8	static
LoRaMac.c:1641:16:LoRaMacCheckForBeaconAcquisition	8	static
LoRaMac.c:1868:30:GetFCntDown	16	static
LoRaMac.c:2993:13:RemoveMacCommands	8	static
LoRaMac.c:3518:13:StopRetransmission	16	static
LoRaMac.c:1350:13:ProcessRadioTxTimeout	8	static
LoRaMac.c:2748:24:CheckForClassBCollision	8	static
LoRaMac.c:1367:13:HandleRadioRxErrorTimeout	24	static
LoRaMac.c:1428:13:ProcessRadioRxError	8	static
LoRaMac.c:1433:13:ProcessRadioRxTimeout	8	static
LoRaMac.c:1621:13:LoRaMacHandleMlmeRequest	8	static
LoRaMac.c:2817:24:SerializeTxFrame	8	static
LoRaMac.c:2769:13:ComputeRxWindowParameters	24	static
LoRaMac.c:2798:24:VerifyTxFrame	16	static
LoRaMac.c:1488:13:LoRaMacHandleRequestEvents	16	static
LoRaMac.c:1532:13:LoRaMacHandleScheduleUplinkEvent	16	static
LoRaMac.c:1676:13:LoRaMacHandleNvm	16	static
LoRaMac.c:3330:17:RestoreNvmData	16	static
LoRaMac.c:3125:13:OpenContinuousRxCWindow	24	static
LoRaMac.c:3111:13:RxWindowSetup	8	static
LoRaMac.c:1836:13:OnRxWindow2TimerEvent	8	static
LoRaMac.c:1824:13:OnRxWindow1TimerEvent	8	static
LoRaMac.c:1916:24:SwitchClass	24	static
LoRaMac.c:2923:24:SecureFrame	24	static
LoRaMac.c:753:13:OnRadioRxDone	24	static
LoRaMac.c:740:13:OnRadioTxDone	24	static
LoRaMac.c:3014:13:ResetMacParameters	80	static
LoRaMac.c:1472:6:LoRaMacIsBusy	0	static
LoRaMac.c:3148:17:PrepareFrame	40	static
LoRaMac.c:3253:17:SendFrameOnChannel	40	static
LoRaMac.c:2847:24:ScheduleTx	72	static
LoRaMac.c:1788:13:OnTxDelayedTimerEvent	8	static
LoRaMac.c:2566:17:Send	72	static
LoRaMac.c:2653:17:SendReJoinReq	16	static
LoRaMac.c:2049:13:ProcessMacCommands	104	static
LoRaMac.c:1574:13:LoRaMacHandleMcpsRequest	8	static
LoRaMac.c:5305:13:OnForceRejoinReqCycleTimerEvent	8	static
LoRaMac.c:5294:13:OnRejoin2CycleTimerEvent	16	static
LoRaMac.c:5283:13:OnRejoin1CycleTimerEvent	16	static
LoRaMac.c:5272:13:OnRejoin0CycleTimerEvent	16	static
LoRaMac.c:3316:17:SetTxContinuousWave	8	static
LoRaMac.c:3407:17:DetermineFrameType	0	static
LoRaMac.c:872:13:ProcessRadioRxDone	168	static
LoRaMac.c:1438:13:LoRaMacHandleIrqEvents	8	static,ignoring_inline_asm
LoRaMac.c:1752:6:LoRaMacProcess	8	static
LoRaMac.c:3585:17:LoRaMacInitialization	72	static
LoRaMac.c:3786:17:LoRaMacStart	0	static
LoRaMac.c:3792:17:LoRaMacStop	8	static
LoRaMac.c:3806:17:LoRaMacQueryTxPossible	56	static
LoRaMac.c:3865:17:LoRaMacMibGetRequestConfirm	24	static
LoRaMac.c:4086:17:LoRaMacMibSetRequestConfirm	32	static
LoRaMac.c:4757:17:LoRaMacChannelAdd	32	static
LoRaMac.c:4775:17:LoRaMacChannelRemove	16	static
LoRaMac.c:4796:17:LoRaMacMcChannelSetup	24	static
LoRaMac.c:4848:17:LoRaMacMcChannelDelete	48	static
LoRaMac.c:4870:9:LoRaMacMcChannelGetGroupId	0	static
LoRaMac.c:4882:17:LoRaMacMcChannelSetupRxParams	32	static
LoRaMac.c:4943:17:LoRaMacMlmeRequest	40	static
LoRaMac.c:5129:17:LoRaMacMcpsRequest	88	static
LoRaMac.c:5325:6:LoRaMacTestSetDutyCycleOn	16	static
LoRaMac.c:5337:17:LoRaMacDeInitialization	16	static
