LmHandler.c:963:13:LmHandlerPackagesNotify	16	static
LmHandler.c:692:13:McpsConfirm	8	static
LmHandler.c:508:31:LmHandlerDeviceTimeReq	32	static
LmHandler.c:839:13:MlmeIndication	56	static
LmHandler.c:529:31:LmHandlerBeaconReq	32	static
LmHandler.c:406:13:LmHandlerJoinRequest	32	static
LmHandler.c:230:24:LmHandlerInit	56	static
LmHandler.c:394:13:LmHandlerGetDutyCycleWaitTime	0	static
LmHandler.c:430:6:LmHandlerJoin	8	static
LmHandler.c:435:23:LmHandlerJoinStatus	48	static
LmHandler.c:325:6:LmHandlerIsBusy	16	static
LmHandler.c:460:24:LmHandlerSend	40	static
LmHandler.c:550:24:LmHandlerPingSlotReq	40	static
LmHandler.c:580:24:LmHandlerRequestClass	48	static
LmHandler.c:648:15:LmHandlerGetCurrentClass	48	static
LmHandler.c:707:13:McpsIndication	16	static
LmHandler.c:658:8:LmHandlerGetCurrentDatarate	48	static
LmHandler.c:752:13:MlmeConfirm	56	static
LmHandler.c:668:17:LmHandlerGetActiveRegion	0	static
LmHandler.c:673:24:LmHandlerSetSystemMaxRxError	48	static
LmHandler.c:907:24:LmHandlerPackageRegister	16	static
LmHandler.c:951:6:LmHandlerPackageIsInitialized	8	static
LmHandler.c:1008:13:LmHandlerPackagesProcess	16	static
LmHandler.c:352:6:LmHandlerProcess	16	static
