stm32l552e_eval.c:1462:13:UART_MspDeInit	40	static
stm32l552e_eval.c:1412:13:UART_MspInit	96	static
stm32l552e_eval.c:172:9:BSP_GetVersion	0	static
stm32l552e_eval.c:181:16:BSP_GetBoardName	0	static
stm32l552e_eval.c:190:16:BSP_GetBoardID	0	static
stm32l552e_eval.c:209:9:BSP_LED_Init	48	static
stm32l552e_eval.c:267:9:BSP_LED_DeInit	16	static
stm32l552e_eval.c:312:9:BSP_LED_On	8	static
stm32l552e_eval.c:340:9:BSP_LED_Off	8	static
stm32l552e_eval.c:368:9:BSP_LED_Toggle	8	static
stm32l552e_eval.c:396:9:BSP_LED_GetState	8	static
stm32l552e_eval.c:449:9:BSP_PB_Init	56	static
stm32l552e_eval.c:515:9:BSP_PB_DeInit	8	static
stm32l552e_eval.c:534:9:BSP_PB_GetState	8	static
stm32l552e_eval.c:548:13:BSP_PB_Callback	0	static
stm32l552e_eval.c:1305:13:BUTTON_WAKEUP_EXTI_Callback	8	static
stm32l552e_eval.c:565:6:BSP_PB_IRQHandler	8	static
stm32l552e_eval.c:641:9:BSP_COM_DeInit	8	static
stm32l552e_eval.c:668:9:BSP_COM_SelectLogPort	0	static
stm32l552e_eval.c:680:5:__io_putchar	16	static
stm32l552e_eval.c:758:26:MX_LPUART1_Init	8	static
stm32l552e_eval.c:780:26:MX_USART3_Init	8	static
stm32l552e_eval.c:587:9:BSP_COM_Init	16	static
stm32l552e_eval.c:1534:6:BoardCriticalSectionBegin	0	static,ignoring_inline_asm
stm32l552e_eval.c:1540:6:BoardCriticalSectionEnd	0	static,ignoring_inline_asm
stm32l552e_eval.c:1586:10:BoardBatteryMeasureVolage	8	static
stm32l552e_eval.c:1603:10:BoardGetBatteryVoltage	0	static
stm32l552e_eval.c:1640:9:GetBoardPowerSource	0	static
stm32l552e_eval.c:1608:9:BoardGetBatteryLevel	8	static
stm32l552e_eval.c:1652:10:BoardGetRandomSeed	0	static
stm32l552e_eval.c:1657:6:BoardGetUniqueId	4	static
stm32l552e_eval.c:1673:6:BoardLowPowerHandler	8	static,ignoring_inline_asm
stm32l552e_eval.c:1689:6:BoardResetMcu	0	static,ignoring_inline_asm
