stm32l552e_eval_bus.c:655:13:I2C_Compute_PRESC_SCLDEL_SDADEL	36	static
stm32l552e_eval_bus.c:736:17:I2C_Compute_SCLL_SCLH	72	static
stm32l552e_eval_bus.c:617:17:I2C_GetTiming	16	static
stm32l552e_eval_bus.c:536:16:I2C1_WriteReg	24	static
stm32l552e_eval_bus.c:578:16:I2C1_ReadReg	24	static
stm32l552e_eval_bus.c:510:13:I2C1_MspDeInit	8	static
stm32l552e_eval_bus.c:467:14:I2C1_MspInit	48	static
stm32l552e_eval_bus.c:240:9:BSP_I2C1_DeInit	8	static
stm32l552e_eval_bus.c:276:26:MX_I2C1_Init	8	static
stm32l552e_eval_bus.c:323:9:BSP_I2C1_WriteReg	16	static
stm32l552e_eval_bus.c:336:9:BSP_I2C1_ReadReg	16	static
stm32l552e_eval_bus.c:349:9:BSP_I2C1_WriteReg16	16	static
stm32l552e_eval_bus.c:362:9:BSP_I2C1_ReadReg16	16	static
stm32l552e_eval_bus.c:373:9:BSP_I2C1_IsReady	8	static
stm32l552e_eval_bus.c:389:9:BSP_GetTick	8	static
stm32l552e_eval_bus.c:401:9:BSP_I2C1_RegisterDefaultMspCallbacks	8	static
stm32l552e_eval_bus.c:185:9:BSP_I2C1_Init	8	static
stm32l552e_eval_bus.c:430:9:BSP_I2C1_RegisterMspCallbacks	8	static
