FragDecoder.c:495:13:SetRow	8	static
FragDecoder.c:503:13:GetRow	8	static
FragDecoder.c:522:16:GetParity	0	static
FragDecoder.c:530:13:SetParity	4	static
FragDecoder.c:537:13:IsPowerOfTwo	0	static
FragDecoder.c:552:13:XorDataLine	8	static
FragDecoder.c:560:13:XorParityLine	32	static
FragDecoder.c:568:16:FragPrbs23	0	static
FragDecoder.c:575:13:FragGetParityMatrixRow	24	static
FragDecoder.c:609:17:BitArrayFindFirstOne	16	static
FragDecoder.c:621:16:BitArrayIsAllZeros	16	static
FragDecoder.c:639:13:FragFindMissingFrags	4	static
FragDecoder.c:670:17:FragFindMissingIndex	0	static
FragDecoder.c:689:13:FragExtractLineFromBinaryMatrix	32	static
FragDecoder.c:728:13:FragPushLineToBinaryMatrix	24	static
FragDecoder.c:243:6:FragDecoderInit	24	static
FragDecoder.c:295:10:FragDecoderGetMaxFileSize	0	static
FragDecoder.c:301:9:FragDecoderProcess	96	static
FragDecoder.c:483:21:FragDecoderGetStatus	0	static
