LmhpCompliance.c:226:13:LmhpComplianceIsInitialized	0	static
LmhpCompliance.c:231:13:LmhpComplianceIsTxPending	0	static
LmhpCompliance.c:552:13:SendBeaconRxStatusInd	12	static
LmhpCompliance.c:517:13:LmhpComplianceOnMlmeIndication	16	static
LmhpCompliance.c:494:13:LmhpComplianceOnMlmeConfirm	8	static
LmhpCompliance.c:206:13:LmhpComplianceInit	16	static
LmhpCompliance.c:271:13:LmhpComplianceOnMcpsIndication	104	static
LmhpCompliance.c:236:13:LmhpComplianceProcess	24	static
LmhpCompliance.c:201:15:LmphCompliancePackageFactory	0	static
